Archive member included to satisfy reference by file (symbol)

/usr/lib/gcc/arm-none-eabi/12.1.0/thumb/v6-m/nofp/libgcc.a(_dvmd_tls.o)
                              CMakeFiles/Halloween-Laser.dir/home/aidancrowther/Documents/Projects/pico/pico-sdk/src/rp2_common/pico_divider/divider.S.obj (__aeabi_idiv0)
/usr/lib/gcc/arm-none-eabi/12.1.0/../../../../arm-none-eabi/lib/thumb/v6-m/nofp/libc.a(lib_a-atexit.o)
                              /usr/lib/gcc/arm-none-eabi/12.1.0/../../../../arm-none-eabi/lib/thumb/v6-m/nofp/crt0.o (atexit)
/usr/lib/gcc/arm-none-eabi/12.1.0/../../../../arm-none-eabi/lib/thumb/v6-m/nofp/libc.a(lib_a-calloc.o)
                              CMakeFiles/Halloween-Laser.dir/home/aidancrowther/Documents/Projects/pico/pico-sdk/src/rp2_common/pico_malloc/pico_malloc.c.obj (calloc)
/usr/lib/gcc/arm-none-eabi/12.1.0/../../../../arm-none-eabi/lib/thumb/v6-m/nofp/libc.a(lib_a-callocr.o)
                              /usr/lib/gcc/arm-none-eabi/12.1.0/../../../../arm-none-eabi/lib/thumb/v6-m/nofp/libc.a(lib_a-calloc.o) (_calloc_r)
/usr/lib/gcc/arm-none-eabi/12.1.0/../../../../arm-none-eabi/lib/thumb/v6-m/nofp/libc.a(lib_a-errno.o)
                              /usr/lib/gcc/arm-none-eabi/12.1.0/../../../../arm-none-eabi/lib/thumb/v6-m/nofp/libc.a(lib_a-callocr.o) (__errno)
/usr/lib/gcc/arm-none-eabi/12.1.0/../../../../arm-none-eabi/lib/thumb/v6-m/nofp/libc.a(lib_a-fini.o)
                              /usr/lib/gcc/arm-none-eabi/12.1.0/../../../../arm-none-eabi/lib/thumb/v6-m/nofp/crt0.o (__libc_fini_array)
/usr/lib/gcc/arm-none-eabi/12.1.0/../../../../arm-none-eabi/lib/thumb/v6-m/nofp/libc.a(lib_a-getchar.o)
                              CMakeFiles/Halloween-Laser.dir/Halloween-Laser.c.obj (getchar)
/usr/lib/gcc/arm-none-eabi/12.1.0/../../../../arm-none-eabi/lib/thumb/v6-m/nofp/libc.a(lib_a-getc.o)
                              /usr/lib/gcc/arm-none-eabi/12.1.0/../../../../arm-none-eabi/lib/thumb/v6-m/nofp/libc.a(lib_a-getchar.o) (_getc_r)
/usr/lib/gcc/arm-none-eabi/12.1.0/../../../../arm-none-eabi/lib/thumb/v6-m/nofp/libc.a(lib_a-impure.o)
                              /usr/lib/gcc/arm-none-eabi/12.1.0/../../../../arm-none-eabi/lib/thumb/v6-m/nofp/libc.a(lib_a-calloc.o) (_impure_ptr)
/usr/lib/gcc/arm-none-eabi/12.1.0/../../../../arm-none-eabi/lib/thumb/v6-m/nofp/libc.a(lib_a-init.o)
                              /usr/lib/gcc/arm-none-eabi/12.1.0/../../../../arm-none-eabi/lib/thumb/v6-m/nofp/crt0.o (__libc_init_array)
/usr/lib/gcc/arm-none-eabi/12.1.0/../../../../arm-none-eabi/lib/thumb/v6-m/nofp/libc.a(lib_a-lock.o)
                              /usr/lib/gcc/arm-none-eabi/12.1.0/../../../../arm-none-eabi/lib/thumb/v6-m/nofp/libc.a(lib_a-getc.o) (__retarget_lock_acquire_recursive)
/usr/lib/gcc/arm-none-eabi/12.1.0/../../../../arm-none-eabi/lib/thumb/v6-m/nofp/libc.a(lib_a-malloc.o)
                              CMakeFiles/Halloween-Laser.dir/home/aidancrowther/Documents/Projects/pico/pico-sdk/src/rp2_common/pico_malloc/pico_malloc.c.obj (malloc)
/usr/lib/gcc/arm-none-eabi/12.1.0/../../../../arm-none-eabi/lib/thumb/v6-m/nofp/libc.a(lib_a-mallocr.o)
                              /usr/lib/gcc/arm-none-eabi/12.1.0/../../../../arm-none-eabi/lib/thumb/v6-m/nofp/libc.a(lib_a-callocr.o) (_malloc_r)
/usr/lib/gcc/arm-none-eabi/12.1.0/../../../../arm-none-eabi/lib/thumb/v6-m/nofp/libc.a(lib_a-mlock.o)
                              /usr/lib/gcc/arm-none-eabi/12.1.0/../../../../arm-none-eabi/lib/thumb/v6-m/nofp/libc.a(lib_a-mallocr.o) (__malloc_lock)
/usr/lib/gcc/arm-none-eabi/12.1.0/../../../../arm-none-eabi/lib/thumb/v6-m/nofp/libc.a(lib_a-rget.o)
                              /usr/lib/gcc/arm-none-eabi/12.1.0/../../../../arm-none-eabi/lib/thumb/v6-m/nofp/libc.a(lib_a-getc.o) (__srget_r)
/usr/lib/gcc/arm-none-eabi/12.1.0/../../../../arm-none-eabi/lib/thumb/v6-m/nofp/libc.a(lib_a-sbrkr.o)
                              /usr/lib/gcc/arm-none-eabi/12.1.0/../../../../arm-none-eabi/lib/thumb/v6-m/nofp/libc.a(lib_a-mallocr.o) (_sbrk_r)
/usr/lib/gcc/arm-none-eabi/12.1.0/../../../../arm-none-eabi/lib/thumb/v6-m/nofp/libc.a(lib_a-strlen-stub.o)
                              CMakeFiles/Halloween-Laser.dir/home/aidancrowther/Documents/Projects/pico/pico-sdk/src/rp2_common/pico_stdio/stdio.c.obj (strlen)
/usr/lib/gcc/arm-none-eabi/12.1.0/../../../../arm-none-eabi/lib/thumb/v6-m/nofp/libc.a(lib_a-__atexit.o)
                              /usr/lib/gcc/arm-none-eabi/12.1.0/../../../../arm-none-eabi/lib/thumb/v6-m/nofp/libc.a(lib_a-atexit.o) (__register_exitproc)
/usr/lib/gcc/arm-none-eabi/12.1.0/../../../../arm-none-eabi/lib/thumb/v6-m/nofp/libc.a(lib_a-__call_atexit.o)
                              /usr/lib/gcc/arm-none-eabi/12.1.0/../../../../arm-none-eabi/lib/thumb/v6-m/nofp/libc.a(lib_a-__atexit.o) (__atexit_recursive_mutex)
/usr/lib/gcc/arm-none-eabi/12.1.0/../../../../arm-none-eabi/lib/thumb/v6-m/nofp/libc.a(lib_a-findfp.o)
[...]
Memory Configuration

Name             Origin             Length             Attributes
FLASH            0x0000000010000000 0x0000000000200000 xr
RAM              0x0000000020000000 0x0000000000040000 xrw
SCRATCH_X        0x0000000020040000 0x0000000000001000 xrw
SCRATCH_Y        0x0000000020041000 0x0000000000001000 xrw
*default*        0x0000000000000000 0xffffffffffffffff

Linker script and memory map

LOAD /usr/lib/gcc/arm-none-eabi/12.1.0/thumb/v6-m/nofp/crti.o
LOAD /usr/lib/gcc/arm-none-eabi/12.1.0/thumb/v6-m/nofp/crtbegin.o
LOAD /usr/lib/gcc/arm-none-eabi/12.1.0/../../../../arm-none-eabi/lib/thumb/v6-m/nofp/crt0.o

.flash_begin    0x0000000010000000        0x0
                0x0000000010000000                __flash_binary_start = .

.boot2          0x0000000010000000      0x100
                0x0000000010000000                __boot2_start__ = .
 *(.boot2)
 .boot2         0x0000000010000000      0x100 /tmp/ccHgaxbD.o
                0x0000000010000100                __boot2_end__ = .
                0x0000000000000001                ASSERT (((__boot2_end__ - __boot2_start__) == 0x100), ERROR: Pico second stage bootloader must be 256 bytes in size)

.text           0x0000000010000100     0x8940
                0x0000000010000100                __logical_binary_start = .
 *(.vectors)
 .vectors       0x0000000010000100       0xd4 CMakeFiles/Halloween-Laser.dir/home/aidancrowther/Documents/Projects/pico/pico-sdk/src/rp2_common/pico_standard_link/crt0.S.obj
                0x0000000010000100                __vectors
                0x00000000100001c0                isr_invalid
                0x00000000100001c2                isr_nmi
                0x00000000100001c4                isr_hardfault
                0x00000000100001c6                isr_svcall
                0x00000000100001c8                isr_pendsv
                0x00000000100001ca                isr_systick
                0x00000000100001cc                isr_irq30
                0x00000000100001cc                __unhandled_user_irq
                0x00000000100001cc                isr_irq13
                0x00000000100001cc                isr_irq27
                0x00000000100001cc                isr_irq31
                0x00000000100001cc                isr_irq5
                0x00000000100001cc                isr_irq11
                0x00000000100001cc                isr_irq23
                0x00000000100001cc                isr_irq18
                0x00000000100001cc                isr_irq28
                0x00000000100001cc                isr_irq19
                0x00000000100001cc                isr_irq0
                0x00000000100001cc                isr_irq6
                0x00000000100001cc                isr_irq22
                0x00000000100001cc                isr_irq17
                0x00000000100001cc                isr_irq14
                0x00000000100001cc                isr_irq2
                0x00000000100001cc                isr_irq10
                0x00000000100001cc                isr_irq8
                0x00000000100001cc                isr_irq24
                0x00000000100001cc                isr_irq1
                0x00000000100001cc                isr_irq7
                0x00000000100001cc                isr_irq21
                0x00000000100001cc                isr_irq20
                0x00000000100001cc                isr_irq15
                0x00000000100001cc                isr_irq25
                0x00000000100001cc                isr_irq4
                0x00000000100001cc                isr_irq16
                0x00000000100001cc                isr_irq29
                0x00000000100001cc                isr_irq26
                0x00000000100001cc                isr_irq3
                0x00000000100001cc                isr_irq12
                0x00000000100001cc                isr_irq9
                0x00000000100001d2                unhandled_user_irq_num_in_r0
 *(.binary_info_header)
 .binary_info_header
                0x00000000100001d4       0x14 CMakeFiles/Halloween-Laser.dir/home/aidancrowther/Documents/Projects/pico/pico-sdk/src/rp2_common/pico_standard_link/crt0.S.obj
                0x00000000100001e8                __binary_info_header_end = .
 *(.reset)
 .reset         0x00000000100001e8       0xa8 CMakeFiles/Halloween-Laser.dir/home/aidancrowther/Documents/Projects/pico/pico-sdk/src/rp2_common/pico_standard_link/crt0.S.obj
                0x00000000100001e8                _entry_point
                0x0000000010000266                __get_current_exception
 .reset         0x0000000010000290       0x30 CMakeFiles/Halloween-Laser.dir/home/aidancrowther/Documents/Projects/pico/pico-sdk/src/rp2_common/pico_standard_link/binary_info.c.obj
 *(.init)
 .init          0x00000000100002c0        0x4 /usr/lib/gcc/arm-none-eabi/12.1.0/thumb/v6-m/nofp/crti.o
                0x00000000100002c0                _init
 *(EXCLUDE_FILE(*libm.a: *libc.a:*lib_a-mem*.o *libgcc.a:) .text*)
 .text.frame_dummy
                0x00000000100002c4       0x20 /usr/lib/gcc/arm-none-eabi/12.1.0/thumb/v6-m/nofp/crtbegin.o
 .text.homing_sequence
                0x00000000100002e4       0x20 CMakeFiles/Halloween-Laser.dir/Halloween-Laser.c.obj
                0x00000000100002e4                homing_sequence
 .text.slow_home
                0x0000000010000304       0x20 CMakeFiles/Halloween-Laser.dir/Halloween-Laser.c.obj
                0x0000000010000304                slow_home
 .text.init_gpio
                0x0000000010000324       0xd0 CMakeFiles/Halloween-Laser.dir/Halloween-Laser.c.obj
                0x0000000010000324                init_gpio
 .text.init_steppers
                0x00000000100003f4       0x4c CMakeFiles/Halloween-Laser.dir/Halloween-Laser.c.obj
                0x00000000100003f4                init_steppers
 .text.set_stepper_values
                0x0000000010000440       0x4c CMakeFiles/Halloween-Laser.dir/Halloween-Laser.c.obj
                0x0000000010000440                set_stepper_values
 .text.home_steppers
                0x000000001000048c      0x200 CMakeFiles/Halloween-Laser.dir/Halloween-Laser.c.obj
                0x000000001000048c                home_steppers
 .text.startup.main
                0x000000001000068c       0xf0 CMakeFiles/Halloween-Laser.dir/Halloween-Laser.c.obj
                0x000000001000068c                main
 .text.push     0x000000001000077c       0x18 CMakeFiles/Halloween-Laser.dir/home/aidancrowther/Documents/Projects/pico/PicoStepper/src/libraries/stack.c.obj
                0x000000001000077c                push
 .text.pop      0x0000000010000794       0x20 CMakeFiles/Halloween-Laser.dir/home/aidancrowther/Documents/Projects/pico/PicoStepper/src/libraries/stack.c.obj
                0x0000000010000794                pop
 .text.picostepper_async_handler
                0x00000000100007b4       0x5c CMakeFiles/Halloween-Laser.dir/home/aidancrowther/Documents/Projects/pico/PicoStepper/src/picostepper/picostepper.c.obj
 .text.picostepper_init_unclaimed_device
                0x0000000010000810      0x2e4 CMakeFiles/Halloween-Laser.dir/home/aidancrowther/Documents/Projects/pico/PicoStepper/src/picostepper/picostepper.c.obj
 .text.picostepper_accelerate
                0x0000000010000af4      0x204 CMakeFiles/Halloween-Laser.dir/home/aidancrowther/Documents/Projects/pico/PicoStepper/src/picostepper/picostepper.c.obj
                0x0000000010000af4                picostepper_accelerate
 .text.picostepper_move_async.part.0
                0x0000000010000cf8       0xdc CMakeFiles/Halloween-Laser.dir/home/aidancrowther/Documents/Projects/pico/PicoStepper/src/picostepper/picostepper.c.obj
 .text.picostepper_pindef_init
                0x0000000010000dd4      0x1e4 CMakeFiles/Halloween-Laser.dir/home/aidancrowther/Documents/Projects/pico/PicoStepper/src/picostepper/picostepper.c.obj
                0x0000000010000dd4                picostepper_pindef_init
 .text.picostepper_move_blocking
                0x0000000010000fb8       0xb8 CMakeFiles/Halloween-Laser.dir/home/aidancrowther/Documents/Projects/pico/PicoStepper/src/picostepper/picostepper.c.obj
                0x0000000010000fb8                picostepper_move_blocking
 .text.picostepper_set_async_direction
                0x0000000010001070       0x24 CMakeFiles/Halloween-Laser.dir/home/aidancrowther/Documents/Projects/pico/PicoStepper/src/picostepper/picostepper.c.obj
                0x0000000010001070                picostepper_set_async_direction
 .text.picostepper_set_async_enabled
                0x0000000010001094       0x24 CMakeFiles/Halloween-Laser.dir/home/aidancrowther/Documents/Projects/pico/PicoStepper/src/picostepper/picostepper.c.obj
                0x0000000010001094                picostepper_set_async_enabled
 .text.picostepper_get_async_enabled
                0x00000000100010b8       0x14 CMakeFiles/Halloween-Laser.dir/home/aidancrowther/Documents/Projects/pico/PicoStepper/src/picostepper/picostepper.c.obj
                0x00000000100010b8                picostepper_get_async_enabled
 .text.picostepper_set_async_speed
                0x00000000100010cc       0x68 CMakeFiles/Halloween-Laser.dir/home/aidancrowther/Documents/Projects/pico/PicoStepper/src/picostepper/picostepper.c.obj
                0x00000000100010cc                picostepper_set_async_speed
 .text.picostepper_set_acceleration
                0x0000000010001134       0x14 CMakeFiles/Halloween-Laser.dir/home/aidancrowther/Documents/Projects/pico/PicoStepper/src/picostepper/picostepper.c.obj
                0x0000000010001134                picostepper_set_acceleration
 .text.picostepper_set_position
                0x0000000010001148       0x14 CMakeFiles/Halloween-Laser.dir/home/aidancrowther/Documents/Projects/pico/PicoStepper/src/picostepper/picostepper.c.obj
                0x0000000010001148                picostepper_set_position
 .text.picostepper_set_max_speed
                0x000000001000115c       0x14 CMakeFiles/Halloween-Laser.dir/home/aidancrowther/Documents/Projects/pico/PicoStepper/src/picostepper/picostepper.c.obj
                0x000000001000115c                picostepper_set_max_speed
 .text.picostepper_set_min_speed
                0x0000000010001170       0x6c CMakeFiles/Halloween-Laser.dir/home/aidancrowther/Documents/Projects/pico/PicoStepper/src/picostepper/picostepper.c.obj
                0x0000000010001170                picostepper_set_min_speed
 .text.picostepper_convert_speed_to_delay
                0x00000000100011dc       0x40 CMakeFiles/Halloween-Laser.dir/home/aidancrowther/Documents/Projects/pico/PicoStepper/src/picostepper/picostepper.c.obj
                0x00000000100011dc                picostepper_convert_speed_to_delay
 .text.picostepper_move_async
                0x000000001000121c       0xf4 CMakeFiles/Halloween-Laser.dir/home/aidancrowther/Documents/Projects/pico/PicoStepper/src/picostepper/picostepper.c.obj
                0x000000001000121c                picostepper_move_async
 .text.picostepper_move_to_positions
                0x0000000010001310      0x3b4 CMakeFiles/Halloween-Laser.dir/home/aidancrowther/Documents/Projects/pico/PicoStepper/src/picostepper/picostepper.c.obj
                0x0000000010001310                picostepper_move_to_positions
 .text.gpio_set_function
                0x00000000100016c4       0x30 CMakeFiles/Halloween-Laser.dir/home/aidancrowther/Documents/Projects/pico/pico-sdk/src/rp2_common/hardware_gpio/gpio.c.obj
                0x00000000100016c4                gpio_set_function
 .text.gpio_set_pulls
                0x00000000100016f4       0x24 CMakeFiles/Halloween-Laser.dir/home/aidancrowther/Documents/Projects/pico/pico-sdk/src/rp2_common/hardware_gpio/gpio.c.obj
                0x00000000100016f4                gpio_set_pulls
 .text.gpio_set_outover
                0x0000000010001718       0x24 CMakeFiles/Halloween-Laser.dir/home/aidancrowther/Documents/Projects/pico/pico-sdk/src/rp2_common/hardware_gpio/gpio.c.obj
                0x0000000010001718                gpio_set_outover
 .text.gpio_init
                0x000000001000173c       0x3c CMakeFiles/Halloween-Laser.dir/home/aidancrowther/Documents/Projects/pico/pico-sdk/src/rp2_common/hardware_gpio/gpio.c.obj
                0x000000001000173c                gpio_init
 .text.hw_claim_lock
                0x0000000010001778       0x18 CMakeFiles/Halloween-Laser.dir/home/aidancrowther/Documents/Projects/pico/pico-sdk/src/rp2_common/hardware_claim/claim.c.obj
                0x0000000010001778                hw_claim_lock
 .text.hw_claim_unlock
                0x0000000010001790       0x14 CMakeFiles/Halloween-Laser.dir/home/aidancrowther/Documents/Projects/pico/pico-sdk/src/rp2_common/hardware_claim/claim.c.obj
                0x0000000010001790                hw_claim_unlock
 .text.hw_claim_or_assert
                0x00000000100017a4       0x58 CMakeFiles/Halloween-Laser.dir/home/aidancrowther/Documents/Projects/pico/pico-sdk/src/rp2_common/hardware_claim/claim.c.obj
                0x00000000100017a4                hw_claim_or_assert
 .text.hw_claim_unused_from_range
                0x00000000100017fc       0x9c CMakeFiles/Halloween-Laser.dir/home/aidancrowther/Documents/Projects/pico/pico-sdk/src/rp2_common/hardware_claim/claim.c.obj
                0x00000000100017fc                hw_claim_unused_from_range
 .text.spin_locks_reset
                0x0000000010001898       0x1c CMakeFiles/Halloween-Laser.dir/home/aidancrowther/Documents/Projects/pico/pico-sdk/src/rp2_common/hardware_sync/sync.c.obj
                0x0000000010001898                spin_locks_reset
 .text.next_striped_spin_lock_num
                0x00000000100018b4       0x18 CMakeFiles/Halloween-Laser.dir/home/aidancrowther/Documents/Projects/pico/pico-sdk/src/rp2_common/hardware_sync/sync.c.obj
                0x00000000100018b4                next_striped_spin_lock_num
 .text.spin_lock_claim_unused
                0x00000000100018cc       0x24 CMakeFiles/Halloween-Laser.dir/home/aidancrowther/Documents/Projects/pico/pico-sdk/src/rp2_common/hardware_sync/sync.c.obj
                0x00000000100018cc                spin_lock_claim_unused
 .text.running_on_fpga
                0x00000000100018f0       0x10 CMakeFiles/Halloween-Laser.dir/home/aidancrowther/Documents/Projects/pico/pico-sdk/src/rp2_common/pico_platform/platform.c.obj
                0x00000000100018f0                running_on_fpga
 .text.uart_init
                0x0000000010001900       0xe0 CMakeFiles/Halloween-Laser.dir/home/aidancrowther/Documents/Projects/pico/pico-sdk/src/rp2_common/hardware_uart/uart.c.obj
                0x0000000010001900                uart_init
 .text.timer_pool_entry_comparator
                0x00000000100019e0       0x34 CMakeFiles/Halloween-Laser.dir/home/aidancrowther/Documents/Projects/pico/pico-sdk/src/common/pico_time/time.c.obj
                0x00000000100019e0                timer_pool_entry_comparator
 .text.sev_callback
                0x0000000010001a14        0x8 CMakeFiles/Halloween-Laser.dir/home/aidancrowther/Documents/Projects/pico/pico-sdk/src/common/pico_time/time.c.obj
 .text.add_alarm_under_lock.isra.0
                0x0000000010001a1c       0xf8 CMakeFiles/Halloween-Laser.dir/home/aidancrowther/Documents/Projects/pico/pico-sdk/src/common/pico_time/time.c.obj
 .text.alarm_pool_alarm_callback
                0x0000000010001b14      0x1c4 CMakeFiles/Halloween-Laser.dir/home/aidancrowther/Documents/Projects/pico/pico-sdk/src/common/pico_time/time.c.obj
 .text.alarm_pool_add_alarm_at.constprop.0
                0x0000000010001cd8      0x114 CMakeFiles/Halloween-Laser.dir/home/aidancrowther/Documents/Projects/pico/pico-sdk/src/common/pico_time/time.c.obj
 .text.alarm_pool_init_default
                0x0000000010001dec       0x58 CMakeFiles/Halloween-Laser.dir/home/aidancrowther/Documents/Projects/pico/pico-sdk/src/common/pico_time/time.c.obj
                0x0000000010001dec                alarm_pool_init_default
 .text.alarm_pool_get_default
                0x0000000010001e44        0x8 CMakeFiles/Halloween-Laser.dir/home/aidancrowther/Documents/Projects/pico/pico-sdk/src/common/pico_time/time.c.obj
                0x0000000010001e44                alarm_pool_get_default
 .text.alarm_pool_add_alarm_at
                0x0000000010001e4c      0x194 CMakeFiles/Halloween-Laser.dir/home/aidancrowther/Documents/Projects/pico/pico-sdk/src/common/pico_time/time.c.obj
                0x0000000010001e4c                alarm_pool_add_alarm_at
 .text.sleep_ms
                0x0000000010001fe0       0xa0 CMakeFiles/Halloween-Laser.dir/home/aidancrowther/Documents/Projects/pico/pico-sdk/src/common/pico_time/time.c.obj
                0x0000000010001fe0                sleep_ms
 .text.best_effort_wfe_or_timeout
                0x0000000010002080       0xb0 CMakeFiles/Halloween-Laser.dir/home/aidancrowther/Documents/Projects/pico/pico-sdk/src/common/pico_time/time.c.obj
                0x0000000010002080                best_effort_wfe_or_timeout
 .text.hardware_alarm_irq_handler
                0x0000000010002130       0xb8 CMakeFiles/Halloween-Laser.dir/home/aidancrowther/Documents/Projects/pico/pico-sdk/src/rp2_common/hardware_timer/timer.c.obj
 .text.hardware_alarm_claim
                0x00000000100021e8       0x18 CMakeFiles/Halloween-Laser.dir/home/aidancrowther/Documents/Projects/pico/pico-sdk/src/rp2_common/hardware_timer/timer.c.obj
                0x00000000100021e8                hardware_alarm_claim
 .text.time_us_64
                0x0000000010002200       0x14 CMakeFiles/Halloween-Laser.dir/home/aidancrowther/Documents/Projects/pico/pico-sdk/src/rp2_common/hardware_timer/timer.c.obj
                0x0000000010002200                time_us_64
 .text.busy_wait_until
                0x0000000010002214       0x20 CMakeFiles/Halloween-Laser.dir/home/aidancrowther/Documents/Projects/pico/pico-sdk/src/rp2_common/hardware_timer/timer.c.obj
                0x0000000010002214                busy_wait_until
 .text.hardware_alarm_set_callback
                0x0000000010002234       0x8c CMakeFiles/Halloween-Laser.dir/home/aidancrowther/Documents/Projects/pico/pico-sdk/src/rp2_common/hardware_timer/timer.c.obj
                0x0000000010002234                hardware_alarm_set_callback
 .text.hardware_alarm_set_target
                0x00000000100022c0       0xdc CMakeFiles/Halloween-Laser.dir/home/aidancrowther/Documents/Projects/pico/pico-sdk/src/rp2_common/hardware_timer/timer.c.obj
                0x00000000100022c0                hardware_alarm_set_target
 .text.hardware_alarm_cancel
                0x000000001000239c       0x3c CMakeFiles/Halloween-Laser.dir/home/aidancrowther/Documents/Projects/pico/pico-sdk/src/rp2_common/hardware_timer/timer.c.obj
                0x000000001000239c                hardware_alarm_cancel
 .text.lock_init
                0x00000000100023d8       0x10 CMakeFiles/Halloween-Laser.dir/home/aidancrowther/Documents/Projects/pico/pico-sdk/src/common/pico_sync/lock_core.c.obj
                0x00000000100023d8                lock_init
 .text.mutex_init
                0x00000000100023e8       0x1c CMakeFiles/Halloween-Laser.dir/home/aidancrowther/Documents/Projects/pico/pico-sdk/src/common/pico_sync/mutex.c.obj
                0x00000000100023e8                mutex_init
 .text.critical_section_init
                0x0000000010002404       0x18 CMakeFiles/Halloween-Laser.dir/home/aidancrowther/Documents/Projects/pico/pico-sdk/src/common/pico_sync/critical_section.c.obj
                0x0000000010002404                critical_section_init
 .text.ph_merge_nodes
                0x000000001000241c       0x58 CMakeFiles/Halloween-Laser.dir/home/aidancrowther/Documents/Projects/pico/pico-sdk/src/common/pico_util/pheap.c.obj
 .text.ph_post_alloc_init
                0x0000000010002474       0x3c CMakeFiles/Halloween-Laser.dir/home/aidancrowther/Documents/Projects/pico/pico-sdk/src/common/pico_util/pheap.c.obj
                0x0000000010002474                ph_post_alloc_init
 .text.ph_merge_two_pass
                0x00000000100024b0       0x8c CMakeFiles/Halloween-Laser.dir/home/aidancrowther/Documents/Projects/pico/pico-sdk/src/common/pico_util/pheap.c.obj
                0x00000000100024b0                ph_merge_two_pass
 .text.ph_remove_any_head
                0x000000001000253c      0x12c CMakeFiles/Halloween-Laser.dir/home/aidancrowther/Documents/Projects/pico/pico-sdk/src/common/pico_util/pheap.c.obj
 .text.ph_remove_head
                0x0000000010002668      0x130 CMakeFiles/Halloween-Laser.dir/home/aidancrowther/Documents/Projects/pico/pico-sdk/src/common/pico_util/pheap.c.obj
                0x0000000010002668                ph_remove_head
 .text.ph_remove_and_free_node
                0x0000000010002798       0x78 CMakeFiles/Halloween-Laser.dir/home/aidancrowther/Documents/Projects/pico/pico-sdk/src/common/pico_util/pheap.c.obj
                0x0000000010002798                ph_remove_and_free_node
 .text.runtime_init
                0x0000000010002810       0xec CMakeFiles/Halloween-Laser.dir/home/aidancrowther/Documents/Projects/pico/pico-sdk/src/rp2_common/pico_runtime/runtime.c.obj
                0x0000000010002810                runtime_init
 .text._sbrk    0x00000000100028fc       0x34 CMakeFiles/Halloween-Laser.dir/home/aidancrowther/Documents/Projects/pico/pico-sdk/src/rp2_common/pico_runtime/runtime.c.obj
                0x00000000100028fc                _sbrk
 .text.exit     0x0000000010002930        0x4 CMakeFiles/Halloween-Laser.dir/home/aidancrowther/Documents/Projects/pico/pico-sdk/src/rp2_common/pico_runtime/runtime.c.obj
                0x0000000010002930                exit
 .text.panic    0x0000000010002934       0x30 CMakeFiles/Halloween-Laser.dir/home/aidancrowther/Documents/Projects/pico/pico-sdk/src/rp2_common/pico_runtime/runtime.c.obj
                0x0000000010002934                panic
 .text.hard_assertion_failure
                0x0000000010002964        0xc CMakeFiles/Halloween-Laser.dir/home/aidancrowther/Documents/Projects/pico/pico-sdk/src/rp2_common/pico_runtime/runtime.c.obj
                0x0000000010002964                hard_assertion_failure
 .text.clocks_init
                0x0000000010002970      0x2d8 CMakeFiles/Halloween-Laser.dir/home/aidancrowther/Documents/Projects/pico/pico-sdk/src/rp2_common/hardware_clocks/clocks.c.obj
                0x0000000010002970                clocks_init
 .text.clock_get_hz
                0x0000000010002c48        0xc CMakeFiles/Halloween-Laser.dir/home/aidancrowther/Documents/Projects/pico/pico-sdk/src/rp2_common/hardware_clocks/clocks.c.obj
                0x0000000010002c48                clock_get_hz
 .text.watchdog_start_tick
                0x0000000010002c54       0x10 CMakeFiles/Halloween-Laser.dir/home/aidancrowther/Documents/Projects/pico/pico-sdk/src/rp2_common/hardware_watchdog/watchdog.c.obj
                0x0000000010002c54                watchdog_start_tick
 .text.watchdog_reboot
                0x0000000010002c64       0x9c CMakeFiles/Halloween-Laser.dir/home/aidancrowther/Documents/Projects/pico/pico-sdk/src/rp2_common/hardware_watchdog/watchdog.c.obj
                0x0000000010002c64                watchdog_reboot
 .text.xosc_init
                0x0000000010002d00       0x28 CMakeFiles/Halloween-Laser.dir/home/aidancrowther/Documents/Projects/pico/pico-sdk/src/rp2_common/hardware_xosc/xosc.c.obj
                0x0000000010002d00                xosc_init
 .text.pll_init
                0x0000000010002d28       0x54 CMakeFiles/Halloween-Laser.dir/home/aidancrowther/Documents/Projects/pico/pico-sdk/src/rp2_common/hardware_pll/pll.c.obj
                0x0000000010002d28                pll_init
 .text.irq_set_enabled
                0x0000000010002d7c       0x24 CMakeFiles/Halloween-Laser.dir/home/aidancrowther/Documents/Projects/pico/pico-sdk/src/rp2_common/hardware_irq/irq.c.obj
                0x0000000010002d7c                irq_set_enabled
 .text.irq_set_pending
                0x0000000010002da0       0x10 CMakeFiles/Halloween-Laser.dir/home/aidancrowther/Documents/Projects/pico/pico-sdk/src/rp2_common/hardware_irq/irq.c.obj
                0x0000000010002da0                irq_set_pending
 .text.irq_get_vtable_handler
                0x0000000010002db0       0x10 CMakeFiles/Halloween-Laser.dir/home/aidancrowther/Documents/Projects/pico/pico-sdk/src/rp2_common/hardware_irq/irq.c.obj
                0x0000000010002db0                irq_get_vtable_handler
 .text.irq_set_exclusive_handler
                0x0000000010002dc0       0x54 CMakeFiles/Halloween-Laser.dir/home/aidancrowther/Documents/Projects/pico/pico-sdk/src/rp2_common/hardware_irq/irq.c.obj
                0x0000000010002dc0                irq_set_exclusive_handler
 .text.irq_remove_handler
                0x0000000010002e14      0x1c0 CMakeFiles/Halloween-Laser.dir/home/aidancrowther/Documents/Projects/pico/pico-sdk/src/rp2_common/hardware_irq/irq.c.obj
                0x0000000010002e14                irq_remove_handler
 .text.irq_add_tail_to_free_list
                0x0000000010002fd4       0xb4 CMakeFiles/Halloween-Laser.dir/home/aidancrowther/Documents/Projects/pico/pico-sdk/src/rp2_common/hardware_irq/irq.c.obj
                0x0000000010002fd4                irq_add_tail_to_free_list
 .text.irq_init_priorities
                0x0000000010003088       0x38 CMakeFiles/Halloween-Laser.dir/home/aidancrowther/Documents/Projects/pico/pico-sdk/src/rp2_common/hardware_irq/irq.c.obj
                0x0000000010003088                irq_init_priorities
 .text._out_null
                0x00000000100030c0        0x4 CMakeFiles/Halloween-Laser.dir/home/aidancrowther/Documents/Projects/pico/pico-sdk/src/rp2_common/pico_printf/printf.c.obj
 .text._out_rev
                0x00000000100030c4       0x90 CMakeFiles/Halloween-Laser.dir/home/aidancrowther/Documents/Projects/pico/pico-sdk/src/rp2_common/pico_printf/printf.c.obj
 .text._ntoa_format
                0x0000000010003154      0x208 CMakeFiles/Halloween-Laser.dir/home/aidancrowther/Documents/Projects/pico/pico-sdk/src/rp2_common/pico_printf/printf.c.obj
 .text._out_char
                0x000000001000335c       0x10 CMakeFiles/Halloween-Laser.dir/home/aidancrowther/Documents/Projects/pico/pico-sdk/src/rp2_common/pico_printf/printf.c.obj
 .text._out_fct
                0x000000001000336c       0x10 CMakeFiles/Halloween-Laser.dir/home/aidancrowther/Documents/Projects/pico/pico-sdk/src/rp2_common/pico_printf/printf.c.obj
 .text._etoa    0x000000001000337c      0x464 CMakeFiles/Halloween-Laser.dir/home/aidancrowther/Documents/Projects/pico/pico-sdk/src/rp2_common/pico_printf/printf.c.obj
 .text._ftoa    0x00000000100037e0      0x3c4 CMakeFiles/Halloween-Laser.dir/home/aidancrowther/Documents/Projects/pico/pico-sdk/src/rp2_common/pico_printf/printf.c.obj
 .text._vsnprintf
                0x0000000010003ba4      0xc18 CMakeFiles/Halloween-Laser.dir/home/aidancrowther/Documents/Projects/pico/pico-sdk/src/rp2_common/pico_printf/printf.c.obj
 .text.vfctprintf
                0x00000000100047bc       0x20 CMakeFiles/Halloween-Laser.dir/home/aidancrowther/Documents/Projects/pico/pico-sdk/src/rp2_common/pico_printf/printf.c.obj
                0x00000000100047bc                vfctprintf
 .text.weak_raw_vprintf
                0x00000000100047dc       0x30 CMakeFiles/Halloween-Laser.dir/home/aidancrowther/Documents/Projects/pico/pico-sdk/src/rp2_common/pico_printf/printf.c.obj
                0x00000000100047dc                weak_raw_vprintf
 .text          0x000000001000480c       0x10 CMakeFiles/Halloween-Laser.dir/home/aidancrowther/Documents/Projects/pico/pico-sdk/src/rp2_common/pico_bit_ops/bit_ops_aeabi.S.obj
 .text.rom_func_lookup
                0x000000001000481c       0x10 CMakeFiles/Halloween-Laser.dir/home/aidancrowther/Documents/Projects/pico/pico-sdk/src/rp2_common/pico_bootrom/bootrom.c.obj
                0x000000001000481c                rom_func_lookup
 .text.rom_data_lookup
                0x000000001000482c       0x10 CMakeFiles/Halloween-Laser.dir/home/aidancrowther/Documents/Projects/pico/pico-sdk/src/rp2_common/pico_bootrom/bootrom.c.obj
                0x000000001000482c                rom_data_lookup
 .text.rom_funcs_lookup
                0x000000001000483c       0x44 CMakeFiles/Halloween-Laser.dir/home/aidancrowther/Documents/Projects/pico/pico-sdk/src/rp2_common/pico_bootrom/bootrom.c.obj
                0x000000001000483c                rom_funcs_lookup
 .text.__wrap___aeabi_idiv
                0x0000000010004880       0x58 CMakeFiles/Halloween-Laser.dir/home/aidancrowther/Documents/Projects/pico/pico-sdk/src/rp2_common/pico_divider/divider.S.obj
                0x0000000010004880                __wrap___aeabi_idivmod
                0x0000000010004880                divmod_s32s32
                0x0000000010004880                div_s32s32
                0x0000000010004880                __wrap___aeabi_idiv
                0x0000000010004888                divmod_s32s32_unsafe
                0x00000000100048b4                divmod_s32s32_savestate
 .text.__wrap___aeabi_uidiv
                0x00000000100048d8       0x54 CMakeFiles/Halloween-Laser.dir/home/aidancrowther/Documents/Projects/pico/pico-sdk/src/rp2_common/pico_divider/divider.S.obj
                0x00000000100048d8                __wrap___aeabi_uidiv
                0x00000000100048d8                __wrap___aeabi_uidivmod
                0x00000000100048d8                div_u32u32
                0x00000000100048d8                divmod_u32u32
                0x00000000100048e0                divmod_u32u32_unsafe
                0x0000000010004908                divmod_u32u32_savestate
 .text.__wrap___aeabi_ldiv
                0x000000001000492c      0x430 CMakeFiles/Halloween-Laser.dir/home/aidancrowther/Documents/Projects/pico/pico-sdk/src/rp2_common/pico_divider/divider.S.obj
                0x000000001000492c                div_s64s64
                0x000000001000492c                divmod_s64s64
                0x000000001000492c                __wrap___aeabi_ldivmod
                0x0000000010004964                div_u64u64
                0x0000000010004964                divmod_u64u64
                0x0000000010004964                __wrap___aeabi_uldivmod
                0x0000000010004974                divmod_u64u64_savestate
                0x000000001000499c                divmod_s64s64_unsafe
                0x0000000010004a24                divmod_u64u64_unsafe
 .text.__wrap___aeabi_darithmetic
                0x0000000010004d5c       0x54 CMakeFiles/Halloween-Laser.dir/home/aidancrowther/Documents/Projects/pico/pico-sdk/src/rp2_common/pico_double/double_aeabi.S.obj
                0x0000000010004d5c                __wrap___aeabi_drsub
                0x0000000010004d62                __wrap___aeabi_dsub
                0x0000000010004d74                __wrap___aeabi_dadd
                0x0000000010004d86                __wrap___aeabi_ddiv
                0x0000000010004d98                __wrap___aeabi_dmul
 .text.__wrap___aeabi_cdcmple
                0x0000000010004db0       0x6c CMakeFiles/Halloween-Laser.dir/home/aidancrowther/Documents/Projects/pico/pico-sdk/src/rp2_common/pico_double/double_aeabi.S.obj
                0x0000000010004db0                __wrap___aeabi_cdrcmple
                0x0000000010004dc0                __wrap___aeabi_cdcmple
                0x0000000010004dc0                __wrap___aeabi_cdcmpeq
 .text.__wrap___aeabi_dcmplt
                0x0000000010004e1c        0xc CMakeFiles/Halloween-Laser.dir/home/aidancrowther/Documents/Projects/pico/pico-sdk/src/rp2_common/pico_double/double_aeabi.S.obj
                0x0000000010004e1c                __wrap___aeabi_dcmplt
 .text.__wrap___aeabi_dcmpge
                0x0000000010004e28       0x10 CMakeFiles/Halloween-Laser.dir/home/aidancrowther/Documents/Projects/pico/pico-sdk/src/rp2_common/pico_double/double_aeabi.S.obj
                0x0000000010004e28                __wrap___aeabi_dcmpge
 .text.__wrap___aeabi_dcmpgt
                0x0000000010004e38        0xa CMakeFiles/Halloween-Laser.dir/home/aidancrowther/Documents/Projects/pico/pico-sdk/src/rp2_common/pico_double/double_aeabi.S.obj
                0x0000000010004e38                __wrap___aeabi_dcmpgt
 .text.__wrap___aeabi_dcmpun
                0x0000000010004e42       0x1c CMakeFiles/Halloween-Laser.dir/home/aidancrowther/Documents/Projects/pico/pico-sdk/src/rp2_common/pico_double/double_aeabi.S.obj
                0x0000000010004e42                __wrap___aeabi_dcmpun
 *fill*         0x0000000010004e5e        0x2 
 .text.__wrap___aeabi_i2d
                0x0000000010004e60       0x38 CMakeFiles/Halloween-Laser.dir/home/aidancrowther/Documents/Projects/pico/pico-sdk/src/rp2_common/pico_double/double_aeabi.S.obj
                0x0000000010004e60                __wrap___aeabi_ui2d
                0x0000000010004e68                __wrap___aeabi_i2d
 .text.__wrap___aeabi_d2iz
                0x0000000010004e98       0x48 CMakeFiles/Halloween-Laser.dir/home/aidancrowther/Documents/Projects/pico/pico-sdk/src/rp2_common/pico_double/double_aeabi.S.obj
                0x0000000010004e98                __wrap___aeabi_d2iz
                0x0000000010004e98                double2int_z
 .text.__wrap___aeabi_d2uiz
                0x0000000010004ee0       0x18 CMakeFiles/Halloween-Laser.dir/home/aidancrowther/Documents/Projects/pico/pico-sdk/src/rp2_common/pico_double/double_aeabi.S.obj
                0x0000000010004ee0                double2uint
                0x0000000010004ee0                __wrap___aeabi_d2uiz
 .text.__aeabi_double_init
                0x0000000010004ef8       0x88 CMakeFiles/Halloween-Laser.dir/home/aidancrowther/Documents/Projects/pico/pico-sdk/src/rp2_common/pico_double/double_init_rom.c.obj
                0x0000000010004ef8                __aeabi_double_init
 .text.double_table_shim_on_use_helper
                0x0000000010004f80       0x2c CMakeFiles/Halloween-Laser.dir/home/aidancrowther/Documents/Projects/pico/pico-sdk/src/rp2_common/pico_double/double_v1_rom_shim.S.obj
                0x0000000010004f80                double_table_shim_on_use_helper
 .text.__wrap___aeabi_dsub
                0x0000000010004fac       0x10 CMakeFiles/Halloween-Laser.dir/home/aidancrowther/Documents/Projects/pico/pico-sdk/src/rp2_common/pico_double/double_v1_rom_shim.S.obj
                0x0000000010004fac                drsub_shim
                0x0000000010004fb2                dsub_shim
 .text.dadd_shim
                0x0000000010004fbc      0x15c CMakeFiles/Halloween-Laser.dir/home/aidancrowther/Documents/Projects/pico/pico-sdk/src/rp2_common/pico_double/double_v1_rom_shim.S.obj
                0x0000000010004fbc                dadd_shim
 .text.dmul_shim
                0x0000000010005118      0x15c CMakeFiles/Halloween-Laser.dir/home/aidancrowther/Documents/Projects/pico/pico-sdk/src/rp2_common/pico_double/double_v1_rom_shim.S.obj
                0x0000000010005118                dmul_shim
 .text.ddiv_shim
                0x0000000010005274      0x1b0 CMakeFiles/Halloween-Laser.dir/home/aidancrowther/Documents/Projects/pico/pico-sdk/src/rp2_common/pico_double/double_v1_rom_shim.S.obj
                0x0000000010005274                ddiv_shim
 .text.dcordic_rot_step
                0x0000000010005424       0x7c CMakeFiles/Halloween-Laser.dir/home/aidancrowther/Documents/Projects/pico/pico-sdk/src/rp2_common/pico_double/double_v1_rom_shim.S.obj
                0x0000000010005424                dcordic_rot_step
 .text.double2uint_shim
                0x00000000100054a0        0xe CMakeFiles/Halloween-Laser.dir/home/aidancrowther/Documents/Projects/pico/pico-sdk/src/rp2_common/pico_double/double_v1_rom_shim.S.obj
                0x00000000100054a0                double2uint_shim
                0x00000000100054a2                double2ufix_shim
 *fill*         0x00000000100054ae        0x2 
 .text.double2uint64_shim
                0x00000000100054b0       0x6c CMakeFiles/Halloween-Laser.dir/home/aidancrowther/Documents/Projects/pico/pico-sdk/src/rp2_common/pico_double/double_v1_rom_shim.S.obj
                0x00000000100054b0                double2uint64_shim
                0x00000000100054b2                double2ufix64_shim
                0x00000000100054cc                d2fix_a
 .text.dunpacks
                0x000000001000551c       0x3c CMakeFiles/Halloween-Laser.dir/home/aidancrowther/Documents/Projects/pico/pico-sdk/src/rp2_common/pico_double/double_v1_rom_shim.S.obj
                0x000000001000551c                dunpacks
 .text.__aeabi_lmul
                0x0000000010005558       0x32 CMakeFiles/Halloween-Laser.dir/home/aidancrowther/Documents/Projects/pico/pico-sdk/src/rp2_common/pico_int64_ops/pico_int64_ops_aeabi.S.obj
                0x0000000010005558                __wrap___aeabi_lmul
 .text.__wrap___aeabi_ui2f
                0x000000001000558a        0xa CMakeFiles/Halloween-Laser.dir/home/aidancrowther/Documents/Projects/pico/pico-sdk/src/rp2_common/pico_float/float_aeabi.S.obj
                0x000000001000558a                __wrap___aeabi_ui2f
 .text.__wrap___aeabi_i2f
                0x0000000010005594       0x44 CMakeFiles/Halloween-Laser.dir/home/aidancrowther/Documents/Projects/pico/pico-sdk/src/rp2_common/pico_float/float_aeabi.S.obj
                0x0000000010005594                __wrap___aeabi_i2f
 .text.__wrap___aeabi_f2d
                0x00000000100055d8       0x14 CMakeFiles/Halloween-Laser.dir/home/aidancrowther/Documents/Projects/pico/pico-sdk/src/rp2_common/pico_float/float_aeabi.S.obj
                0x00000000100055d8                __wrap___aeabi_f2d
 .text.__aeabi_float_init
                0x00000000100055ec       0x64 CMakeFiles/Halloween-Laser.dir/home/aidancrowther/Documents/Projects/pico/pico-sdk/src/rp2_common/pico_float/float_init_rom.c.obj
                0x00000000100055ec                __aeabi_float_init
 .text.float_table_shim_on_use_helper
                0x0000000010005650       0x2c CMakeFiles/Halloween-Laser.dir/home/aidancrowther/Documents/Projects/pico/pico-sdk/src/rp2_common/pico_float/float_v1_rom_shim.S.obj
                0x0000000010005650                float_table_shim_on_use_helper
 .text.float2double_shim
                0x000000001000567c       0x30 CMakeFiles/Halloween-Laser.dir/home/aidancrowther/Documents/Projects/pico/pico-sdk/src/rp2_common/pico_float/float_v1_rom_shim.S.obj
                0x000000001000567c                float2double_shim
 .text.__wrap_malloc
                0x00000000100056ac       0x3c CMakeFiles/Halloween-Laser.dir/home/aidancrowther/Documents/Projects/pico/pico-sdk/src/rp2_common/pico_malloc/pico_malloc.c.obj
                0x00000000100056ac                __wrap_malloc
 .text.__wrap_free
                0x00000000100056e8       0x20 CMakeFiles/Halloween-Laser.dir/home/aidancrowther/Documents/Projects/pico/pico-sdk/src/rp2_common/pico_malloc/pico_malloc.c.obj
                0x00000000100056e8                __wrap_free
 .text          0x0000000010005708       0x10 CMakeFiles/Halloween-Laser.dir/home/aidancrowther/Documents/Projects/pico/pico-sdk/src/rp2_common/pico_mem_ops/mem_ops_aeabi.S.obj
                0x0000000010005708                __aeabi_mem_init
 .text.memset   0x0000000010005718        0xc CMakeFiles/Halloween-Laser.dir/home/aidancrowther/Documents/Projects/pico/pico-sdk/src/rp2_common/pico_mem_ops/mem_ops_aeabi.S.obj
                0x0000000010005718                __wrap_memset
 .text.memcpy   0x0000000010005724        0xc CMakeFiles/Halloween-Laser.dir/home/aidancrowther/Documents/Projects/pico/pico-sdk/src/rp2_common/pico_mem_ops/mem_ops_aeabi.S.obj
                0x0000000010005724                __wrap___aeabi_memcpy
                0x0000000010005724                __wrap_memcpy
 .text.stdio_out_chars_crlf.part.0
                0x0000000010005730       0x80 CMakeFiles/Halloween-Laser.dir/home/aidancrowther/Documents/Projects/pico/pico-sdk/src/rp2_common/pico_stdio/stdio.c.obj
 .text.stdio_buffered_printer
                0x00000000100057b0       0x78 CMakeFiles/Halloween-Laser.dir/home/aidancrowther/Documents/Projects/pico/pico-sdk/src/rp2_common/pico_stdio/stdio.c.obj
 .text.__wrap_putchar
                0x0000000010005828       0xb0 CMakeFiles/Halloween-Laser.dir/home/aidancrowther/Documents/Projects/pico/pico-sdk/src/rp2_common/pico_stdio/stdio.c.obj
                0x0000000010005828                __wrap_putchar
 .text.__wrap_puts
                0x00000000100058d8      0x12c CMakeFiles/Halloween-Laser.dir/home/aidancrowther/Documents/Projects/pico/pico-sdk/src/rp2_common/pico_stdio/stdio.c.obj
                0x00000000100058d8                __wrap_puts
 .text.stdio_set_driver_enabled
                0x0000000010005a04       0x3c CMakeFiles/Halloween-Laser.dir/home/aidancrowther/Documents/Projects/pico/pico-sdk/src/rp2_common/pico_stdio/stdio.c.obj
                0x0000000010005a04                stdio_set_driver_enabled
 .text.__wrap_vprintf
                0x0000000010005a40       0xe8 CMakeFiles/Halloween-Laser.dir/home/aidancrowther/Documents/Projects/pico/pico-sdk/src/rp2_common/pico_stdio/stdio.c.obj
                0x0000000010005a40                __wrap_vprintf
 .text.__wrap_printf
                0x0000000010005b28       0x18 CMakeFiles/Halloween-Laser.dir/home/aidancrowther/Documents/Projects/pico/pico-sdk/src/rp2_common/pico_stdio/stdio.c.obj
                0x0000000010005b28                __wrap_printf
 .text.stdio_init_all
                0x0000000010005b40        0xc CMakeFiles/Halloween-Laser.dir/home/aidancrowther/Documents/Projects/pico/pico-sdk/src/rp2_common/pico_stdio/stdio.c.obj
                0x0000000010005b40                stdio_init_all
 .text.stdio_uart_out_chars
                0x0000000010005b4c       0x4c CMakeFiles/Halloween-Laser.dir/home/aidancrowther/Documents/Projects/pico/pico-sdk/src/rp2_common/pico_stdio_uart/stdio_uart.c.obj
 .text.stdio_uart_in_chars
                0x0000000010005b98       0x38 CMakeFiles/Halloween-Laser.dir/home/aidancrowther/Documents/Projects/pico/pico-sdk/src/rp2_common/pico_stdio_uart/stdio_uart.c.obj
                0x0000000010005b98                stdio_uart_in_chars
 .text.stdio_uart_init
                0x0000000010005bd0       0x48 CMakeFiles/Halloween-Laser.dir/home/aidancrowther/Documents/Projects/pico/pico-sdk/src/rp2_common/pico_stdio_uart/stdio_uart.c.obj
                0x0000000010005bd0                stdio_uart_init
 .text.resetd_init
                0x0000000010005c18        0x4 CMakeFiles/Halloween-Laser.dir/home/aidancrowther/Documents/Projects/pico/pico-sdk/src/rp2_common/pico_stdio_usb/reset_interface.c.obj
 .text.resetd_reset
                0x0000000010005c1c        0xc CMakeFiles/Halloween-Laser.dir/home/aidancrowther/Documents/Projects/pico/pico-sdk/src/rp2_common/pico_stdio_usb/reset_interface.c.obj
 .text.resetd_open
                0x0000000010005c28       0x28 CMakeFiles/Halloween-Laser.dir/home/aidancrowther/Documents/Projects/pico/pico-sdk/src/rp2_common/pico_stdio_usb/reset_interface.c.obj
 .text.resetd_control_complete_cb
                0x0000000010005c50        0x4 CMakeFiles/Halloween-Laser.dir/home/aidancrowther/Documents/Projects/pico/pico-sdk/src/rp2_common/pico_stdio_usb/reset_interface.c.obj
 .text.resetd_xfer_cb
                0x0000000010005c54        0x4 CMakeFiles/Halloween-Laser.dir/home/aidancrowther/Documents/Projects/pico/pico-sdk/src/rp2_common/pico_stdio_usb/reset_interface.c.obj
 .text.resetd_control_request_cb
                0x0000000010005c58       0x5c CMakeFiles/Halloween-Laser.dir/home/aidancrowther/Documents/Projects/pico/pico-sdk/src/rp2_common/pico_stdio_usb/reset_interface.c.obj
 .text.usbd_app_driver_get_cb
                0x0000000010005cb4        0xc CMakeFiles/Halloween-Laser.dir/home/aidancrowther/Documents/Projects/pico/pico-sdk/src/rp2_common/pico_stdio_usb/reset_interface.c.obj
                0x0000000010005cb4                usbd_app_driver_get_cb
 .text.tud_cdc_line_coding_cb
                0x0000000010005cc0       0x34 CMakeFiles/Halloween-Laser.dir/home/aidancrowther/Documents/Projects/pico/pico-sdk/src/rp2_common/pico_stdio_usb/reset_interface.c.obj
                0x0000000010005cc0                tud_cdc_line_coding_cb
 .text.stdio_usb_in_chars
                0x0000000010005cf4       0x68 CMakeFiles/Halloween-Laser.dir/home/aidancrowther/Documents/Projects/pico/pico-sdk/src/rp2_common/pico_stdio_usb/stdio_usb.c.obj
                0x0000000010005cf4                stdio_usb_in_chars
 .text.stdio_usb_out_chars
                0x0000000010005d5c       0xe8 CMakeFiles/Halloween-Laser.dir/home/aidancrowther/Documents/Projects/pico/pico-sdk/src/rp2_common/pico_stdio_usb/stdio_usb.c.obj
 .text.timer_task
                0x0000000010005e44       0x10 CMakeFiles/Halloween-Laser.dir/home/aidancrowther/Documents/Projects/pico/pico-sdk/src/rp2_common/pico_stdio_usb/stdio_usb.c.obj
 .text.low_priority_worker_irq
                0x0000000010005e54       0x24 CMakeFiles/Halloween-Laser.dir/home/aidancrowther/Documents/Projects/pico/pico-sdk/src/rp2_common/pico_stdio_usb/stdio_usb.c.obj
 .text.stdio_usb_init
                0x0000000010005e78       0x90 CMakeFiles/Halloween-Laser.dir/home/aidancrowther/Documents/Projects/pico/pico-sdk/src/rp2_common/pico_stdio_usb/stdio_usb.c.obj
                0x0000000010005e78                stdio_usb_init
 .text.tud_descriptor_device_cb
                0x0000000010005f08        0x8 CMakeFiles/Halloween-Laser.dir/home/aidancrowther/Documents/Projects/pico/pico-sdk/src/rp2_common/pico_stdio_usb/stdio_usb_descriptors.c.obj
                0x0000000010005f08                tud_descriptor_device_cb
 .text.tud_descriptor_configuration_cb
                0x0000000010005f10        0x8 CMakeFiles/Halloween-Laser.dir/home/aidancrowther/Documents/Projects/pico/pico-sdk/src/rp2_common/pico_stdio_usb/stdio_usb_descriptors.c.obj
                0x0000000010005f10                tud_descriptor_configuration_cb
 .text.tud_descriptor_string_cb
                0x0000000010005f18       0x60 CMakeFiles/Halloween-Laser.dir/home/aidancrowther/Documents/Projects/pico/pico-sdk/src/rp2_common/pico_stdio_usb/stdio_usb_descriptors.c.obj
                0x0000000010005f18                tud_descriptor_string_cb
 .text.dcd_rp2040_irq
                0x0000000010005f78      0x130 CMakeFiles/Halloween-Laser.dir/home/aidancrowther/Documents/Projects/pico/pico-sdk/lib/tinyusb/src/portable/raspberrypi/rp2040/dcd_rp2040.c.obj
 .text.dcd_int_enable
                0x00000000100060a8        0xc CMakeFiles/Halloween-Laser.dir/home/aidancrowther/Documents/Projects/pico/pico-sdk/lib/tinyusb/src/portable/raspberrypi/rp2040/dcd_rp2040.c.obj
                0x00000000100060a8                dcd_int_enable
 .text.dcd_set_address
                0x00000000100060b4       0x30 CMakeFiles/Halloween-Laser.dir/home/aidancrowther/Documents/Projects/pico/pico-sdk/lib/tinyusb/src/portable/raspberrypi/rp2040/dcd_rp2040.c.obj
                0x00000000100060b4                dcd_set_address
 .text.dcd_connect
                0x00000000100060e4       0x10 CMakeFiles/Halloween-Laser.dir/home/aidancrowther/Documents/Projects/pico/pico-sdk/lib/tinyusb/src/portable/raspberrypi/rp2040/dcd_rp2040.c.obj
                0x00000000100060e4                dcd_connect
 .text.dcd_init
                0x00000000100060f4       0xa4 CMakeFiles/Halloween-Laser.dir/home/aidancrowther/Documents/Projects/pico/pico-sdk/lib/tinyusb/src/portable/raspberrypi/rp2040/dcd_rp2040.c.obj
                0x00000000100060f4                dcd_init
 .text.dcd_edpt0_status_complete
                0x0000000010006198       0x38 CMakeFiles/Halloween-Laser.dir/home/aidancrowther/Documents/Projects/pico/pico-sdk/lib/tinyusb/src/portable/raspberrypi/rp2040/dcd_rp2040.c.obj
                0x0000000010006198                dcd_edpt0_status_complete
 .text.dcd_edpt_open
                0x00000000100061d0      0x148 CMakeFiles/Halloween-Laser.dir/home/aidancrowther/Documents/Projects/pico/pico-sdk/lib/tinyusb/src/portable/raspberrypi/rp2040/dcd_rp2040.c.obj
                0x00000000100061d0                dcd_edpt_open
 .text.dcd_edpt_xfer
                0x0000000010006318       0x2c CMakeFiles/Halloween-Laser.dir/home/aidancrowther/Documents/Projects/pico/pico-sdk/lib/tinyusb/src/portable/raspberrypi/rp2040/dcd_rp2040.c.obj
                0x0000000010006318                dcd_edpt_xfer
 .text.dcd_edpt_stall
                0x0000000010006344       0x50 CMakeFiles/Halloween-Laser.dir/home/aidancrowther/Documents/Projects/pico/pico-sdk/lib/tinyusb/src/portable/raspberrypi/rp2040/dcd_rp2040.c.obj
                0x0000000010006344                dcd_edpt_stall
 .text.dcd_edpt_clear_stall
                0x0000000010006394       0x4c CMakeFiles/Halloween-Laser.dir/home/aidancrowther/Documents/Projects/pico/pico-sdk/lib/tinyusb/src/portable/raspberrypi/rp2040/dcd_rp2040.c.obj
                0x0000000010006394                dcd_edpt_clear_stall
 .text._hw_endpoint_buffer_control_update32.part.0.isra.0
                0x00000000100063e0       0x18 CMakeFiles/Halloween-Laser.dir/home/aidancrowther/Documents/Projects/pico/pico-sdk/lib/tinyusb/src/portable/raspberrypi/rp2040/rp2040_usb.c.obj
 .text.rp2040_usb_init
                0x00000000100063f8       0x50 CMakeFiles/Halloween-Laser.dir/home/aidancrowther/Documents/Projects/pico/pico-sdk/lib/tinyusb/src/portable/raspberrypi/rp2040/rp2040_usb.c.obj
                0x00000000100063f8                rp2040_usb_init
 .text.hw_endpoint_reset_transfer
                0x0000000010006448       0x14 CMakeFiles/Halloween-Laser.dir/home/aidancrowther/Documents/Projects/pico/pico-sdk/lib/tinyusb/src/portable/raspberrypi/rp2040/rp2040_usb.c.obj
                0x0000000010006448                hw_endpoint_reset_transfer
 .text._hw_endpoint_buffer_control_update32
                0x000000001000645c       0x44 CMakeFiles/Halloween-Laser.dir/home/aidancrowther/Documents/Projects/pico/pico-sdk/lib/tinyusb/src/portable/raspberrypi/rp2040/rp2040_usb.c.obj
                0x000000001000645c                _hw_endpoint_buffer_control_update32
 .text._hw_endpoint_xfer_continue
                0x00000000100064a0      0x104 CMakeFiles/Halloween-Laser.dir/home/aidancrowther/Documents/Projects/pico/pico-sdk/lib/tinyusb/src/portable/raspberrypi/rp2040/rp2040_usb.c.obj
                0x00000000100064a0                _hw_endpoint_xfer_continue
 .text._hw_endpoint_xfer
                0x00000000100065a4       0xb0 CMakeFiles/Halloween-Laser.dir/home/aidancrowther/Documents/Projects/pico/pico-sdk/lib/tinyusb/src/portable/raspberrypi/rp2040/rp2040_usb.c.obj
                0x00000000100065a4                _hw_endpoint_xfer
 .text.tud_mounted
                0x0000000010006654       0x10 CMakeFiles/Halloween-Laser.dir/home/aidancrowther/Documents/Projects/pico/pico-sdk/lib/tinyusb/src/device/usbd.c.obj
                0x0000000010006654                tud_mounted
 .text.tud_suspended
                0x0000000010006664       0x10 CMakeFiles/Halloween-Laser.dir/home/aidancrowther/Documents/Projects/pico/pico-sdk/lib/tinyusb/src/device/usbd.c.obj
                0x0000000010006664                tud_suspended
 .text.tud_init
                0x0000000010006674       0xb8 CMakeFiles/Halloween-Laser.dir/home/aidancrowther/Documents/Projects/pico/pico-sdk/lib/tinyusb/src/device/usbd.c.obj
                0x0000000010006674                tud_init
 .text.tud_task
                0x000000001000672c      0x854 CMakeFiles/Halloween-Laser.dir/home/aidancrowther/Documents/Projects/pico/pico-sdk/lib/tinyusb/src/device/usbd.c.obj
                0x000000001000672c                tud_task
 .text.dcd_event_bus_signal
                0x0000000010006f80       0xe4 CMakeFiles/Halloween-Laser.dir/home/aidancrowther/Documents/Projects/pico/pico-sdk/lib/tinyusb/src/device/usbd.c.obj
                0x0000000010006f80                dcd_event_bus_signal
 .text.dcd_event_setup_received
                0x0000000010007064       0x50 CMakeFiles/Halloween-Laser.dir/home/aidancrowther/Documents/Projects/pico/pico-sdk/lib/tinyusb/src/device/usbd.c.obj
                0x0000000010007064                dcd_event_setup_received
 .text.dcd_event_xfer_complete
                0x00000000100070b4       0x68 CMakeFiles/Halloween-Laser.dir/home/aidancrowther/Documents/Projects/pico/pico-sdk/lib/tinyusb/src/device/usbd.c.obj
                0x00000000100070b4                dcd_event_xfer_complete
 .text.usbd_open_edpt_pair
                0x000000001000711c       0x68 CMakeFiles/Halloween-Laser.dir/home/aidancrowther/Documents/Projects/pico/pico-sdk/lib/tinyusb/src/device/usbd.c.obj
                0x000000001000711c                usbd_open_edpt_pair
 .text.usbd_edpt_open
                0x0000000010007184        0x8 CMakeFiles/Halloween-Laser.dir/home/aidancrowther/Documents/Projects/pico/pico-sdk/lib/tinyusb/src/device/usbd.c.obj
                0x0000000010007184                usbd_edpt_open
 .text.usbd_edpt_claim
                0x000000001000718c       0x64 CMakeFiles/Halloween-Laser.dir/home/aidancrowther/Documents/Projects/pico/pico-sdk/lib/tinyusb/src/device/usbd.c.obj
                0x000000001000718c                usbd_edpt_claim
 .text.usbd_edpt_release
                0x00000000100071f0       0x4c CMakeFiles/Halloween-Laser.dir/home/aidancrowther/Documents/Projects/pico/pico-sdk/lib/tinyusb/src/device/usbd.c.obj
                0x00000000100071f0                usbd_edpt_release
 .text.usbd_edpt_xfer
                0x000000001000723c       0x44 CMakeFiles/Halloween-Laser.dir/home/aidancrowther/Documents/Projects/pico/pico-sdk/lib/tinyusb/src/device/usbd.c.obj
                0x000000001000723c                usbd_edpt_xfer
 .text.tud_control_status
                0x0000000010007280       0x2c CMakeFiles/Halloween-Laser.dir/home/aidancrowther/Documents/Projects/pico/pico-sdk/lib/tinyusb/src/device/usbd_control.c.obj
                0x0000000010007280                tud_control_status
 .text.tud_control_xfer
                0x00000000100072ac       0xac CMakeFiles/Halloween-Laser.dir/home/aidancrowther/Documents/Projects/pico/pico-sdk/lib/tinyusb/src/device/usbd_control.c.obj
                0x00000000100072ac                tud_control_xfer
 .text.usbd_control_reset
                0x0000000010007358       0x14 CMakeFiles/Halloween-Laser.dir/home/aidancrowther/Documents/Projects/pico/pico-sdk/lib/tinyusb/src/device/usbd_control.c.obj
                0x0000000010007358                usbd_control_reset
 .text.usbd_control_set_complete_callback
                0x000000001000736c        0xc CMakeFiles/Halloween-Laser.dir/home/aidancrowther/Documents/Projects/pico/pico-sdk/lib/tinyusb/src/device/usbd_control.c.obj
                0x000000001000736c                usbd_control_set_complete_callback
 .text.usbd_control_set_request
                0x0000000010007378       0x1c CMakeFiles/Halloween-Laser.dir/home/aidancrowther/Documents/Projects/pico/pico-sdk/lib/tinyusb/src/device/usbd_control.c.obj
                0x0000000010007378                usbd_control_set_request
 .text.usbd_control_xfer_cb
                0x0000000010007394       0xe4 CMakeFiles/Halloween-Laser.dir/home/aidancrowther/Documents/Projects/pico/pico-sdk/lib/tinyusb/src/device/usbd_control.c.obj
                0x0000000010007394                usbd_control_xfer_cb
 .text.tud_cdc_n_connected
                0x0000000010007478       0x34 CMakeFiles/Halloween-Laser.dir/home/aidancrowther/Documents/Projects/pico/pico-sdk/lib/tinyusb/src/class/cdc/cdc_device.c.obj
                0x0000000010007478                tud_cdc_n_connected
 .text.tud_cdc_n_available
                0x00000000100074ac       0x1c CMakeFiles/Halloween-Laser.dir/home/aidancrowther/Documents/Projects/pico/pico-sdk/lib/tinyusb/src/class/cdc/cdc_device.c.obj
                0x00000000100074ac                tud_cdc_n_available
 .text.tud_cdc_n_read
                0x00000000100074c8       0x74 CMakeFiles/Halloween-Laser.dir/home/aidancrowther/Documents/Projects/pico/pico-sdk/lib/tinyusb/src/class/cdc/cdc_device.c.obj
                0x00000000100074c8                tud_cdc_n_read
 .text.tud_cdc_n_write_flush
                0x000000001000753c       0xa0 CMakeFiles/Halloween-Laser.dir/home/aidancrowther/Documents/Projects/pico/pico-sdk/lib/tinyusb/src/class/cdc/cdc_device.c.obj
                0x000000001000753c                tud_cdc_n_write_flush
 .text.tud_cdc_n_write
                0x00000000100075dc       0x38 CMakeFiles/Halloween-Laser.dir/home/aidancrowther/Documents/Projects/pico/pico-sdk/lib/tinyusb/src/class/cdc/cdc_device.c.obj
                0x00000000100075dc                tud_cdc_n_write
 .text.tud_cdc_n_write_available
                0x0000000010007614       0x1c CMakeFiles/Halloween-Laser.dir/home/aidancrowther/Documents/Projects/pico/pico-sdk/lib/tinyusb/src/class/cdc/cdc_device.c.obj
                0x0000000010007614                tud_cdc_n_write_available
 .text.cdcd_init
                0x0000000010007630       0x78 CMakeFiles/Halloween-Laser.dir/home/aidancrowther/Documents/Projects/pico/pico-sdk/lib/tinyusb/src/class/cdc/cdc_device.c.obj
                0x0000000010007630                cdcd_init
 .text.cdcd_reset
                0x00000000100076a8       0x24 CMakeFiles/Halloween-Laser.dir/home/aidancrowther/Documents/Projects/pico/pico-sdk/lib/tinyusb/src/class/cdc/cdc_device.c.obj
                0x00000000100076a8                cdcd_reset
 .text.cdcd_open
                0x00000000100076cc       0xe8 CMakeFiles/Halloween-Laser.dir/home/aidancrowther/Documents/Projects/pico/pico-sdk/lib/tinyusb/src/class/cdc/cdc_device.c.obj
                0x00000000100076cc                cdcd_open
 .text.cdcd_control_complete
                0x00000000100077b4       0x40 CMakeFiles/Halloween-Laser.dir/home/aidancrowther/Documents/Projects/pico/pico-sdk/lib/tinyusb/src/class/cdc/cdc_device.c.obj
                0x00000000100077b4                cdcd_control_complete
 .text.cdcd_control_request
                0x00000000100077f4       0x6c CMakeFiles/Halloween-Laser.dir/home/aidancrowther/Documents/Projects/pico/pico-sdk/lib/tinyusb/src/class/cdc/cdc_device.c.obj
                0x00000000100077f4                cdcd_control_request
 .text.cdcd_xfer_cb
                0x0000000010007860      0x14c CMakeFiles/Halloween-Laser.dir/home/aidancrowther/Documents/Projects/pico/pico-sdk/lib/tinyusb/src/class/cdc/cdc_device.c.obj
                0x0000000010007860                cdcd_xfer_cb
 .text.tusb_init
                0x00000000100079ac       0x20 CMakeFiles/Halloween-Laser.dir/home/aidancrowther/Documents/Projects/pico/pico-sdk/lib/tinyusb/src/tusb.c.obj
                0x00000000100079ac                tusb_init
 .text.tusb_inited
                0x00000000100079cc        0xc CMakeFiles/Halloween-Laser.dir/home/aidancrowther/Documents/Projects/pico/pico-sdk/lib/tinyusb/src/tusb.c.obj
                0x00000000100079cc                tusb_inited
 .text.tu_fifo_config
                0x00000000100079d8       0x78 CMakeFiles/Halloween-Laser.dir/home/aidancrowther/Documents/Projects/pico/pico-sdk/lib/tinyusb/src/common/tusb_fifo.c.obj
                0x00000000100079d8                tu_fifo_config
 .text.tu_fifo_count
                0x0000000010007a50       0x18 CMakeFiles/Halloween-Laser.dir/home/aidancrowther/Documents/Projects/pico/pico-sdk/lib/tinyusb/src/common/tusb_fifo.c.obj
                0x0000000010007a50                tu_fifo_count
 .text.tu_fifo_remaining
                0x0000000010007a68       0x1c CMakeFiles/Halloween-Laser.dir/home/aidancrowther/Documents/Projects/pico/pico-sdk/lib/tinyusb/src/common/tusb_fifo.c.obj
                0x0000000010007a68                tu_fifo_remaining
 .text.tu_fifo_read
                0x0000000010007a84       0xa8 CMakeFiles/Halloween-Laser.dir/home/aidancrowther/Documents/Projects/pico/pico-sdk/lib/tinyusb/src/common/tusb_fifo.c.obj
                0x0000000010007a84                tu_fifo_read
 .text.tu_fifo_read_n
                0x0000000010007b2c       0xe8 CMakeFiles/Halloween-Laser.dir/home/aidancrowther/Documents/Projects/pico/pico-sdk/lib/tinyusb/src/common/tusb_fifo.c.obj
                0x0000000010007b2c                tu_fifo_read_n
 .text.tu_fifo_write
                0x0000000010007c14       0x84 CMakeFiles/Halloween-Laser.dir/home/aidancrowther/Documents/Projects/pico/pico-sdk/lib/tinyusb/src/common/tusb_fifo.c.obj
                0x0000000010007c14                tu_fifo_write
 .text.tu_fifo_write_n
                0x0000000010007c98       0xf4 CMakeFiles/Halloween-Laser.dir/home/aidancrowther/Documents/Projects/pico/pico-sdk/lib/tinyusb/src/common/tusb_fifo.c.obj
                0x0000000010007c98                tu_fifo_write_n
 .text.tu_fifo_clear
                0x0000000010007d8c       0x2c CMakeFiles/Halloween-Laser.dir/home/aidancrowther/Documents/Projects/pico/pico-sdk/lib/tinyusb/src/common/tusb_fifo.c.obj
                0x0000000010007d8c                tu_fifo_clear
 .text.pio_claim_unused_sm
                0x0000000010007db8       0x3c CMakeFiles/Halloween-Laser.dir/home/aidancrowther/Documents/Projects/pico/pico-sdk/src/rp2_common/hardware_pio/pio.c.obj
                0x0000000010007db8                pio_claim_unused_sm
 .text.pio_add_program
                0x0000000010007df4       0xf0 CMakeFiles/Halloween-Laser.dir/home/aidancrowther/Documents/Projects/pico/pico-sdk/src/rp2_common/hardware_pio/pio.c.obj
                0x0000000010007df4                pio_add_program
 .text.pio_sm_set_consecutive_pindirs
                0x0000000010007ee4       0x84 CMakeFiles/Halloween-Laser.dir/home/aidancrowther/Documents/Projects/pico/pico-sdk/src/rp2_common/hardware_pio/pio.c.obj
                0x0000000010007ee4                pio_sm_set_consecutive_pindirs
 .text.pio_sm_init
                0x0000000010007f68       0x9c CMakeFiles/Halloween-Laser.dir/home/aidancrowther/Documents/Projects/pico/pico-sdk/src/rp2_common/hardware_pio/pio.c.obj
                0x0000000010007f68                pio_sm_init
 .text.dma_claim_unused_channel
                0x0000000010008004       0x24 CMakeFiles/Halloween-Laser.dir/home/aidancrowther/Documents/Projects/pico/pico-sdk/src/rp2_common/hardware_dma/dma.c.obj
                0x0000000010008004                dma_claim_unused_channel
 .text.atexit   0x0000000010008028       0x10 /usr/lib/gcc/arm-none-eabi/12.1.0/../../../../arm-none-eabi/lib/thumb/v6-m/nofp/libc.a(lib_a-atexit.o)
                0x0000000010008028                atexit
 .text.__libc_fini_array
                0x0000000010008038       0x28 /usr/lib/gcc/arm-none-eabi/12.1.0/../../../../arm-none-eabi/lib/thumb/v6-m/nofp/libc.a(lib_a-fini.o)
                0x0000000010008038                __libc_fini_array
 .text.__retarget_lock_acquire_recursive
                0x0000000010008060        0x4 /usr/lib/gcc/arm-none-eabi/12.1.0/../../../../arm-none-eabi/lib/thumb/v6-m/nofp/libc.a(lib_a-lock.o)
                0x0000000010008060                __retarget_lock_acquire_recursive
 .text.__retarget_lock_release_recursive
                0x0000000010008064        0x4 /usr/lib/gcc/arm-none-eabi/12.1.0/../../../../arm-none-eabi/lib/thumb/v6-m/nofp/libc.a(lib_a-lock.o)
                0x0000000010008064                __retarget_lock_release_recursive
 .text.malloc   0x0000000010008068       0x14 /usr/lib/gcc/arm-none-eabi/12.1.0/../../../../arm-none-eabi/lib/thumb/v6-m/nofp/libc.a(lib_a-malloc.o)
                0x0000000010008068                malloc
 .text.free     0x000000001000807c       0x14 /usr/lib/gcc/arm-none-eabi/12.1.0/../../../../arm-none-eabi/lib/thumb/v6-m/nofp/libc.a(lib_a-malloc.o)
                0x000000001000807c                free
 .text._malloc_r
                0x0000000010008090      0x574 /usr/lib/gcc/arm-none-eabi/12.1.0/../../../../arm-none-eabi/lib/thumb/v6-m/nofp/libc.a(lib_a-mallocr.o)
                0x0000000010008090                _malloc_r
 .text.__malloc_lock
                0x0000000010008604       0x10 /usr/lib/gcc/arm-none-eabi/12.1.0/../../../../arm-none-eabi/lib/thumb/v6-m/nofp/libc.a(lib_a-mlock.o)
                0x0000000010008604                __malloc_lock
 .text.__malloc_unlock
                0x0000000010008614       0x10 /usr/lib/gcc/arm-none-eabi/12.1.0/../../../../arm-none-eabi/lib/thumb/v6-m/nofp/libc.a(lib_a-mlock.o)
                0x0000000010008614                __malloc_unlock
 .text._sbrk_r  0x0000000010008624       0x24 /usr/lib/gcc/arm-none-eabi/12.1.0/../../../../arm-none-eabi/lib/thumb/v6-m/nofp/libc.a(lib_a-sbrkr.o)
                0x0000000010008624                _sbrk_r
 .text.strlen   0x0000000010008648       0x5c /usr/lib/gcc/arm-none-eabi/12.1.0/../../../../arm-none-eabi/lib/thumb/v6-m/nofp/libc.a(lib_a-strlen-stub.o)
                0x0000000010008648                strlen
 .text.__register_exitproc
                0x00000000100086a4       0xac /usr/lib/gcc/arm-none-eabi/12.1.0/../../../../arm-none-eabi/lib/thumb/v6-m/nofp/libc.a(lib_a-__atexit.o)
                0x00000000100086a4                __register_exitproc
 .text.startup.register_fini
                0x0000000010008750       0x18 /usr/lib/gcc/arm-none-eabi/12.1.0/../../../../arm-none-eabi/lib/thumb/v6-m/nofp/libc.a(lib_a-__call_atexit.o)
 .text._malloc_trim_r
                0x0000000010008768       0x9c /usr/lib/gcc/arm-none-eabi/12.1.0/../../../../arm-none-eabi/lib/thumb/v6-m/nofp/libc.a(lib_a-freer.o)
                0x0000000010008768                _malloc_trim_r
 .text._free_r  0x0000000010008804      0x1d4 /usr/lib/gcc/arm-none-eabi/12.1.0/../../../../arm-none-eabi/lib/thumb/v6-m/nofp/libc.a(lib_a-freer.o)
                0x0000000010008804                _free_r
 *(.fini)
 .fini          0x00000000100089d8        0x4 /usr/lib/gcc/arm-none-eabi/12.1.0/thumb/v6-m/nofp/crti.o
                0x00000000100089d8                _fini
 *fill*         0x00000000100089dc        0x4 
 .fini.__stub   0x00000000100089e0       0x60 linker stubs
 *crtbegin.o(.ctors)
 *crtbegin?.o(.ctors)
 *(EXCLUDE_FILE(*crtend.o *crtend?.o) .ctors)
 *(SORT_BY_NAME(.ctors.*))
 *(.ctors)
 *crtbegin.o(.dtors)
 *crtbegin?.o(.dtors)
 *(EXCLUDE_FILE(*crtend.o *crtend?.o) .dtors)
 *(SORT_BY_NAME(.dtors.*))
 *(.dtors)
 *(.eh_frame*)
 .eh_frame      0x0000000010008a40        0x0 /usr/lib/gcc/arm-none-eabi/12.1.0/thumb/v6-m/nofp/crtbegin.o
                0x0000000010008a40                . = ALIGN (0x4)

.glue_7         0x0000000010008a40        0x0
 .glue_7        0x0000000010008a40        0x0 linker stubs

.glue_7t        0x0000000010008a40        0x0
 .glue_7t       0x0000000010008a40        0x0 linker stubs

.vfp11_veneer   0x0000000010008a40        0x0
 .vfp11_veneer  0x0000000010008a40        0x0 linker stubs

.v4_bx          0x0000000010008a40        0x0
 .v4_bx         0x0000000010008a40        0x0 linker stubs

.iplt           0x0000000010008a40        0x0
 .iplt          0x0000000010008a40        0x0 /usr/lib/gcc/arm-none-eabi/12.1.0/thumb/v6-m/nofp/crtbegin.o

.rodata         0x0000000010008a40      0x614
 *(EXCLUDE_FILE(*libm.a: *libc.a:*lib_a-mem*.o *libgcc.a:) .rodata*)
 .rodata.main.str1.4
                0x0000000010008a40        0x4 CMakeFiles/Halloween-Laser.dir/Halloween-Laser.c.obj
 .rodata.picostepper_two_wire_reversed_program
                0x0000000010008a44        0x6 CMakeFiles/Halloween-Laser.dir/home/aidancrowther/Documents/Projects/pico/PicoStepper/src/picostepper/picostepper.c.obj
 *fill*         0x0000000010008a4a        0x2 
 .rodata.picostepper_two_wire_reversed_program_instructions
                0x0000000010008a4c       0x1c CMakeFiles/Halloween-Laser.dir/home/aidancrowther/Documents/Projects/pico/PicoStepper/src/picostepper/picostepper.c.obj
 .rodata.picostepper_two_wire_program
                0x0000000010008a68        0x6 CMakeFiles/Halloween-Laser.dir/home/aidancrowther/Documents/Projects/pico/PicoStepper/src/picostepper/picostepper.c.obj
 *fill*         0x0000000010008a6e        0x2 
 .rodata.picostepper_two_wire_program_instructions
                0x0000000010008a70       0x1c CMakeFiles/Halloween-Laser.dir/home/aidancrowther/Documents/Projects/pico/PicoStepper/src/picostepper/picostepper.c.obj
 .rodata.spin_lock_claim_unused.str1.4
                0x0000000010008a8c       0x1b CMakeFiles/Halloween-Laser.dir/home/aidancrowther/Documents/Projects/pico/pico-sdk/src/rp2_common/hardware_sync/sync.c.obj
 *fill*         0x0000000010008aa7        0x1 
 .rodata.hardware_alarm_claim.str1.4
                0x0000000010008aa8       0x22 CMakeFiles/Halloween-Laser.dir/home/aidancrowther/Documents/Projects/pico/pico-sdk/src/rp2_common/hardware_timer/timer.c.obj
 *fill*         0x0000000010008aca        0x2 
 .rodata.panic.str1.4
                0x0000000010008acc       0x12 CMakeFiles/Halloween-Laser.dir/home/aidancrowther/Documents/Projects/pico/pico-sdk/src/rp2_common/pico_runtime/runtime.c.obj
 *fill*         0x0000000010008ade        0x2 
 .rodata.hard_assertion_failure.str1.4
                0x0000000010008ae0        0xc CMakeFiles/Halloween-Laser.dir/home/aidancrowther/Documents/Projects/pico/pico-sdk/src/rp2_common/pico_runtime/runtime.c.obj
 .rodata._ftoa.str1.4
                0x0000000010008aec       0x15 CMakeFiles/Halloween-Laser.dir/home/aidancrowther/Documents/Projects/pico/pico-sdk/src/rp2_common/pico_printf/printf.c.obj
 *fill*         0x0000000010008b01        0x3 
 .rodata._vsnprintf
                0x0000000010008b04      0x19c CMakeFiles/Halloween-Laser.dir/home/aidancrowther/Documents/Projects/pico/pico-sdk/src/rp2_common/pico_printf/printf.c.obj
 .rodata.pow10.0
                0x0000000010008ca0       0x50 CMakeFiles/Halloween-Laser.dir/home/aidancrowther/Documents/Projects/pico/pico-sdk/src/rp2_common/pico_printf/printf.c.obj
 .rodata.__wrap_malloc.str1.4
                0x0000000010008cf0        0xe CMakeFiles/Halloween-Laser.dir/home/aidancrowther/Documents/Projects/pico/pico-sdk/src/rp2_common/pico_malloc/pico_malloc.c.obj
 *fill*         0x0000000010008cfe        0x2 
 .rodata.str1.4
                0x0000000010008d00       0x44 CMakeFiles/Halloween-Laser.dir/home/aidancrowther/Documents/Projects/pico/pico-sdk/src/rp2_common/pico_standard_link/binary_info.c.obj
 .rodata.__bi_81
                0x0000000010008d44        0xc CMakeFiles/Halloween-Laser.dir/home/aidancrowther/Documents/Projects/pico/pico-sdk/src/rp2_common/pico_standard_link/binary_info.c.obj
 .rodata.__bi_75
                0x0000000010008d50        0xc CMakeFiles/Halloween-Laser.dir/home/aidancrowther/Documents/Projects/pico/pico-sdk/src/rp2_common/pico_standard_link/binary_info.c.obj
 .rodata.__bi_44
                0x0000000010008d5c        0xc CMakeFiles/Halloween-Laser.dir/home/aidancrowther/Documents/Projects/pico/pico-sdk/src/rp2_common/pico_standard_link/binary_info.c.obj
 .rodata.crlf_str.0
                0x0000000010008d68        0x2 CMakeFiles/Halloween-Laser.dir/home/aidancrowther/Documents/Projects/pico/pico-sdk/src/rp2_common/pico_stdio/stdio.c.obj
 *fill*         0x0000000010008d6a        0x2 
 .rodata.str1.4
                0x0000000010008d6c       0x2c CMakeFiles/Halloween-Laser.dir/home/aidancrowther/Documents/Projects/pico/pico-sdk/src/rp2_common/pico_stdio_uart/stdio_uart.c.obj
 .rodata.__bi_28.4
                0x0000000010008d98        0xc CMakeFiles/Halloween-Laser.dir/home/aidancrowther/Documents/Projects/pico/pico-sdk/src/rp2_common/pico_stdio_uart/stdio_uart.c.obj
 .rodata.__bi_29.5
                0x0000000010008da4        0x8 CMakeFiles/Halloween-Laser.dir/home/aidancrowther/Documents/Projects/pico/pico-sdk/src/rp2_common/pico_stdio_uart/stdio_uart.c.obj
 .rodata._resetd_driver
                0x0000000010008dac       0x1c CMakeFiles/Halloween-Laser.dir/home/aidancrowther/Documents/Projects/pico/pico-sdk/src/rp2_common/pico_stdio_usb/reset_interface.c.obj
 .rodata.str1.4
                0x0000000010008dc8       0x13 CMakeFiles/Halloween-Laser.dir/home/aidancrowther/Documents/Projects/pico/pico-sdk/src/rp2_common/pico_stdio_usb/stdio_usb.c.obj
 *fill*         0x0000000010008ddb        0x1 
 .rodata.__bi_93.0
                0x0000000010008ddc        0xc CMakeFiles/Halloween-Laser.dir/home/aidancrowther/Documents/Projects/pico/pico-sdk/src/rp2_common/pico_stdio_usb/stdio_usb.c.obj
 .rodata.str1.4
                0x0000000010008de8       0x3a CMakeFiles/Halloween-Laser.dir/home/aidancrowther/Documents/Projects/pico/pico-sdk/src/rp2_common/pico_stdio_usb/stdio_usb_descriptors.c.obj
 *fill*         0x0000000010008e22        0x2 
 .rodata.usbd_desc_str
                0x0000000010008e24       0x18 CMakeFiles/Halloween-Laser.dir/home/aidancrowther/Documents/Projects/pico/pico-sdk/src/rp2_common/pico_stdio_usb/stdio_usb_descriptors.c.obj
 .rodata.usbd_desc_cfg
                0x0000000010008e3c       0x54 CMakeFiles/Halloween-Laser.dir/home/aidancrowther/Documents/Projects/pico/pico-sdk/src/rp2_common/pico_stdio_usb/stdio_usb_descriptors.c.obj
 .rodata.usbd_desc_device
                0x0000000010008e90       0x12 CMakeFiles/Halloween-Laser.dir/home/aidancrowther/Documents/Projects/pico/pico-sdk/src/rp2_common/pico_stdio_usb/stdio_usb_descriptors.c.obj
 *fill*         0x0000000010008ea2        0x2 
 .rodata.dcd_rp2040_irq.str1.4
                0x0000000010008ea4       0x14 CMakeFiles/Halloween-Laser.dir/home/aidancrowther/Documents/Projects/pico/pico-sdk/lib/tinyusb/src/portable/raspberrypi/rp2040/dcd_rp2040.c.obj
 .rodata.dcd_edpt_open.str1.4
                0x0000000010008eb8       0x28 CMakeFiles/Halloween-Laser.dir/home/aidancrowther/Documents/Projects/pico/pico-sdk/lib/tinyusb/src/portable/raspberrypi/rp2040/dcd_rp2040.c.obj
 .rodata._hw_endpoint_buffer_control_update32.part.0.isra.0.str1.4
                0x0000000010008ee0       0x1f CMakeFiles/Halloween-Laser.dir/home/aidancrowther/Documents/Projects/pico/pico-sdk/lib/tinyusb/src/portable/raspberrypi/rp2040/rp2040_usb.c.obj
 *fill*         0x0000000010008eff        0x1 
 .rodata._hw_endpoint_xfer_continue.str1.4
                0x0000000010008f00       0x50 CMakeFiles/Halloween-Laser.dir/home/aidancrowther/Documents/Projects/pico/pico-sdk/lib/tinyusb/src/portable/raspberrypi/rp2040/rp2040_usb.c.obj
 .rodata.str1.4
                0x0000000010008f50       0x50 CMakeFiles/Halloween-Laser.dir/home/aidancrowther/Documents/Projects/pico/pico-sdk/lib/tinyusb/src/portable/raspberrypi/rp2040/rp2040_usb.c.obj
                                          0x7 (size before relaxing)
 .rodata.tud_task
                0x0000000010008f50       0x8c CMakeFiles/Halloween-Laser.dir/home/aidancrowther/Documents/Projects/pico/pico-sdk/lib/tinyusb/src/device/usbd.c.obj
 .rodata._usbd_driver
                0x0000000010008fdc       0x1c CMakeFiles/Halloween-Laser.dir/home/aidancrowther/Documents/Projects/pico/pico-sdk/lib/tinyusb/src/device/usbd.c.obj
 .rodata.pio_claim_unused_sm.str1.4
                0x0000000010008ff8       0x24 CMakeFiles/Halloween-Laser.dir/home/aidancrowther/Documents/Projects/pico/pico-sdk/src/rp2_common/hardware_pio/pio.c.obj
 .rodata.pio_add_program.str1.4
                0x000000001000901c       0x11 CMakeFiles/Halloween-Laser.dir/home/aidancrowther/Documents/Projects/pico/pico-sdk/src/rp2_common/hardware_pio/pio.c.obj
 *fill*         0x000000001000902d        0x3 
 .rodata.dma_claim_unused_channel.str1.4
                0x0000000010009030       0x1e CMakeFiles/Halloween-Laser.dir/home/aidancrowther/Documents/Projects/pico/pico-sdk/src/rp2_common/hardware_dma/dma.c.obj
 *fill*         0x000000001000904e        0x2 
 .rodata._global_impure_ptr
                0x0000000010009050        0x4 /usr/lib/gcc/arm-none-eabi/12.1.0/../../../../arm-none-eabi/lib/thumb/v6-m/nofp/libc.a(lib_a-impure.o)
                0x0000000010009050                _global_impure_ptr
                0x0000000010009054                . = ALIGN (0x4)
 *(SORT_BY_ALIGNMENT(SORT_BY_NAME(.flashdata*)))
                0x0000000010009054                . = ALIGN (0x4)

.rel.dyn        0x0000000010009054        0x0
 .rel.iplt      0x0000000010009054        0x0 /usr/lib/gcc/arm-none-eabi/12.1.0/thumb/v6-m/nofp/crtbegin.o

.ARM.extab
 *(.ARM.extab* .gnu.linkonce.armextab.*)
                0x0000000010009054                __exidx_start = .

.ARM.exidx
 *(.ARM.exidx* .gnu.linkonce.armexidx.*)
                0x0000000010009054                __exidx_end = .
                0x0000000010009054                . = ALIGN (0x4)
                0x0000000010009054                __binary_info_start = .

.binary_info    0x0000000010009054       0x28
 *(.binary_info.keep.*)
 .binary_info.keep.__bi_ptr81
                0x0000000010009054        0x4 CMakeFiles/Halloween-Laser.dir/home/aidancrowther/Documents/Projects/pico/pico-sdk/src/rp2_common/pico_standard_link/binary_info.c.obj
 .binary_info.keep.__bi_ptr75
                0x0000000010009058        0x4 CMakeFiles/Halloween-Laser.dir/home/aidancrowther/Documents/Projects/pico/pico-sdk/src/rp2_common/pico_standard_link/binary_info.c.obj
 .binary_info.keep.__bi_ptr50
                0x000000001000905c        0x4 CMakeFiles/Halloween-Laser.dir/home/aidancrowther/Documents/Projects/pico/pico-sdk/src/rp2_common/pico_standard_link/binary_info.c.obj
 .binary_info.keep.__bi_ptr44
                0x0000000010009060        0x4 CMakeFiles/Halloween-Laser.dir/home/aidancrowther/Documents/Projects/pico/pico-sdk/src/rp2_common/pico_standard_link/binary_info.c.obj
 .binary_info.keep.__bi_ptr38
                0x0000000010009064        0x4 CMakeFiles/Halloween-Laser.dir/home/aidancrowther/Documents/Projects/pico/pico-sdk/src/rp2_common/pico_standard_link/binary_info.c.obj
 .binary_info.keep.__bi_ptr30
                0x0000000010009068        0x4 CMakeFiles/Halloween-Laser.dir/home/aidancrowther/Documents/Projects/pico/pico-sdk/src/rp2_common/pico_standard_link/binary_info.c.obj
 .binary_info.keep.__bi_ptr22
                0x000000001000906c        0x4 CMakeFiles/Halloween-Laser.dir/home/aidancrowther/Documents/Projects/pico/pico-sdk/src/rp2_common/pico_standard_link/binary_info.c.obj
 *(.binary_info.*)
 .binary_info.__bi_ptr29
                0x0000000010009070        0x4 CMakeFiles/Halloween-Laser.dir/home/aidancrowther/Documents/Projects/pico/pico-sdk/src/rp2_common/pico_stdio_uart/stdio_uart.c.obj
 .binary_info.__bi_ptr28
                0x0000000010009074        0x4 CMakeFiles/Halloween-Laser.dir/home/aidancrowther/Documents/Projects/pico/pico-sdk/src/rp2_common/pico_stdio_uart/stdio_uart.c.obj
 .binary_info.__bi_ptr93
                0x0000000010009078        0x4 CMakeFiles/Halloween-Laser.dir/home/aidancrowther/Documents/Projects/pico/pico-sdk/src/rp2_common/pico_stdio_usb/stdio_usb.c.obj
                0x000000001000907c                __binary_info_end = .
                0x000000001000907c                . = ALIGN (0x4)
                0x000000001000907c                __etext = .

.ram_vector_table
                0x0000000020000000       0xc0
 *(.ram_vector_table)
 .ram_vector_table
                0x0000000020000000       0xc0 CMakeFiles/Halloween-Laser.dir/home/aidancrowther/Documents/Projects/pico/pico-sdk/src/rp2_common/pico_runtime/runtime.c.obj
                0x0000000020000000                ram_vector_table

.data           0x00000000200000c0      0xaec load address 0x000000001000907c
                0x00000000200000c0                __data_start__ = .
 *(vtable)
 *(.time_critical*)
 .time_critical.mutex_enter_blocking
                0x00000000200000c0       0x4c CMakeFiles/Halloween-Laser.dir/home/aidancrowther/Documents/Projects/pico/pico-sdk/src/common/pico_sync/mutex.c.obj
                0x00000000200000c0                mutex_enter_blocking
 .time_critical.mutex_try_enter
                0x000000002000010c       0x40 CMakeFiles/Halloween-Laser.dir/home/aidancrowther/Documents/Projects/pico/pico-sdk/src/common/pico_sync/mutex.c.obj
                0x000000002000010c                mutex_try_enter
 .time_critical.mutex_enter_timeout_ms
                0x000000002000014c       0x90 CMakeFiles/Halloween-Laser.dir/home/aidancrowther/Documents/Projects/pico/pico-sdk/src/common/pico_sync/mutex.c.obj
                0x000000002000014c                mutex_enter_timeout_ms
 .time_critical.mutex_exit
                0x00000000200001dc       0x28 CMakeFiles/Halloween-Laser.dir/home/aidancrowther/Documents/Projects/pico/pico-sdk/src/common/pico_sync/mutex.c.obj
                0x00000000200001dc                mutex_exit
 *(.text*)
 .text          0x0000000020000204        0x4 /usr/lib/gcc/arm-none-eabi/12.1.0/thumb/v6-m/nofp/libgcc.a(_dvmd_tls.o)
                0x0000000020000204                __aeabi_ldiv0
                0x0000000020000204                __aeabi_idiv0
 .text.__stub   0x0000000020000208       0x30 linker stubs
                0x0000000020000238                . = ALIGN (0x4)
 *(.rodata*)
                0x0000000020000238                . = ALIGN (0x4)
 *(.data*)
 .data.home_y   0x0000000020000238        0x4 CMakeFiles/Halloween-Laser.dir/Halloween-Laser.c.obj
                0x0000000020000238                home_y
 .data.home_x   0x000000002000023c        0x4 CMakeFiles/Halloween-Laser.dir/Halloween-Laser.c.obj
                0x000000002000023c                home_x
 .data.blue     0x0000000020000240        0x4 CMakeFiles/Halloween-Laser.dir/Halloween-Laser.c.obj
                0x0000000020000240                blue
 .data.green    0x0000000020000244        0x4 CMakeFiles/Halloween-Laser.dir/Halloween-Laser.c.obj
                0x0000000020000244                green
 .data.red      0x0000000020000248        0x4 CMakeFiles/Halloween-Laser.dir/Halloween-Laser.c.obj
                0x0000000020000248                red
 .data.step_y   0x000000002000024c        0x1 CMakeFiles/Halloween-Laser.dir/Halloween-Laser.c.obj
                0x000000002000024c                step_y
 .data.step_x   0x000000002000024d        0x1 CMakeFiles/Halloween-Laser.dir/Halloween-Laser.c.obj
                0x000000002000024d                step_x
 .data.dir_y    0x000000002000024e        0x1 CMakeFiles/Halloween-Laser.dir/Halloween-Laser.c.obj
                0x000000002000024e                dir_y
 .data.dir_x    0x000000002000024f        0x1 CMakeFiles/Halloween-Laser.dir/Halloween-Laser.c.obj
                0x000000002000024f                dir_x
 .data.striped_spin_lock_num
                0x0000000020000250        0x1 CMakeFiles/Halloween-Laser.dir/home/aidancrowther/Documents/Projects/pico/pico-sdk/src/rp2_common/hardware_sync/sync.c.obj
 *fill*         0x0000000020000251        0x3 
 .data.default_alarm_pool
                0x0000000020000254       0x18 CMakeFiles/Halloween-Laser.dir/home/aidancrowther/Documents/Projects/pico/pico-sdk/src/common/pico_time/time.c.obj
 .data.default_alarm_pool_heap
                0x000000002000026c       0x10 CMakeFiles/Halloween-Laser.dir/home/aidancrowther/Documents/Projects/pico/pico-sdk/src/common/pico_time/time.c.obj
 .data          0x000000002000027c       0x48 CMakeFiles/Halloween-Laser.dir/home/aidancrowther/Documents/Projects/pico/pico-sdk/src/rp2_common/hardware_irq/irq_handler_chain.S.obj
                0x000000002000027c                irq_handler_chain_slots
                0x00000000200002ac                irq_handler_chain_first_slot
                0x00000000200002b6                irq_handler_chain_remove_tail
 *fill*         0x00000000200002c4        0xc 
 .data.aeabi_bits_funcs
                0x00000000200002d0       0x10 CMakeFiles/Halloween-Laser.dir/home/aidancrowther/Documents/Projects/pico/pico-sdk/src/rp2_common/pico_bit_ops/bit_ops_aeabi.S.obj
                0x00000000200002d0                aeabi_bits_funcs
                0x00000000200002e0                aeabi_bits_funcs_end
 .data.aeabi_mem_funcs
                0x00000000200002e0       0x10 CMakeFiles/Halloween-Laser.dir/home/aidancrowther/Documents/Projects/pico/pico-sdk/src/rp2_common/pico_mem_ops/mem_ops_aeabi.S.obj
                0x00000000200002e0                aeabi_mem_funcs
                0x00000000200002f0                aeabi_mem_funcs_end
 .data.stdio_uart
                0x00000000200002f0       0x14 CMakeFiles/Halloween-Laser.dir/home/aidancrowther/Documents/Projects/pico/pico-sdk/src/rp2_common/pico_stdio_uart/stdio_uart.c.obj
                0x00000000200002f0                stdio_uart
 .data.stdio_usb
                0x0000000020000304       0x14 CMakeFiles/Halloween-Laser.dir/home/aidancrowther/Documents/Projects/pico/pico-sdk/src/rp2_common/pico_stdio_usb/stdio_usb.c.obj
                0x0000000020000304                stdio_usb
 .data.ep_dir_string
                0x0000000020000318        0x8 CMakeFiles/Halloween-Laser.dir/home/aidancrowther/Documents/Projects/pico/pico-sdk/lib/tinyusb/src/portable/raspberrypi/rp2040/rp2040_usb.c.obj
                0x0000000020000318                ep_dir_string
 .data._usbd_qdef
                0x0000000020000320       0x20 CMakeFiles/Halloween-Laser.dir/home/aidancrowther/Documents/Projects/pico/pico-sdk/lib/tinyusb/src/device/usbd.c.obj
                0x0000000020000320                _usbd_qdef
 .data._impure_ptr
                0x0000000020000340        0x4 /usr/lib/gcc/arm-none-eabi/12.1.0/../../../../arm-none-eabi/lib/thumb/v6-m/nofp/libc.a(lib_a-impure.o)
                0x0000000020000340                _impure_ptr
 *fill*         0x0000000020000344        0x4 
 .data.impure_data
                0x0000000020000348      0x428 /usr/lib/gcc/arm-none-eabi/12.1.0/../../../../arm-none-eabi/lib/thumb/v6-m/nofp/libc.a(lib_a-impure.o)
 .data.__malloc_av_
                0x0000000020000770      0x408 /usr/lib/gcc/arm-none-eabi/12.1.0/../../../../arm-none-eabi/lib/thumb/v6-m/nofp/libc.a(lib_a-mallocr.o)
                0x0000000020000770                __malloc_av_
 .data.__malloc_sbrk_base
                0x0000000020000b78        0x4 /usr/lib/gcc/arm-none-eabi/12.1.0/../../../../arm-none-eabi/lib/thumb/v6-m/nofp/libc.a(lib_a-mallocr.o)
                0x0000000020000b78                __malloc_sbrk_base
 .data.__malloc_trim_threshold
                0x0000000020000b7c        0x4 /usr/lib/gcc/arm-none-eabi/12.1.0/../../../../arm-none-eabi/lib/thumb/v6-m/nofp/libc.a(lib_a-mallocr.o)
                0x0000000020000b7c                __malloc_trim_threshold
 .data.__atexit_recursive_mutex
                0x0000000020000b80        0x4 /usr/lib/gcc/arm-none-eabi/12.1.0/../../../../arm-none-eabi/lib/thumb/v6-m/nofp/libc.a(lib_a-__call_atexit.o)
                0x0000000020000b80                __atexit_recursive_mutex
                0x0000000020000b84                . = ALIGN (0x4)
 *(.after_data.*)
                0x0000000020000b84                . = ALIGN (0x4)
                0x0000000020000b84                PROVIDE (__mutex_array_start = .)
 *(SORT_BY_NAME(.mutex_array.*))
 *(.mutex_array)
 .mutex_array   0x0000000020000b84        0x8 CMakeFiles/Halloween-Laser.dir/home/aidancrowther/Documents/Projects/pico/pico-sdk/src/rp2_common/pico_malloc/pico_malloc.c.obj
 .mutex_array   0x0000000020000b8c        0x8 CMakeFiles/Halloween-Laser.dir/home/aidancrowther/Documents/Projects/pico/pico-sdk/src/rp2_common/pico_stdio/stdio.c.obj
                0x0000000020000b94                PROVIDE (__mutex_array_end = .)
                0x0000000020000b94                . = ALIGN (0x4)
                0x0000000020000b94                PROVIDE (__preinit_array_start = .)
 *(SORT_BY_NAME(.preinit_array.*))
 .preinit_array.00001
                0x0000000020000b94        0x4 CMakeFiles/Halloween-Laser.dir/home/aidancrowther/Documents/Projects/pico/pico-sdk/src/rp2_common/pico_mem_ops/mem_ops_aeabi.S.obj
 .preinit_array.00010
                0x0000000020000b98        0x4 CMakeFiles/Halloween-Laser.dir/home/aidancrowther/Documents/Projects/pico/pico-sdk/src/rp2_common/pico_bit_ops/bit_ops_aeabi.S.obj
 .preinit_array.00020
                0x0000000020000b9c        0x4 CMakeFiles/Halloween-Laser.dir/home/aidancrowther/Documents/Projects/pico/pico-sdk/src/rp2_common/pico_double/double_aeabi.S.obj
 .preinit_array.00020
                0x0000000020000ba0        0x4 CMakeFiles/Halloween-Laser.dir/home/aidancrowther/Documents/Projects/pico/pico-sdk/src/rp2_common/pico_float/float_aeabi.S.obj
 *(.preinit_array)
                0x0000000020000ba4                PROVIDE (__preinit_array_end = .)
                0x0000000020000ba4                . = ALIGN (0x4)
                0x0000000020000ba4                PROVIDE (__init_array_start = .)
 *(SORT_BY_NAME(.init_array.*))
 .init_array.00000
                0x0000000020000ba4        0x4 /usr/lib/gcc/arm-none-eabi/12.1.0/../../../../arm-none-eabi/lib/thumb/v6-m/nofp/libc.a(lib_a-__call_atexit.o)
 *(.init_array)
 .init_array    0x0000000020000ba8        0x4 /usr/lib/gcc/arm-none-eabi/12.1.0/thumb/v6-m/nofp/crtbegin.o
                0x0000000020000bac                PROVIDE (__init_array_end = .)
                0x0000000020000bac                . = ALIGN (0x4)
                0x0000000020000bac                PROVIDE (__fini_array_start = .)
 *(SORT_BY_NAME(.fini_array.*))
 *(.fini_array)
                0x0000000020000bac                PROVIDE (__fini_array_end = .)
 *(.jcr)
                0x0000000020000bac                . = ALIGN (0x4)
                0x0000000020000bac                __data_end__ = .

.igot.plt       0x0000000020000bac        0x0 load address 0x0000000010009b68
 .igot.plt      0x0000000020000bac        0x0 /usr/lib/gcc/arm-none-eabi/12.1.0/thumb/v6-m/nofp/crtbegin.o

.uninitialized_data
                0x0000000020000bac        0x0 load address 0x0000000010009b68
                0x0000000020000bac                . = ALIGN (0x4)
 *(.uninitialized_data*)

.scratch_x      0x0000000020040000        0x0 load address 0x0000000010009b68
                0x0000000020040000                __scratch_x_start__ = .
 *(.scratch_x.*)
                0x0000000020040000                . = ALIGN (0x4)
                0x0000000020040000                __scratch_x_end__ = .
                0x0000000010009b68                __scratch_x_source__ = LOADADDR (.scratch_x)

.scratch_y      0x0000000020041000        0x0 load address 0x0000000010009b68
                0x0000000020041000                __scratch_y_start__ = .
 *(.scratch_y.*)
                0x0000000020041000                . = ALIGN (0x4)
                0x0000000020041000                __scratch_y_end__ = .
                0x0000000010009b68                __scratch_y_source__ = LOADADDR (.scratch_y)

.bss            0x0000000020000bb0     0x11f8
                0x0000000020000bb0                . = ALIGN (0x4)
                0x0000000020000bb0                __bss_start__ = .
 *(SORT_BY_ALIGNMENT(SORT_BY_NAME(.bss*)))
 .bss.configured_freq
                0x0000000020000bb0       0x28 CMakeFiles/Halloween-Laser.dir/home/aidancrowther/Documents/Projects/pico/pico-sdk/src/rp2_common/hardware_clocks/clocks.c.obj
 .bss.default_alarm_pool_entries
                0x0000000020000bd8      0x100 CMakeFiles/Halloween-Laser.dir/home/aidancrowther/Documents/Projects/pico/pico-sdk/src/common/pico_time/time.c.obj
 .bss.last_avail_time.1
                0x0000000020000cd8        0x8 CMakeFiles/Halloween-Laser.dir/home/aidancrowther/Documents/Projects/pico/pico-sdk/src/rp2_common/pico_stdio_usb/stdio_usb.c.obj
 .bss.positions
                0x0000000020000ce0        0x8 CMakeFiles/Halloween-Laser.dir/Halloween-Laser.c.obj
                0x0000000020000ce0                positions
 .bss.sd_table  0x0000000020000ce8      0x100 CMakeFiles/Halloween-Laser.dir/home/aidancrowther/Documents/Projects/pico/pico-sdk/src/rp2_common/pico_double/double_init_rom.c.obj
                0x0000000020000ce8                sd_table
 .bss.sf_table  0x0000000020000de8      0x100 CMakeFiles/Halloween-Laser.dir/home/aidancrowther/Documents/Projects/pico/pico-sdk/src/rp2_common/pico_float/float_init_rom.c.obj
                0x0000000020000de8                sf_table
 .bss.XAxis     0x0000000020000ee8        0x4 CMakeFiles/Halloween-Laser.dir/Halloween-Laser.c.obj
                0x0000000020000ee8                XAxis
 .bss.YAxis     0x0000000020000eec        0x4 CMakeFiles/Halloween-Laser.dir/Halloween-Laser.c.obj
                0x0000000020000eec                YAxis
 .bss.__lock___atexit_recursive_mutex
                0x0000000020000ef0        0x1 /usr/lib/gcc/arm-none-eabi/12.1.0/../../../../arm-none-eabi/lib/thumb/v6-m/nofp/libc.a(lib_a-lock.o)
                0x0000000020000ef0                __lock___atexit_recursive_mutex
 *fill*         0x0000000020000ef1        0x3 
 .bss.__lock___malloc_recursive_mutex
                0x0000000020000ef4        0x1 /usr/lib/gcc/arm-none-eabi/12.1.0/../../../../arm-none-eabi/lib/thumb/v6-m/nofp/libc.a(lib_a-lock.o)
                0x0000000020000ef4                __lock___malloc_recursive_mutex
 *fill*         0x0000000020000ef5        0x3 
 .bss.__malloc_current_mallinfo
                0x0000000020000ef8       0x28 /usr/lib/gcc/arm-none-eabi/12.1.0/../../../../arm-none-eabi/lib/thumb/v6-m/nofp/libc.a(lib_a-mallocr.o)
                0x0000000020000ef8                __malloc_current_mallinfo
 .bss.__malloc_max_sbrked_mem
                0x0000000020000f20        0x4 /usr/lib/gcc/arm-none-eabi/12.1.0/../../../../arm-none-eabi/lib/thumb/v6-m/nofp/libc.a(lib_a-mallocr.o)
                0x0000000020000f20                __malloc_max_sbrked_mem
 .bss.__malloc_max_total_mem
                0x0000000020000f24        0x4 /usr/lib/gcc/arm-none-eabi/12.1.0/../../../../arm-none-eabi/lib/thumb/v6-m/nofp/libc.a(lib_a-mallocr.o)
                0x0000000020000f24                __malloc_max_total_mem
 .bss.__malloc_top_pad
                0x0000000020000f28        0x4 /usr/lib/gcc/arm-none-eabi/12.1.0/../../../../arm-none-eabi/lib/thumb/v6-m/nofp/libc.a(lib_a-mallocr.o)
                0x0000000020000f28                __malloc_top_pad
 .bss._app_driver
                0x0000000020000f2c        0x4 CMakeFiles/Halloween-Laser.dir/home/aidancrowther/Documents/Projects/pico/pico-sdk/lib/tinyusb/src/device/usbd.c.obj
 .bss._cdcd_itf
                0x0000000020000f30      0x2d0 CMakeFiles/Halloween-Laser.dir/home/aidancrowther/Documents/Projects/pico/pico-sdk/lib/tinyusb/src/class/cdc/cdc_device.c.obj
 .bss._ctrl_xfer
                0x0000000020001200       0x14 CMakeFiles/Halloween-Laser.dir/home/aidancrowther/Documents/Projects/pico/pico-sdk/lib/tinyusb/src/device/usbd_control.c.obj
 .bss._ubsd_mutexdef
                0x0000000020001214        0x8 CMakeFiles/Halloween-Laser.dir/home/aidancrowther/Documents/Projects/pico/pico-sdk/lib/tinyusb/src/device/usbd.c.obj
 .bss._usbd_ctrl_buf