Archive member included to satisfy reference by file (symbol)

/usr/lib/gcc/arm-none-eabi/14.1.0/thumb/v6-m/nofp/libgcc.a(_dvmd_tls.o)
                              CMakeFiles/Halloween-Laser.dir/home/aidancrowther/Documents/Projects/pico/pico-sdk/src/rp2_common/pico_divider/divider.S.obj (__aeabi_idiv0)
/usr/lib/gcc/arm-none-eabi/14.1.0/../../../../arm-none-eabi/lib/thumb/v6-m/nofp/libc.a(libc_a-atexit.o)
                              /usr/lib/gcc/arm-none-eabi/14.1.0/../../../../arm-none-eabi/lib/thumb/v6-m/nofp/crt0.o (atexit)
/usr/lib/gcc/arm-none-eabi/14.1.0/../../../../arm-none-eabi/lib/thumb/v6-m/nofp/libc.a(libc_a-calloc.o)
                              CMakeFiles/Halloween-Laser.dir/home/aidancrowther/Documents/Projects/pico/pico-sdk/src/rp2_common/pico_malloc/pico_malloc.c.obj (calloc)
/usr/lib/gcc/arm-none-eabi/14.1.0/../../../../arm-none-eabi/lib/thumb/v6-m/nofp/libc.a(libc_a-callocr.o)
                              /usr/lib/gcc/arm-none-eabi/14.1.0/../../../../arm-none-eabi/lib/thumb/v6-m/nofp/libc.a(libc_a-calloc.o) (_calloc_r)
/usr/lib/gcc/arm-none-eabi/14.1.0/../../../../arm-none-eabi/lib/thumb/v6-m/nofp/libc.a(libc_a-malloc.o)
                              CMakeFiles/Halloween-Laser.dir/home/aidancrowther/Documents/Projects/pico/pico-sdk/src/rp2_common/pico_malloc/pico_malloc.c.obj (malloc)
/usr/lib/gcc/arm-none-eabi/14.1.0/../../../../arm-none-eabi/lib/thumb/v6-m/nofp/libc.a(libc_a-mallocr.o)
                              /usr/lib/gcc/arm-none-eabi/14.1.0/../../../../arm-none-eabi/lib/thumb/v6-m/nofp/libc.a(libc_a-callocr.o) (_malloc_r)
/usr/lib/gcc/arm-none-eabi/14.1.0/../../../../arm-none-eabi/lib/thumb/v6-m/nofp/libc.a(libc_a-mlock.o)
                              /usr/lib/gcc/arm-none-eabi/14.1.0/../../../../arm-none-eabi/lib/thumb/v6-m/nofp/libc.a(libc_a-mallocr.o) (__malloc_lock)
/usr/lib/gcc/arm-none-eabi/14.1.0/../../../../arm-none-eabi/lib/thumb/v6-m/nofp/libc.a(libc_a-impure.o)
                              /usr/lib/gcc/arm-none-eabi/14.1.0/../../../../arm-none-eabi/lib/thumb/v6-m/nofp/libc.a(libc_a-calloc.o) (_impure_ptr)
/usr/lib/gcc/arm-none-eabi/14.1.0/../../../../arm-none-eabi/lib/thumb/v6-m/nofp/libc.a(libc_a-sbrkr.o)
                              /usr/lib/gcc/arm-none-eabi/14.1.0/../../../../arm-none-eabi/lib/thumb/v6-m/nofp/libc.a(libc_a-mallocr.o) (_sbrk_r)
/usr/lib/gcc/arm-none-eabi/14.1.0/../../../../arm-none-eabi/lib/thumb/v6-m/nofp/libc.a(libc_a-errno.o)
                              /usr/lib/gcc/arm-none-eabi/14.1.0/../../../../arm-none-eabi/lib/thumb/v6-m/nofp/libc.a(libc_a-callocr.o) (__errno)
/usr/lib/gcc/arm-none-eabi/14.1.0/../../../../arm-none-eabi/lib/thumb/v6-m/nofp/libc.a(libc_a-init.o)
                              /usr/lib/gcc/arm-none-eabi/14.1.0/../../../../arm-none-eabi/lib/thumb/v6-m/nofp/crt0.o (__libc_init_array)
/usr/lib/gcc/arm-none-eabi/14.1.0/../../../../arm-none-eabi/lib/thumb/v6-m/nofp/libc.a(libc_a-fini.o)
                              /usr/lib/gcc/arm-none-eabi/14.1.0/../../../../arm-none-eabi/lib/thumb/v6-m/nofp/crt0.o (__libc_fini_array)
/usr/lib/gcc/arm-none-eabi/14.1.0/../../../../arm-none-eabi/lib/thumb/v6-m/nofp/libc.a(libc_a-lock.o)
                              /usr/lib/gcc/arm-none-eabi/14.1.0/../../../../arm-none-eabi/lib/thumb/v6-m/nofp/libc.a(libc_a-mlock.o) (__retarget_lock_acquire_recursive)
/usr/lib/gcc/arm-none-eabi/14.1.0/../../../../arm-none-eabi/lib/thumb/v6-m/nofp/libc.a(libc_a-sysconf.o)
                              /usr/lib/gcc/arm-none-eabi/14.1.0/../../../../arm-none-eabi/lib/thumb/v6-m/nofp/libc.a(libc_a-mallocr.o) (sysconf)
/usr/lib/gcc/arm-none-eabi/14.1.0/../../../../arm-none-eabi/lib/thumb/v6-m/nofp/libc.a(libc_a-strlen-stub.o)
                              CMakeFiles/Halloween-Laser.dir/home/aidancrowther/Documents/Projects/pico/pico-sdk/src/rp2_common/pico_stdio/stdio.c.obj (strlen)
/usr/lib/gcc/arm-none-eabi/14.1.0/../../../../arm-none-eabi/lib/thumb/v6-m/nofp/libc.a(libc_a-__atexit.o)
                              /usr/lib/gcc/arm-none-eabi/14.1.0/../../../../arm-none-eabi/lib/thumb/v6-m/nofp/libc.a(libc_a-atexit.o) (__register_exitproc)
/usr/lib/gcc/arm-none-eabi/14.1.0/../../../../arm-none-eabi/lib/thumb/v6-m/nofp/libc.a(libc_a-__call_atexit.o)
                              /usr/lib/gcc/arm-none-eabi/14.1.0/../../../../arm-none-eabi/lib/thumb/v6-m/nofp/libc.a(libc_a-__atexit.o) (__atexit_recursive_mutex)
/usr/lib/gcc/arm-none-eabi/14.1.0/../../../../arm-none-eabi/lib/thumb/v6-m/nofp/libc.a(libc_a-freer.o)
                              /usr/lib/gcc/arm-none-eabi/14.1.0/../../../../arm-none-eabi/lib/thumb/v6-m/nofp/libc.a(libc_a-malloc.o) (_free_r)
/usr/lib/gcc/arm-none-eabi/14.1.0/../../../../arm-none-eabi/lib/thumb/v6-m/nofp/libc.a(libc_a-findfp.o)
                              /usr/lib/gcc/arm-none-eabi/14.1.0/../../../../arm-none-eabi/lib/thumb/v6-m/nofp/libc.a(libc_a-impure.o) (__sf)
/usr/lib/gcc/arm-none-eabi/14.1.0/../../../../arm-none-eabi/lib/thumb/v6-m/nofp/libc.a(libc_a-fwalk.o)
[...]
Memory Configuration

Name             Origin             Length             Attributes
FLASH            0x10000000         0x00200000         xr
RAM              0x20000000         0x00040000         xrw
SCRATCH_X        0x20040000         0x00001000         xrw
SCRATCH_Y        0x20041000         0x00001000         xrw
*default*        0x00000000         0xffffffff

Linker script and memory map

LOAD /usr/lib/gcc/arm-none-eabi/14.1.0/thumb/v6-m/nofp/crti.o
LOAD /usr/lib/gcc/arm-none-eabi/14.1.0/thumb/v6-m/nofp/crtbegin.o
LOAD /usr/lib/gcc/arm-none-eabi/14.1.0/../../../../arm-none-eabi/lib/thumb/v6-m/nofp/crt0.o

.flash_begin    0x10000000        0x0
                0x10000000                        __flash_binary_start = .

.boot2          0x10000000      0x100
                0x10000000                        __boot2_start__ = .
 *(.boot2)
 .boot2         0x10000000      0x100 /tmp/ccUF4nnl.o
                0x10000100                        __boot2_end__ = .
                0x00000001                        ASSERT (((__boot2_end__ - __boot2_start__) == 0x100), ERROR: Pico second stage bootloader must be 256 bytes in size)

.text           0x10000100     0x9718
                0x10000100                        __logical_binary_start = .
 *(.vectors)
 .vectors       0x10000100       0xd4 CMakeFiles/Halloween-Laser.dir/home/aidancrowther/Documents/Projects/pico/pico-sdk/src/rp2_common/pico_standard_link/crt0.S.obj
                0x10000100                __vectors
                0x100001c0                isr_invalid
                0x100001c2                isr_nmi
                0x100001c4                isr_hardfault
                0x100001c6                isr_svcall
                0x100001c8                isr_pendsv
                0x100001ca                isr_systick
                0x100001cc                isr_irq30
                0x100001cc                __unhandled_user_irq
                0x100001cc                isr_irq13
                0x100001cc                isr_irq27
                0x100001cc                isr_irq31
                0x100001cc                isr_irq5
                0x100001cc                isr_irq11
                0x100001cc                isr_irq23
                0x100001cc                isr_irq18
                0x100001cc                isr_irq28
                0x100001cc                isr_irq19
                0x100001cc                isr_irq0
                0x100001cc                isr_irq6
                0x100001cc                isr_irq22
                0x100001cc                isr_irq17
                0x100001cc                isr_irq14
                0x100001cc                isr_irq2
                0x100001cc                isr_irq10
                0x100001cc                isr_irq8
                0x100001cc                isr_irq24
                0x100001cc                isr_irq1
                0x100001cc                isr_irq7
                0x100001cc                isr_irq21
                0x100001cc                isr_irq20
                0x100001cc                isr_irq15
                0x100001cc                isr_irq25
                0x100001cc                isr_irq4
                0x100001cc                isr_irq16
                0x100001cc                isr_irq29
                0x100001cc                isr_irq26
                0x100001cc                isr_irq3
                0x100001cc                isr_irq12
                0x100001cc                isr_irq9
                0x100001d2                unhandled_user_irq_num_in_r0
 *(.binary_info_header)
 .binary_info_header
                0x100001d4       0x14 CMakeFiles/Halloween-Laser.dir/home/aidancrowther/Documents/Projects/pico/pico-sdk/src/rp2_common/pico_standard_link/crt0.S.obj
                0x100001e8                        __binary_info_header_end = .
 *(.reset)
 .reset         0x100001e8       0xa8 CMakeFiles/Halloween-Laser.dir/home/aidancrowther/Documents/Projects/pico/pico-sdk/src/rp2_common/pico_standard_link/crt0.S.obj
                0x100001e8                _entry_point
                0x10000266                __get_current_exception
 .reset         0x10000290       0x30 CMakeFiles/Halloween-Laser.dir/home/aidancrowther/Documents/Projects/pico/pico-sdk/src/rp2_common/pico_standard_link/binary_info.c.obj
 *(.init)
 .init          0x100002c0        0x4 /usr/lib/gcc/arm-none-eabi/14.1.0/thumb/v6-m/nofp/crti.o
                0x100002c0                _init
 *(EXCLUDE_FILE(*libm.a: *libc.a:*lib_a-mem*.o *libgcc.a:) .text*)
 .text.frame_dummy
                0x100002c4       0x20 /usr/lib/gcc/arm-none-eabi/14.1.0/thumb/v6-m/nofp/crtbegin.o
 .text.reenableDMA
                0x100002e4       0xa0 CMakeFiles/Halloween-Laser.dir/Halloween-Laser.c.obj
                0x100002e4                reenableDMA
 .text.homing_sequence
                0x10000384       0x20 CMakeFiles/Halloween-Laser.dir/Halloween-Laser.c.obj
                0x10000384                homing_sequence
 .text.slow_home
                0x100003a4       0x20 CMakeFiles/Halloween-Laser.dir/Halloween-Laser.c.obj
                0x100003a4                slow_home
 .text.dma_handler
                0x100003c4      0x1a4 CMakeFiles/Halloween-Laser.dir/Halloween-Laser.c.obj
                0x100003c4                dma_handler
 .text.serialReceiver
                0x10000568      0x270 CMakeFiles/Halloween-Laser.dir/Halloween-Laser.c.obj
                0x10000568                serialReceiver
 .text.init_buffers
                0x100007d8       0x44 CMakeFiles/Halloween-Laser.dir/Halloween-Laser.c.obj
                0x100007d8                init_buffers
 .text.init_config
                0x1000081c       0x54 CMakeFiles/Halloween-Laser.dir/Halloween-Laser.c.obj
                0x1000081c                init_config
 .text.init_gpio
                0x10000870       0xcc CMakeFiles/Halloween-Laser.dir/Halloween-Laser.c.obj
                0x10000870                init_gpio
 .text.init_steppers
                0x1000093c       0x34 CMakeFiles/Halloween-Laser.dir/Halloween-Laser.c.obj
                0x1000093c                init_steppers
 .text.set_stepper_values
                0x10000970       0xb0 CMakeFiles/Halloween-Laser.dir/Halloween-Laser.c.obj
                0x10000970                set_stepper_values
 .text.home_steppers
                0x10000a20      0x274 CMakeFiles/Halloween-Laser.dir/Halloween-Laser.c.obj
                0x10000a20                home_steppers
 .text.draw     0x10000c94      0x284 CMakeFiles/Halloween-Laser.dir/Halloween-Laser.c.obj
                0x10000c94                draw
 .text.startup.main
                0x10000f18      0x18c CMakeFiles/Halloween-Laser.dir/Halloween-Laser.c.obj
                0x10000f18                main
 .text.push     0x100010a4       0x18 CMakeFiles/Halloween-Laser.dir/home/aidancrowther/Documents/Projects/pico/PicoStepper/src/libraries/stack.c.obj
                0x100010a4                push
 .text.pop      0x100010bc       0x20 CMakeFiles/Halloween-Laser.dir/home/aidancrowther/Documents/Projects/pico/PicoStepper/src/libraries/stack.c.obj
                0x100010bc                pop
 .text.picostepper_async_handler
                0x100010dc       0x5c CMakeFiles/Halloween-Laser.dir/home/aidancrowther/Documents/Projects/pico/PicoStepper/src/picostepper/picostepper.c.obj
 .text.picostepper_init_unclaimed_device
                0x10001138      0x2dc CMakeFiles/Halloween-Laser.dir/home/aidancrowther/Documents/Projects/pico/PicoStepper/src/picostepper/picostepper.c.obj
 .text.picostepper_accelerate
                0x10001414      0x200 CMakeFiles/Halloween-Laser.dir/home/aidancrowther/Documents/Projects/pico/PicoStepper/src/picostepper/picostepper.c.obj
                0x10001414                picostepper_accelerate
 .text.picostepper_move_async.part.0
                0x10001614       0xe4 CMakeFiles/Halloween-Laser.dir/home/aidancrowther/Documents/Projects/pico/PicoStepper/src/picostepper/picostepper.c.obj
 .text.picostepper_pindef_init
                0x100016f8      0x1d8 CMakeFiles/Halloween-Laser.dir/home/aidancrowther/Documents/Projects/pico/PicoStepper/src/picostepper/picostepper.c.obj
                0x100016f8                picostepper_pindef_init
 .text.picostepper_move_blocking
                0x100018d0       0xb8 CMakeFiles/Halloween-Laser.dir/home/aidancrowther/Documents/Projects/pico/PicoStepper/src/picostepper/picostepper.c.obj
                0x100018d0                picostepper_move_blocking
 .text.picostepper_set_async_direction
                0x10001988       0x24 CMakeFiles/Halloween-Laser.dir/home/aidancrowther/Documents/Projects/pico/PicoStepper/src/picostepper/picostepper.c.obj
                0x10001988                picostepper_set_async_direction
 .text.picostepper_set_async_enabled
                0x100019ac       0x24 CMakeFiles/Halloween-Laser.dir/home/aidancrowther/Documents/Projects/pico/PicoStepper/src/picostepper/picostepper.c.obj
                0x100019ac                picostepper_set_async_enabled
 .text.picostepper_get_async_enabled
                0x100019d0       0x14 CMakeFiles/Halloween-Laser.dir/home/aidancrowther/Documents/Projects/pico/PicoStepper/src/picostepper/picostepper.c.obj
                0x100019d0                picostepper_get_async_enabled
 .text.picostepper_set_async_speed
                0x100019e4       0x68 CMakeFiles/Halloween-Laser.dir/home/aidancrowther/Documents/Projects/pico/PicoStepper/src/picostepper/picostepper.c.obj
                0x100019e4                picostepper_set_async_speed
 .text.picostepper_set_acceleration
                0x10001a4c       0x14 CMakeFiles/Halloween-Laser.dir/home/aidancrowther/Documents/Projects/pico/PicoStepper/src/picostepper/picostepper.c.obj
                0x10001a4c                picostepper_set_acceleration
 .text.picostepper_set_position
                0x10001a60       0x14 CMakeFiles/Halloween-Laser.dir/home/aidancrowther/Documents/Projects/pico/PicoStepper/src/picostepper/picostepper.c.obj
                0x10001a60                picostepper_set_position
 .text.picostepper_set_max_speed
                0x10001a74       0x14 CMakeFiles/Halloween-Laser.dir/home/aidancrowther/Documents/Projects/pico/PicoStepper/src/picostepper/picostepper.c.obj
                0x10001a74                picostepper_set_max_speed
 .text.picostepper_set_min_speed
                0x10001a88       0x58 CMakeFiles/Halloween-Laser.dir/home/aidancrowther/Documents/Projects/pico/PicoStepper/src/picostepper/picostepper.c.obj
                0x10001a88                picostepper_set_min_speed
 .text.picostepper_convert_speed_to_delay
                0x10001ae0       0x40 CMakeFiles/Halloween-Laser.dir/home/aidancrowther/Documents/Projects/pico/PicoStepper/src/picostepper/picostepper.c.obj
                0x10001ae0                picostepper_convert_speed_to_delay
 .text.picostepper_move_async
                0x10001b20       0xe8 CMakeFiles/Halloween-Laser.dir/home/aidancrowther/Documents/Projects/pico/PicoStepper/src/picostepper/picostepper.c.obj
                0x10001b20                picostepper_move_async
 .text.picostepper_move_to_positions
                0x10001c08      0x45c CMakeFiles/Halloween-Laser.dir/home/aidancrowther/Documents/Projects/pico/PicoStepper/src/picostepper/picostepper.c.obj
                0x10001c08                picostepper_move_to_positions
 .text.gpio_set_function
                0x10002064       0x30 CMakeFiles/Halloween-Laser.dir/home/aidancrowther/Documents/Projects/pico/pico-sdk/src/rp2_common/hardware_gpio/gpio.c.obj
                0x10002064                gpio_set_function
 .text.gpio_set_pulls
                0x10002094       0x24 CMakeFiles/Halloween-Laser.dir/home/aidancrowther/Documents/Projects/pico/pico-sdk/src/rp2_common/hardware_gpio/gpio.c.obj
                0x10002094                gpio_set_pulls
 .text.gpio_init
                0x100020b8       0x3c CMakeFiles/Halloween-Laser.dir/home/aidancrowther/Documents/Projects/pico/pico-sdk/src/rp2_common/hardware_gpio/gpio.c.obj
                0x100020b8                gpio_init
 .text.hw_claim_lock
                0x100020f4       0x18 CMakeFiles/Halloween-Laser.dir/home/aidancrowther/Documents/Projects/pico/pico-sdk/src/rp2_common/hardware_claim/claim.c.obj
                0x100020f4                hw_claim_lock
 .text.hw_claim_unlock
                0x1000210c       0x14 CMakeFiles/Halloween-Laser.dir/home/aidancrowther/Documents/Projects/pico/pico-sdk/src/rp2_common/hardware_claim/claim.c.obj
                0x1000210c                hw_claim_unlock
 .text.hw_claim_or_assert
                0x10002120       0x58 CMakeFiles/Halloween-Laser.dir/home/aidancrowther/Documents/Projects/pico/pico-sdk/src/rp2_common/hardware_claim/claim.c.obj
                0x10002120                hw_claim_or_assert
 .text.hw_claim_unused_from_range
                0x10002178       0x88 CMakeFiles/Halloween-Laser.dir/home/aidancrowther/Documents/Projects/pico/pico-sdk/src/rp2_common/hardware_claim/claim.c.obj
                0x10002178                hw_claim_unused_from_range
 .text.spin_locks_reset
                0x10002200       0x1c CMakeFiles/Halloween-Laser.dir/home/aidancrowther/Documents/Projects/pico/pico-sdk/src/rp2_common/hardware_sync/sync.c.obj
                0x10002200                spin_locks_reset
 .text.next_striped_spin_lock_num
                0x1000221c       0x18 CMakeFiles/Halloween-Laser.dir/home/aidancrowther/Documents/Projects/pico/pico-sdk/src/rp2_common/hardware_sync/sync.c.obj
                0x1000221c                next_striped_spin_lock_num
 .text.spin_lock_claim_unused
                0x10002234       0x24 CMakeFiles/Halloween-Laser.dir/home/aidancrowther/Documents/Projects/pico/pico-sdk/src/rp2_common/hardware_sync/sync.c.obj
                0x10002234                spin_lock_claim_unused
 .text.running_on_fpga
                0x10002258       0x10 CMakeFiles/Halloween-Laser.dir/home/aidancrowther/Documents/Projects/pico/pico-sdk/src/rp2_common/pico_platform/platform.c.obj
                0x10002258                running_on_fpga
 .text.uart_init
                0x10002268       0xe4 CMakeFiles/Halloween-Laser.dir/home/aidancrowther/Documents/Projects/pico/pico-sdk/src/rp2_common/hardware_uart/uart.c.obj
                0x10002268                uart_init
 .text.timer_pool_entry_comparator
                0x1000234c       0x34 CMakeFiles/Halloween-Laser.dir/home/aidancrowther/Documents/Projects/pico/pico-sdk/src/common/pico_time/time.c.obj
                0x1000234c                timer_pool_entry_comparator
 .text.sev_callback
                0x10002380        0x8 CMakeFiles/Halloween-Laser.dir/home/aidancrowther/Documents/Projects/pico/pico-sdk/src/common/pico_time/time.c.obj
 .text.add_alarm_under_lock.isra.0
                0x10002388      0x100 CMakeFiles/Halloween-Laser.dir/home/aidancrowther/Documents/Projects/pico/pico-sdk/src/common/pico_time/time.c.obj
 .text.alarm_pool_alarm_callback
                0x10002488      0x1b4 CMakeFiles/Halloween-Laser.dir/home/aidancrowther/Documents/Projects/pico/pico-sdk/src/common/pico_time/time.c.obj
 .text.alarm_pool_add_alarm_at.constprop.0
                0x1000263c      0x11c CMakeFiles/Halloween-Laser.dir/home/aidancrowther/Documents/Projects/pico/pico-sdk/src/common/pico_time/time.c.obj
 .text.alarm_pool_init_default
                0x10002758       0x58 CMakeFiles/Halloween-Laser.dir/home/aidancrowther/Documents/Projects/pico/pico-sdk/src/common/pico_time/time.c.obj
                0x10002758                alarm_pool_init_default
 .text.alarm_pool_get_default
                0x100027b0        0x8 CMakeFiles/Halloween-Laser.dir/home/aidancrowther/Documents/Projects/pico/pico-sdk/src/common/pico_time/time.c.obj
                0x100027b0                alarm_pool_get_default
 .text.alarm_pool_add_alarm_at
                0x100027b8      0x1a4 CMakeFiles/Halloween-Laser.dir/home/aidancrowther/Documents/Projects/pico/pico-sdk/src/common/pico_time/time.c.obj
                0x100027b8                alarm_pool_add_alarm_at
 .text.sleep_us
                0x1000295c       0xa0 CMakeFiles/Halloween-Laser.dir/home/aidancrowther/Documents/Projects/pico/pico-sdk/src/common/pico_time/time.c.obj
                0x1000295c                sleep_us
 .text.sleep_ms
                0x100029fc       0xb0 CMakeFiles/Halloween-Laser.dir/home/aidancrowther/Documents/Projects/pico/pico-sdk/src/common/pico_time/time.c.obj
                0x100029fc                sleep_ms
 .text.best_effort_wfe_or_timeout
                0x10002aac       0xc4 CMakeFiles/Halloween-Laser.dir/home/aidancrowther/Documents/Projects/pico/pico-sdk/src/common/pico_time/time.c.obj
                0x10002aac                best_effort_wfe_or_timeout
 .text.hardware_alarm_irq_handler
                0x10002b70       0xb8 CMakeFiles/Halloween-Laser.dir/home/aidancrowther/Documents/Projects/pico/pico-sdk/src/rp2_common/hardware_timer/timer.c.obj
 .text.hardware_alarm_claim
                0x10002c28       0x18 CMakeFiles/Halloween-Laser.dir/home/aidancrowther/Documents/Projects/pico/pico-sdk/src/rp2_common/hardware_timer/timer.c.obj
                0x10002c28                hardware_alarm_claim
 .text.time_us_64
                0x10002c40       0x14 CMakeFiles/Halloween-Laser.dir/home/aidancrowther/Documents/Projects/pico/pico-sdk/src/rp2_common/hardware_timer/timer.c.obj
                0x10002c40                time_us_64
 .text.busy_wait_until
                0x10002c54       0x20 CMakeFiles/Halloween-Laser.dir/home/aidancrowther/Documents/Projects/pico/pico-sdk/src/rp2_common/hardware_timer/timer.c.obj
                0x10002c54                busy_wait_until
 .text.hardware_alarm_set_callback
                0x10002c74       0x8c CMakeFiles/Halloween-Laser.dir/home/aidancrowther/Documents/Projects/pico/pico-sdk/src/rp2_common/hardware_timer/timer.c.obj
                0x10002c74                hardware_alarm_set_callback
 .text.hardware_alarm_set_target
                0x10002d00       0xdc CMakeFiles/Halloween-Laser.dir/home/aidancrowther/Documents/Projects/pico/pico-sdk/src/rp2_common/hardware_timer/timer.c.obj
                0x10002d00                hardware_alarm_set_target
 .text.hardware_alarm_cancel
                0x10002ddc       0x3c CMakeFiles/Halloween-Laser.dir/home/aidancrowther/Documents/Projects/pico/pico-sdk/src/rp2_common/hardware_timer/timer.c.obj
                0x10002ddc                hardware_alarm_cancel
 .text.lock_init
                0x10002e18       0x10 CMakeFiles/Halloween-Laser.dir/home/aidancrowther/Documents/Projects/pico/pico-sdk/src/common/pico_sync/lock_core.c.obj
                0x10002e18                lock_init
 .text.mutex_init
                0x10002e28       0x1c CMakeFiles/Halloween-Laser.dir/home/aidancrowther/Documents/Projects/pico/pico-sdk/src/common/pico_sync/mutex.c.obj
                0x10002e28                mutex_init
 .text.critical_section_init
                0x10002e44       0x18 CMakeFiles/Halloween-Laser.dir/home/aidancrowther/Documents/Projects/pico/pico-sdk/src/common/pico_sync/critical_section.c.obj
                0x10002e44                critical_section_init
 .text.ph_merge_nodes
                0x10002e5c       0x50 CMakeFiles/Halloween-Laser.dir/home/aidancrowther/Documents/Projects/pico/pico-sdk/src/common/pico_util/pheap.c.obj
 .text.ph_post_alloc_init
                0x10002eac       0x3c CMakeFiles/Halloween-Laser.dir/home/aidancrowther/Documents/Projects/pico/pico-sdk/src/common/pico_util/pheap.c.obj
                0x10002eac                ph_post_alloc_init
 .text.ph_merge_two_pass
                0x10002ee8       0x88 CMakeFiles/Halloween-Laser.dir/home/aidancrowther/Documents/Projects/pico/pico-sdk/src/common/pico_util/pheap.c.obj
                0x10002ee8                ph_merge_two_pass
 .text.ph_remove_any_head
                0x10002f70      0x128 CMakeFiles/Halloween-Laser.dir/home/aidancrowther/Documents/Projects/pico/pico-sdk/src/common/pico_util/pheap.c.obj
 .text.ph_remove_head
                0x10003098      0x12c CMakeFiles/Halloween-Laser.dir/home/aidancrowther/Documents/Projects/pico/pico-sdk/src/common/pico_util/pheap.c.obj
                0x10003098                ph_remove_head
 .text.ph_remove_and_free_node
                0x100031c4       0x78 CMakeFiles/Halloween-Laser.dir/home/aidancrowther/Documents/Projects/pico/pico-sdk/src/common/pico_util/pheap.c.obj
                0x100031c4                ph_remove_and_free_node
 .text.runtime_init
                0x1000323c       0xec CMakeFiles/Halloween-Laser.dir/home/aidancrowther/Documents/Projects/pico/pico-sdk/src/rp2_common/pico_runtime/runtime.c.obj
                0x1000323c                runtime_init
 .text._sbrk    0x10003328       0x34 CMakeFiles/Halloween-Laser.dir/home/aidancrowther/Documents/Projects/pico/pico-sdk/src/rp2_common/pico_runtime/runtime.c.obj
                0x10003328                _sbrk
 .text.exit     0x1000335c        0x4 CMakeFiles/Halloween-Laser.dir/home/aidancrowther/Documents/Projects/pico/pico-sdk/src/rp2_common/pico_runtime/runtime.c.obj
                0x1000335c                exit
 .text.panic    0x10003360       0x30 CMakeFiles/Halloween-Laser.dir/home/aidancrowther/Documents/Projects/pico/pico-sdk/src/rp2_common/pico_runtime/runtime.c.obj
                0x10003360                panic
 .text.hard_assertion_failure
                0x10003390        0xc CMakeFiles/Halloween-Laser.dir/home/aidancrowther/Documents/Projects/pico/pico-sdk/src/rp2_common/pico_runtime/runtime.c.obj
                0x10003390                hard_assertion_failure
 .text.clocks_init
                0x1000339c      0x2d8 CMakeFiles/Halloween-Laser.dir/home/aidancrowther/Documents/Projects/pico/pico-sdk/src/rp2_common/hardware_clocks/clocks.c.obj
                0x1000339c                clocks_init
 .text.clock_get_hz
                0x10003674        0xc CMakeFiles/Halloween-Laser.dir/home/aidancrowther/Documents/Projects/pico/pico-sdk/src/rp2_common/hardware_clocks/clocks.c.obj
                0x10003674                clock_get_hz
 .text.watchdog_start_tick
                0x10003680       0x10 CMakeFiles/Halloween-Laser.dir/home/aidancrowther/Documents/Projects/pico/pico-sdk/src/rp2_common/hardware_watchdog/watchdog.c.obj
                0x10003680                watchdog_start_tick
 .text.watchdog_update
                0x10003690       0x14 CMakeFiles/Halloween-Laser.dir/home/aidancrowther/Documents/Projects/pico/pico-sdk/src/rp2_common/hardware_watchdog/watchdog.c.obj
                0x10003690                watchdog_update
 .text.watchdog_enable
                0x100036a4       0x84 CMakeFiles/Halloween-Laser.dir/home/aidancrowther/Documents/Projects/pico/pico-sdk/src/rp2_common/hardware_watchdog/watchdog.c.obj
                0x100036a4                watchdog_enable
 .text.watchdog_reboot
                0x10003728       0x9c CMakeFiles/Halloween-Laser.dir/home/aidancrowther/Documents/Projects/pico/pico-sdk/src/rp2_common/hardware_watchdog/watchdog.c.obj
                0x10003728                watchdog_reboot
 .text.xosc_init
                0x100037c4       0x28 CMakeFiles/Halloween-Laser.dir/home/aidancrowther/Documents/Projects/pico/pico-sdk/src/rp2_common/hardware_xosc/xosc.c.obj
                0x100037c4                xosc_init
 .text.pll_init
                0x100037ec       0x54 CMakeFiles/Halloween-Laser.dir/home/aidancrowther/Documents/Projects/pico/pico-sdk/src/rp2_common/hardware_pll/pll.c.obj
                0x100037ec                pll_init
 .text.irq_set_enabled
                0x10003840       0x24 CMakeFiles/Halloween-Laser.dir/home/aidancrowther/Documents/Projects/pico/pico-sdk/src/rp2_common/hardware_irq/irq.c.obj
                0x10003840                irq_set_enabled
 .text.irq_set_pending
                0x10003864       0x10 CMakeFiles/Halloween-Laser.dir/home/aidancrowther/Documents/Projects/pico/pico-sdk/src/rp2_common/hardware_irq/irq.c.obj
                0x10003864                irq_set_pending
 .text.irq_get_vtable_handler
                0x10003874       0x10 CMakeFiles/Halloween-Laser.dir/home/aidancrowther/Documents/Projects/pico/pico-sdk/src/rp2_common/hardware_irq/irq.c.obj
                0x10003874                irq_get_vtable_handler
 .text.irq_set_exclusive_handler
                0x10003884       0x54 CMakeFiles/Halloween-Laser.dir/home/aidancrowther/Documents/Projects/pico/pico-sdk/src/rp2_common/hardware_irq/irq.c.obj
                0x10003884                irq_set_exclusive_handler
 .text.irq_remove_handler
                0x100038d8      0x1c0 CMakeFiles/Halloween-Laser.dir/home/aidancrowther/Documents/Projects/pico/pico-sdk/src/rp2_common/hardware_irq/irq.c.obj
                0x100038d8                irq_remove_handler
 .text.irq_add_tail_to_free_list
                0x10003a98       0xb4 CMakeFiles/Halloween-Laser.dir/home/aidancrowther/Documents/Projects/pico/pico-sdk/src/rp2_common/hardware_irq/irq.c.obj
                0x10003a98                irq_add_tail_to_free_list
 .text.irq_init_priorities
                0x10003b4c       0x38 CMakeFiles/Halloween-Laser.dir/home/aidancrowther/Documents/Projects/pico/pico-sdk/src/rp2_common/hardware_irq/irq.c.obj
                0x10003b4c                irq_init_priorities
 .text._out_null
                0x10003b84        0x4 CMakeFiles/Halloween-Laser.dir/home/aidancrowther/Documents/Projects/pico/pico-sdk/src/rp2_common/pico_printf/printf.c.obj
 .text._out_rev
                0x10003b88       0xac CMakeFiles/Halloween-Laser.dir/home/aidancrowther/Documents/Projects/pico/pico-sdk/src/rp2_common/pico_printf/printf.c.obj
 .text._ntoa_format
                0x10003c34      0x1cc CMakeFiles/Halloween-Laser.dir/home/aidancrowther/Documents/Projects/pico/pico-sdk/src/rp2_common/pico_printf/printf.c.obj
 .text._out_char
                0x10003e00       0x10 CMakeFiles/Halloween-Laser.dir/home/aidancrowther/Documents/Projects/pico/pico-sdk/src/rp2_common/pico_printf/printf.c.obj
 .text._out_fct
                0x10003e10       0x10 CMakeFiles/Halloween-Laser.dir/home/aidancrowther/Documents/Projects/pico/pico-sdk/src/rp2_common/pico_printf/printf.c.obj
 .text._ftoa    0x10003e20      0x4a8 CMakeFiles/Halloween-Laser.dir/home/aidancrowther/Documents/Projects/pico/pico-sdk/src/rp2_common/pico_printf/printf.c.obj
 .text._etoa    0x100042c8      0x57c CMakeFiles/Halloween-Laser.dir/home/aidancrowther/Documents/Projects/pico/pico-sdk/src/rp2_common/pico_printf/printf.c.obj
 .text._vsnprintf
                0x10004844      0xbe0 CMakeFiles/Halloween-Laser.dir/home/aidancrowther/Documents/Projects/pico/pico-sdk/src/rp2_common/pico_printf/printf.c.obj
 .text.vfctprintf
                0x10005424       0x24 CMakeFiles/Halloween-Laser.dir/home/aidancrowther/Documents/Projects/pico/pico-sdk/src/rp2_common/pico_printf/printf.c.obj
                0x10005424                vfctprintf
 .text.weak_raw_vprintf
                0x10005448       0x30 CMakeFiles/Halloween-Laser.dir/home/aidancrowther/Documents/Projects/pico/pico-sdk/src/rp2_common/pico_printf/printf.c.obj
                0x10005448                weak_raw_vprintf
 .text          0x10005478       0x10 CMakeFiles/Halloween-Laser.dir/home/aidancrowther/Documents/Projects/pico/pico-sdk/src/rp2_common/pico_bit_ops/bit_ops_aeabi.S.obj
 .text.rom_func_lookup
                0x10005488       0x10 CMakeFiles/Halloween-Laser.dir/home/aidancrowther/Documents/Projects/pico/pico-sdk/src/rp2_common/pico_bootrom/bootrom.c.obj
                0x10005488                rom_func_lookup
 .text.rom_data_lookup
                0x10005498       0x10 CMakeFiles/Halloween-Laser.dir/home/aidancrowther/Documents/Projects/pico/pico-sdk/src/rp2_common/pico_bootrom/bootrom.c.obj
                0x10005498                rom_data_lookup
 .text.rom_funcs_lookup
                0x100054a8       0x44 CMakeFiles/Halloween-Laser.dir/home/aidancrowther/Documents/Projects/pico/pico-sdk/src/rp2_common/pico_bootrom/bootrom.c.obj
                0x100054a8                rom_funcs_lookup
 .text.__wrap___aeabi_idiv
                0x100054ec       0x58 CMakeFiles/Halloween-Laser.dir/home/aidancrowther/Documents/Projects/pico/pico-sdk/src/rp2_common/pico_divider/divider.S.obj
                0x100054ec                __wrap___aeabi_idivmod
                0x100054ec                divmod_s32s32
                0x100054ec                div_s32s32
                0x100054ec                __wrap___aeabi_idiv
                0x100054f4                divmod_s32s32_unsafe
                0x10005520                divmod_s32s32_savestate
 .text.__wrap___aeabi_uidiv
                0x10005544       0x54 CMakeFiles/Halloween-Laser.dir/home/aidancrowther/Documents/Projects/pico/pico-sdk/src/rp2_common/pico_divider/divider.S.obj
                0x10005544                __wrap___aeabi_uidiv
                0x10005544                __wrap___aeabi_uidivmod
                0x10005544                div_u32u32
                0x10005544                divmod_u32u32
                0x1000554c                divmod_u32u32_unsafe
                0x10005574                divmod_u32u32_savestate
 .text.__wrap___aeabi_ldiv
                0x10005598      0x430 CMakeFiles/Halloween-Laser.dir/home/aidancrowther/Documents/Projects/pico/pico-sdk/src/rp2_common/pico_divider/divider.S.obj
                0x10005598                div_s64s64
                0x10005598                divmod_s64s64
                0x10005598                __wrap___aeabi_ldivmod
                0x100055d0                div_u64u64
                0x100055d0                divmod_u64u64
                0x100055d0                __wrap___aeabi_uldivmod
                0x100055e0                divmod_u64u64_savestate
                0x10005608                divmod_s64s64_unsafe
                0x10005690                divmod_u64u64_unsafe
 .text.__wrap___aeabi_darithmetic
                0x100059c8       0x54 CMakeFiles/Halloween-Laser.dir/home/aidancrowther/Documents/Projects/pico/pico-sdk/src/rp2_common/pico_double/double_aeabi.S.obj
                0x100059c8                __wrap___aeabi_drsub
                0x100059ce                __wrap___aeabi_dsub
                0x100059e0                __wrap___aeabi_dadd
                0x100059f2                __wrap___aeabi_ddiv
                0x10005a04                __wrap___aeabi_dmul
 .text.__wrap___aeabi_cdcmple
                0x10005a1c       0x6c CMakeFiles/Halloween-Laser.dir/home/aidancrowther/Documents/Projects/pico/pico-sdk/src/rp2_common/pico_double/double_aeabi.S.obj
                0x10005a1c                __wrap___aeabi_cdrcmple
                0x10005a2c                __wrap___aeabi_cdcmple
                0x10005a2c                __wrap___aeabi_cdcmpeq
 .text.__wrap___aeabi_dcmplt
                0x10005a88        0xc CMakeFiles/Halloween-Laser.dir/home/aidancrowther/Documents/Projects/pico/pico-sdk/src/rp2_common/pico_double/double_aeabi.S.obj
                0x10005a88                __wrap___aeabi_dcmplt
 .text.__wrap___aeabi_dcmple
                0x10005a94       0x10 CMakeFiles/Halloween-Laser.dir/home/aidancrowther/Documents/Projects/pico/pico-sdk/src/rp2_common/pico_double/double_aeabi.S.obj
                0x10005a94                __wrap___aeabi_dcmple
 .text.__wrap___aeabi_dcmpge
                0x10005aa4       0x10 CMakeFiles/Halloween-Laser.dir/home/aidancrowther/Documents/Projects/pico/pico-sdk/src/rp2_common/pico_double/double_aeabi.S.obj
                0x10005aa4                __wrap___aeabi_dcmpge
 .text.__wrap___aeabi_dcmpgt
                0x10005ab4        0xa CMakeFiles/Halloween-Laser.dir/home/aidancrowther/Documents/Projects/pico/pico-sdk/src/rp2_common/pico_double/double_aeabi.S.obj
                0x10005ab4                __wrap___aeabi_dcmpgt
 .text.__wrap___aeabi_dcmpun
                0x10005abe       0x1c CMakeFiles/Halloween-Laser.dir/home/aidancrowther/Documents/Projects/pico/pico-sdk/src/rp2_common/pico_double/double_aeabi.S.obj
                0x10005abe                __wrap___aeabi_dcmpun
 *fill*         0x10005ada        0x2 
 .text.__wrap___aeabi_i2d
                0x10005adc       0x38 CMakeFiles/Halloween-Laser.dir/home/aidancrowther/Documents/Projects/pico/pico-sdk/src/rp2_common/pico_double/double_aeabi.S.obj
                0x10005adc                __wrap___aeabi_ui2d
                0x10005ae4                __wrap___aeabi_i2d
 .text.__wrap___aeabi_d2iz
                0x10005b14       0x48 CMakeFiles/Halloween-Laser.dir/home/aidancrowther/Documents/Projects/pico/pico-sdk/src/rp2_common/pico_double/double_aeabi.S.obj
                0x10005b14                __wrap___aeabi_d2iz
                0x10005b14                double2int_z
 .text.__wrap___aeabi_d2uiz
                0x10005b5c       0x18 CMakeFiles/Halloween-Laser.dir/home/aidancrowther/Documents/Projects/pico/pico-sdk/src/rp2_common/pico_double/double_aeabi.S.obj
                0x10005b5c                double2uint
                0x10005b5c                __wrap___aeabi_d2uiz
 .text.__aeabi_double_init
                0x10005b74       0x88 CMakeFiles/Halloween-Laser.dir/home/aidancrowther/Documents/Projects/pico/pico-sdk/src/rp2_common/pico_double/double_init_rom.c.obj
                0x10005b74                __aeabi_double_init
 .text.double_table_shim_on_use_helper
                0x10005bfc       0x2c CMakeFiles/Halloween-Laser.dir/home/aidancrowther/Documents/Projects/pico/pico-sdk/src/rp2_common/pico_double/double_v1_rom_shim.S.obj
                0x10005bfc                double_table_shim_on_use_helper
 .text.__wrap___aeabi_dsub
                0x10005c28       0x10 CMakeFiles/Halloween-Laser.dir/home/aidancrowther/Documents/Projects/pico/pico-sdk/src/rp2_common/pico_double/double_v1_rom_shim.S.obj
                0x10005c28                drsub_shim
                0x10005c2e                dsub_shim
 .text.dadd_shim
                0x10005c38      0x15c CMakeFiles/Halloween-Laser.dir/home/aidancrowther/Documents/Projects/pico/pico-sdk/src/rp2_common/pico_double/double_v1_rom_shim.S.obj
                0x10005c38                dadd_shim
 .text.dmul_shim
                0x10005d94      0x15c CMakeFiles/Halloween-Laser.dir/home/aidancrowther/Documents/Projects/pico/pico-sdk/src/rp2_common/pico_double/double_v1_rom_shim.S.obj
                0x10005d94                dmul_shim
 .text.ddiv_shim
                0x10005ef0      0x1b0 CMakeFiles/Halloween-Laser.dir/home/aidancrowther/Documents/Projects/pico/pico-sdk/src/rp2_common/pico_double/double_v1_rom_shim.S.obj
                0x10005ef0                ddiv_shim
 .text.dcordic_rot_step
                0x100060a0       0x7c CMakeFiles/Halloween-Laser.dir/home/aidancrowther/Documents/Projects/pico/pico-sdk/src/rp2_common/pico_double/double_v1_rom_shim.S.obj
                0x100060a0                dcordic_rot_step
 .text.double2uint_shim
                0x1000611c        0xe CMakeFiles/Halloween-Laser.dir/home/aidancrowther/Documents/Projects/pico/pico-sdk/src/rp2_common/pico_double/double_v1_rom_shim.S.obj
                0x1000611c                double2uint_shim
                0x1000611e                double2ufix_shim
 *fill*         0x1000612a        0x2 
 .text.double2uint64_shim
                0x1000612c       0x6c CMakeFiles/Halloween-Laser.dir/home/aidancrowther/Documents/Projects/pico/pico-sdk/src/rp2_common/pico_double/double_v1_rom_shim.S.obj
                0x1000612c                double2uint64_shim
                0x1000612e                double2ufix64_shim
                0x10006148                d2fix_a
 .text.dunpacks
                0x10006198       0x3c CMakeFiles/Halloween-Laser.dir/home/aidancrowther/Documents/Projects/pico/pico-sdk/src/rp2_common/pico_double/double_v1_rom_shim.S.obj
                0x10006198                dunpacks
 .text.__aeabi_lmul
                0x100061d4       0x32 CMakeFiles/Halloween-Laser.dir/home/aidancrowther/Documents/Projects/pico/pico-sdk/src/rp2_common/pico_int64_ops/pico_int64_ops_aeabi.S.obj
                0x100061d4                __wrap___aeabi_lmul
 *fill*         0x10006206        0x2 
 .text.__wrap___aeabi_farithmetic
                0x10006208       0x24 CMakeFiles/Halloween-Laser.dir/home/aidancrowther/Documents/Projects/pico/pico-sdk/src/rp2_common/pico_float/float_aeabi.S.obj
                0x10006208                __wrap___aeabi_frsub
                0x1000620e                __wrap___aeabi_fsub
                0x10006214                __wrap___aeabi_fadd
                0x1000621a                __wrap___aeabi_fdiv
                0x10006220                __wrap___aeabi_fmul
 .text.__wrap___aeabi_ui2f
                0x1000622c        0xa CMakeFiles/Halloween-Laser.dir/home/aidancrowther/Documents/Projects/pico/pico-sdk/src/rp2_common/pico_float/float_aeabi.S.obj
                0x1000622c                __wrap___aeabi_ui2f
 *fill*         0x10006236        0x2 
 .text.__wrap___aeabi_i2f
                0x10006238       0x44 CMakeFiles/Halloween-Laser.dir/home/aidancrowther/Documents/Projects/pico/pico-sdk/src/rp2_common/pico_float/float_aeabi.S.obj
                0x10006238                __wrap___aeabi_i2f
 .text.__wrap___aeabi_f2uiz
                0x1000627c        0xc CMakeFiles/Halloween-Laser.dir/home/aidancrowther/Documents/Projects/pico/pico-sdk/src/rp2_common/pico_float/float_aeabi.S.obj
                0x1000627c                __wrap___aeabi_f2uiz
 .text.__wrap___aeabi_f2d
                0x10006288       0x14 CMakeFiles/Halloween-Laser.dir/home/aidancrowther/Documents/Projects/pico/pico-sdk/src/rp2_common/pico_float/float_aeabi.S.obj
                0x10006288                __wrap___aeabi_f2d
 .text.__aeabi_float_init
                0x1000629c       0x64 CMakeFiles/Halloween-Laser.dir/home/aidancrowther/Documents/Projects/pico/pico-sdk/src/rp2_common/pico_float/float_init_rom.c.obj
                0x1000629c                __aeabi_float_init
 .text.float_table_shim_on_use_helper
                0x10006300       0x2c CMakeFiles/Halloween-Laser.dir/home/aidancrowther/Documents/Projects/pico/pico-sdk/src/rp2_common/pico_float/float_v1_rom_shim.S.obj
                0x10006300                float_table_shim_on_use_helper
 .text.float2double_shim
                0x1000632c       0x30 CMakeFiles/Halloween-Laser.dir/home/aidancrowther/Documents/Projects/pico/pico-sdk/src/rp2_common/pico_float/float_v1_rom_shim.S.obj
                0x1000632c                float2double_shim
 .text.__wrap_malloc
                0x1000635c       0x3c CMakeFiles/Halloween-Laser.dir/home/aidancrowther/Documents/Projects/pico/pico-sdk/src/rp2_common/pico_malloc/pico_malloc.c.obj
                0x1000635c                __wrap_malloc
 .text.__wrap_free
                0x10006398       0x20 CMakeFiles/Halloween-Laser.dir/home/aidancrowther/Documents/Projects/pico/pico-sdk/src/rp2_common/pico_malloc/pico_malloc.c.obj
                0x10006398                __wrap_free
 .text          0x100063b8       0x10 CMakeFiles/Halloween-Laser.dir/home/aidancrowther/Documents/Projects/pico/pico-sdk/src/rp2_common/pico_mem_ops/mem_ops_aeabi.S.obj
                0x100063b8                __aeabi_mem_init
 .text.memset   0x100063c8        0xc CMakeFiles/Halloween-Laser.dir/home/aidancrowther/Documents/Projects/pico/pico-sdk/src/rp2_common/pico_mem_ops/mem_ops_aeabi.S.obj
                0x100063c8                __wrap_memset
 .text.memcpy   0x100063d4        0xc CMakeFiles/Halloween-Laser.dir/home/aidancrowther/Documents/Projects/pico/pico-sdk/src/rp2_common/pico_mem_ops/mem_ops_aeabi.S.obj
                0x100063d4                __wrap___aeabi_memcpy
                0x100063d4                __wrap_memcpy
 .text.stdio_out_chars_crlf.part.0
                0x100063e0       0x90 CMakeFiles/Halloween-Laser.dir/home/aidancrowther/Documents/Projects/pico/pico-sdk/src/rp2_common/pico_stdio/stdio.c.obj
 .text.stdio_buffered_printer
                0x10006470       0x78 CMakeFiles/Halloween-Laser.dir/home/aidancrowther/Documents/Projects/pico/pico-sdk/src/rp2_common/pico_stdio/stdio.c.obj
 .text.__wrap_putchar
                0x100064e8       0xb0 CMakeFiles/Halloween-Laser.dir/home/aidancrowther/Documents/Projects/pico/pico-sdk/src/rp2_common/pico_stdio/stdio.c.obj
                0x100064e8                __wrap_putchar
 .text.__wrap_puts
                0x10006598      0x12c CMakeFiles/Halloween-Laser.dir/home/aidancrowther/Documents/Projects/pico/pico-sdk/src/rp2_common/pico_stdio/stdio.c.obj
                0x10006598                __wrap_puts
 .text.stdio_set_driver_enabled
                0x100066c4       0x3c CMakeFiles/Halloween-Laser.dir/home/aidancrowther/Documents/Projects/pico/pico-sdk/src/rp2_common/pico_stdio/stdio.c.obj
                0x100066c4                stdio_set_driver_enabled
 .text.__wrap_vprintf
                0x10006700       0xe0 CMakeFiles/Halloween-Laser.dir/home/aidancrowther/Documents/Projects/pico/pico-sdk/src/rp2_common/pico_stdio/stdio.c.obj
                0x10006700                __wrap_vprintf
 .text.__wrap_printf
                0x100067e0       0x18 CMakeFiles/Halloween-Laser.dir/home/aidancrowther/Documents/Projects/pico/pico-sdk/src/rp2_common/pico_stdio/stdio.c.obj
                0x100067e0                __wrap_printf
 .text.stdio_init_all
                0x100067f8        0xc CMakeFiles/Halloween-Laser.dir/home/aidancrowther/Documents/Projects/pico/pico-sdk/src/rp2_common/pico_stdio/stdio.c.obj
                0x100067f8                stdio_init_all
 .text.stdio_uart_out_chars
                0x10006804       0x4c CMakeFiles/Halloween-Laser.dir/home/aidancrowther/Documents/Projects/pico/pico-sdk/src/rp2_common/pico_stdio_uart/stdio_uart.c.obj
 .text.stdio_uart_in_chars
                0x10006850       0x38 CMakeFiles/Halloween-Laser.dir/home/aidancrowther/Documents/Projects/pico/pico-sdk/src/rp2_common/pico_stdio_uart/stdio_uart.c.obj
                0x10006850                stdio_uart_in_chars
 .text.stdio_uart_init
                0x10006888       0x48 CMakeFiles/Halloween-Laser.dir/home/aidancrowther/Documents/Projects/pico/pico-sdk/src/rp2_common/pico_stdio_uart/stdio_uart.c.obj
                0x10006888                stdio_uart_init
 .text.resetd_init
                0x100068d0        0x4 CMakeFiles/Halloween-Laser.dir/home/aidancrowther/Documents/Projects/pico/pico-sdk/src/rp2_common/pico_stdio_usb/reset_interface.c.obj
 .text.resetd_reset
                0x100068d4        0xc CMakeFiles/Halloween-Laser.dir/home/aidancrowther/Documents/Projects/pico/pico-sdk/src/rp2_common/pico_stdio_usb/reset_interface.c.obj
 .text.resetd_open
                0x100068e0       0x28 CMakeFiles/Halloween-Laser.dir/home/aidancrowther/Documents/Projects/pico/pico-sdk/src/rp2_common/pico_stdio_usb/reset_interface.c.obj
 .text.resetd_control_complete_cb
                0x10006908        0x4 CMakeFiles/Halloween-Laser.dir/home/aidancrowther/Documents/Projects/pico/pico-sdk/src/rp2_common/pico_stdio_usb/reset_interface.c.obj
 .text.resetd_xfer_cb
                0x1000690c        0x4 CMakeFiles/Halloween-Laser.dir/home/aidancrowther/Documents/Projects/pico/pico-sdk/src/rp2_common/pico_stdio_usb/reset_interface.c.obj
 .text.resetd_control_request_cb
                0x10006910       0x5c CMakeFiles/Halloween-Laser.dir/home/aidancrowther/Documents/Projects/pico/pico-sdk/src/rp2_common/pico_stdio_usb/reset_interface.c.obj
 .text.usbd_app_driver_get_cb
                0x1000696c        0xc CMakeFiles/Halloween-Laser.dir/home/aidancrowther/Documents/Projects/pico/pico-sdk/src/rp2_common/pico_stdio_usb/reset_interface.c.obj
                0x1000696c                usbd_app_driver_get_cb
 .text.tud_cdc_line_coding_cb
                0x10006978       0x34 CMakeFiles/Halloween-Laser.dir/home/aidancrowther/Documents/Projects/pico/pico-sdk/src/rp2_common/pico_stdio_usb/reset_interface.c.obj
                0x10006978                tud_cdc_line_coding_cb
 .text.stdio_usb_in_chars
                0x100069ac       0x68 CMakeFiles/Halloween-Laser.dir/home/aidancrowther/Documents/Projects/pico/pico-sdk/src/rp2_common/pico_stdio_usb/stdio_usb.c.obj
                0x100069ac                stdio_usb_in_chars
 .text.stdio_usb_out_chars
                0x10006a14       0xe8 CMakeFiles/Halloween-Laser.dir/home/aidancrowther/Documents/Projects/pico/pico-sdk/src/rp2_common/pico_stdio_usb/stdio_usb.c.obj
 .text.timer_task
                0x10006afc       0x10 CMakeFiles/Halloween-Laser.dir/home/aidancrowther/Documents/Projects/pico/pico-sdk/src/rp2_common/pico_stdio_usb/stdio_usb.c.obj
 .text.low_priority_worker_irq
                0x10006b0c       0x24 CMakeFiles/Halloween-Laser.dir/home/aidancrowther/Documents/Projects/pico/pico-sdk/src/rp2_common/pico_stdio_usb/stdio_usb.c.obj
 .text.stdio_usb_init
                0x10006b30       0x90 CMakeFiles/Halloween-Laser.dir/home/aidancrowther/Documents/Projects/pico/pico-sdk/src/rp2_common/pico_stdio_usb/stdio_usb.c.obj
                0x10006b30                stdio_usb_init
 .text.tud_descriptor_device_cb
                0x10006bc0        0x8 CMakeFiles/Halloween-Laser.dir/home/aidancrowther/Documents/Projects/pico/pico-sdk/src/rp2_common/pico_stdio_usb/stdio_usb_descriptors.c.obj
                0x10006bc0                tud_descriptor_device_cb
 .text.tud_descriptor_configuration_cb
                0x10006bc8        0x8 CMakeFiles/Halloween-Laser.dir/home/aidancrowther/Documents/Projects/pico/pico-sdk/src/rp2_common/pico_stdio_usb/stdio_usb_descriptors.c.obj
                0x10006bc8                tud_descriptor_configuration_cb
 .text.tud_descriptor_string_cb
                0x10006bd0       0x60 CMakeFiles/Halloween-Laser.dir/home/aidancrowther/Documents/Projects/pico/pico-sdk/src/rp2_common/pico_stdio_usb/stdio_usb_descriptors.c.obj
                0x10006bd0                tud_descriptor_string_cb
 .text.dcd_rp2040_irq
                0x10006c30      0x154 CMakeFiles/Halloween-Laser.dir/home/aidancrowther/Documents/Projects/pico/pico-sdk/lib/tinyusb/src/portable/raspberrypi/rp2040/dcd_rp2040.c.obj
 .text.dcd_int_enable
                0x10006d84        0xc CMakeFiles/Halloween-Laser.dir/home/aidancrowther/Documents/Projects/pico/pico-sdk/lib/tinyusb/src/portable/raspberrypi/rp2040/dcd_rp2040.c.obj
                0x10006d84                dcd_int_enable
 .text.dcd_set_address
                0x10006d90       0x30 CMakeFiles/Halloween-Laser.dir/home/aidancrowther/Documents/Projects/pico/pico-sdk/lib/tinyusb/src/portable/raspberrypi/rp2040/dcd_rp2040.c.obj
                0x10006d90                dcd_set_address
 .text.dcd_connect
                0x10006dc0       0x10 CMakeFiles/Halloween-Laser.dir/home/aidancrowther/Documents/Projects/pico/pico-sdk/lib/tinyusb/src/portable/raspberrypi/rp2040/dcd_rp2040.c.obj
                0x10006dc0                dcd_connect
 .text.dcd_init
                0x10006dd0       0xa4 CMakeFiles/Halloween-Laser.dir/home/aidancrowther/Documents/Projects/pico/pico-sdk/lib/tinyusb/src/portable/raspberrypi/rp2040/dcd_rp2040.c.obj
                0x10006dd0                dcd_init
 .text.dcd_edpt0_status_complete
                0x10006e74       0x38 CMakeFiles/Halloween-Laser.dir/home/aidancrowther/Documents/Projects/pico/pico-sdk/lib/tinyusb/src/portable/raspberrypi/rp2040/dcd_rp2040.c.obj
                0x10006e74                dcd_edpt0_status_complete
 .text.dcd_edpt_open
                0x10006eac      0x14c CMakeFiles/Halloween-Laser.dir/home/aidancrowther/Documents/Projects/pico/pico-sdk/lib/tinyusb/src/portable/raspberrypi/rp2040/dcd_rp2040.c.obj
                0x10006eac                dcd_edpt_open
 .text.dcd_edpt_xfer
                0x10006ff8       0x2c CMakeFiles/Halloween-Laser.dir/home/aidancrowther/Documents/Projects/pico/pico-sdk/lib/tinyusb/src/portable/raspberrypi/rp2040/dcd_rp2040.c.obj
                0x10006ff8                dcd_edpt_xfer
 .text.dcd_edpt_stall
                0x10007024       0x58 CMakeFiles/Halloween-Laser.dir/home/aidancrowther/Documents/Projects/pico/pico-sdk/lib/tinyusb/src/portable/raspberrypi/rp2040/dcd_rp2040.c.obj
                0x10007024                dcd_edpt_stall
 .text.dcd_edpt_clear_stall
                0x1000707c       0x54 CMakeFiles/Halloween-Laser.dir/home/aidancrowther/Documents/Projects/pico/pico-sdk/lib/tinyusb/src/portable/raspberrypi/rp2040/dcd_rp2040.c.obj
                0x1000707c                dcd_edpt_clear_stall
 .text._hw_endpoint_buffer_control_update32.part.0.isra.0
                0x100070d0       0x18 CMakeFiles/Halloween-Laser.dir/home/aidancrowther/Documents/Projects/pico/pico-sdk/lib/tinyusb/src/portable/raspberrypi/rp2040/rp2040_usb.c.obj
 .text.rp2040_usb_init
                0x100070e8       0x50 CMakeFiles/Halloween-Laser.dir/home/aidancrowther/Documents/Projects/pico/pico-sdk/lib/tinyusb/src/portable/raspberrypi/rp2040/rp2040_usb.c.obj
                0x100070e8                rp2040_usb_init
 .text.hw_endpoint_reset_transfer
                0x10007138       0x14 CMakeFiles/Halloween-Laser.dir/home/aidancrowther/Documents/Projects/pico/pico-sdk/lib/tinyusb/src/portable/raspberrypi/rp2040/rp2040_usb.c.obj
                0x10007138                hw_endpoint_reset_transfer
 .text._hw_endpoint_buffer_control_update32
                0x1000714c       0x44 CMakeFiles/Halloween-Laser.dir/home/aidancrowther/Documents/Projects/pico/pico-sdk/lib/tinyusb/src/portable/raspberrypi/rp2040/rp2040_usb.c.obj
                0x1000714c                _hw_endpoint_buffer_control_update32
 .text._hw_endpoint_xfer_continue
                0x10007190       0xfc CMakeFiles/Halloween-Laser.dir/home/aidancrowther/Documents/Projects/pico/pico-sdk/lib/tinyusb/src/portable/raspberrypi/rp2040/rp2040_usb.c.obj
                0x10007190                _hw_endpoint_xfer_continue
 .text._hw_endpoint_xfer
                0x1000728c       0xa8 CMakeFiles/Halloween-Laser.dir/home/aidancrowther/Documents/Projects/pico/pico-sdk/lib/tinyusb/src/portable/raspberrypi/rp2040/rp2040_usb.c.obj
                0x1000728c                _hw_endpoint_xfer
 .text.tud_mounted
                0x10007334       0x10 CMakeFiles/Halloween-Laser.dir/home/aidancrowther/Documents/Projects/pico/pico-sdk/lib/tinyusb/src/device/usbd.c.obj
                0x10007334                tud_mounted
 .text.tud_suspended
                0x10007344       0x10 CMakeFiles/Halloween-Laser.dir/home/aidancrowther/Documents/Projects/pico/pico-sdk/lib/tinyusb/src/device/usbd.c.obj
                0x10007344                tud_suspended
 .text.tud_init
                0x10007354       0xb4 CMakeFiles/Halloween-Laser.dir/home/aidancrowther/Documents/Projects/pico/pico-sdk/lib/tinyusb/src/device/usbd.c.obj
                0x10007354                tud_init
 .text.tud_task
                0x10007408      0x828 CMakeFiles/Halloween-Laser.dir/home/aidancrowther/Documents/Projects/pico/pico-sdk/lib/tinyusb/src/device/usbd.c.obj
                0x10007408                tud_task
 .text.dcd_event_bus_signal
                0x10007c30       0xe4 CMakeFiles/Halloween-Laser.dir/home/aidancrowther/Documents/Projects/pico/pico-sdk/lib/tinyusb/src/device/usbd.c.obj
                0x10007c30                dcd_event_bus_signal
 .text.dcd_event_setup_received
                0x10007d14       0x50 CMakeFiles/Halloween-Laser.dir/home/aidancrowther/Documents/Projects/pico/pico-sdk/lib/tinyusb/src/device/usbd.c.obj
                0x10007d14                dcd_event_setup_received
 .text.dcd_event_xfer_complete
                0x10007d64       0x68 CMakeFiles/Halloween-Laser.dir/home/aidancrowther/Documents/Projects/pico/pico-sdk/lib/tinyusb/src/device/usbd.c.obj
                0x10007d64                dcd_event_xfer_complete
 .text.usbd_open_edpt_pair
                0x10007dcc       0x68 CMakeFiles/Halloween-Laser.dir/home/aidancrowther/Documents/Projects/pico/pico-sdk/lib/tinyusb/src/device/usbd.c.obj
                0x10007dcc                usbd_open_edpt_pair
 .text.usbd_edpt_open
                0x10007e34        0x8 CMakeFiles/Halloween-Laser.dir/home/aidancrowther/Documents/Projects/pico/pico-sdk/lib/tinyusb/src/device/usbd.c.obj
                0x10007e34                usbd_edpt_open
 .text.usbd_edpt_claim
                0x10007e3c       0x64 CMakeFiles/Halloween-Laser.dir/home/aidancrowther/Documents/Projects/pico/pico-sdk/lib/tinyusb/src/device/usbd.c.obj
                0x10007e3c                usbd_edpt_claim
 .text.usbd_edpt_release
                0x10007ea0       0x4c CMakeFiles/Halloween-Laser.dir/home/aidancrowther/Documents/Projects/pico/pico-sdk/lib/tinyusb/src/device/usbd.c.obj
                0x10007ea0                usbd_edpt_release
 .text.usbd_edpt_xfer
                0x10007eec       0x44 CMakeFiles/Halloween-Laser.dir/home/aidancrowther/Documents/Projects/pico/pico-sdk/lib/tinyusb/src/device/usbd.c.obj
                0x10007eec                usbd_edpt_xfer
 .text.tud_control_status
                0x10007f30       0x2c CMakeFiles/Halloween-Laser.dir/home/aidancrowther/Documents/Projects/pico/pico-sdk/lib/tinyusb/src/device/usbd_control.c.obj
                0x10007f30                tud_control_status
 .text.tud_control_xfer
                0x10007f5c       0xa8 CMakeFiles/Halloween-Laser.dir/home/aidancrowther/Documents/Projects/pico/pico-sdk/lib/tinyusb/src/device/usbd_control.c.obj
                0x10007f5c                tud_control_xfer
 .text.usbd_control_reset
                0x10008004       0x14 CMakeFiles/Halloween-Laser.dir/home/aidancrowther/Documents/Projects/pico/pico-sdk/lib/tinyusb/src/device/usbd_control.c.obj
                0x10008004                usbd_control_reset
 .text.usbd_control_set_complete_callback
                0x10008018        0xc CMakeFiles/Halloween-Laser.dir/home/aidancrowther/Documents/Projects/pico/pico-sdk/lib/tinyusb/src/device/usbd_control.c.obj
                0x10008018                usbd_control_set_complete_callback
 .text.usbd_control_set_request
                0x10008024       0x1c CMakeFiles/Halloween-Laser.dir/home/aidancrowther/Documents/Projects/pico/pico-sdk/lib/tinyusb/src/device/usbd_control.c.obj
                0x10008024                usbd_control_set_request
 .text.usbd_control_xfer_cb
                0x10008040       0xe4 CMakeFiles/Halloween-Laser.dir/home/aidancrowther/Documents/Projects/pico/pico-sdk/lib/tinyusb/src/device/usbd_control.c.obj
                0x10008040                usbd_control_xfer_cb
 .text.tud_cdc_n_connected
                0x10008124       0x34 CMakeFiles/Halloween-Laser.dir/home/aidancrowther/Documents/Projects/pico/pico-sdk/lib/tinyusb/src/class/cdc/cdc_device.c.obj
                0x10008124                tud_cdc_n_connected
 .text.tud_cdc_n_available
                0x10008158       0x1c CMakeFiles/Halloween-Laser.dir/home/aidancrowther/Documents/Projects/pico/pico-sdk/lib/tinyusb/src/class/cdc/cdc_device.c.obj
                0x10008158                tud_cdc_n_available
 .text.tud_cdc_n_read
                0x10008174       0x70 CMakeFiles/Halloween-Laser.dir/home/aidancrowther/Documents/Projects/pico/pico-sdk/lib/tinyusb/src/class/cdc/cdc_device.c.obj
                0x10008174                tud_cdc_n_read
 .text.tud_cdc_n_write_flush
                0x100081e4       0xa0 CMakeFiles/Halloween-Laser.dir/home/aidancrowther/Documents/Projects/pico/pico-sdk/lib/tinyusb/src/class/cdc/cdc_device.c.obj
                0x100081e4                tud_cdc_n_write_flush
 .text.tud_cdc_n_write
                0x10008284       0x38 CMakeFiles/Halloween-Laser.dir/home/aidancrowther/Documents/Projects/pico/pico-sdk/lib/tinyusb/src/class/cdc/cdc_device.c.obj
                0x10008284                tud_cdc_n_write
 .text.tud_cdc_n_write_available
                0x100082bc       0x1c CMakeFiles/Halloween-Laser.dir/home/aidancrowther/Documents/Projects/pico/pico-sdk/lib/tinyusb/src/class/cdc/cdc_device.c.obj
                0x100082bc                tud_cdc_n_write_available
 .text.cdcd_init
                0x100082d8       0x78 CMakeFiles/Halloween-Laser.dir/home/aidancrowther/Documents/Projects/pico/pico-sdk/lib/tinyusb/src/class/cdc/cdc_device.c.obj
                0x100082d8                cdcd_init
 .text.cdcd_reset
                0x10008350       0x24 CMakeFiles/Halloween-Laser.dir/home/aidancrowther/Documents/Projects/pico/pico-sdk/lib/tinyusb/src/class/cdc/cdc_device.c.obj
                0x10008350                cdcd_reset
 .text.cdcd_open
                0x10008374       0xe4 CMakeFiles/Halloween-Laser.dir/home/aidancrowther/Documents/Projects/pico/pico-sdk/lib/tinyusb/src/class/cdc/cdc_device.c.obj
                0x10008374                cdcd_open
 .text.cdcd_control_complete
                0x10008458       0x40 CMakeFiles/Halloween-Laser.dir/home/aidancrowther/Documents/Projects/pico/pico-sdk/lib/tinyusb/src/class/cdc/cdc_device.c.obj
                0x10008458                cdcd_control_complete
 .text.cdcd_control_request
                0x10008498       0x6c CMakeFiles/Halloween-Laser.dir/home/aidancrowther/Documents/Projects/pico/pico-sdk/lib/tinyusb/src/class/cdc/cdc_device.c.obj
                0x10008498                cdcd_control_request
 .text.cdcd_xfer_cb
                0x10008504      0x130 CMakeFiles/Halloween-Laser.dir/home/aidancrowther/Documents/Projects/pico/pico-sdk/lib/tinyusb/src/class/cdc/cdc_device.c.obj
                0x10008504                cdcd_xfer_cb
 .text.tusb_init
                0x10008634       0x20 CMakeFiles/Halloween-Laser.dir/home/aidancrowther/Documents/Projects/pico/pico-sdk/lib/tinyusb/src/tusb.c.obj
                0x10008634                tusb_init
 .text.tusb_inited
                0x10008654        0xc CMakeFiles/Halloween-Laser.dir/home/aidancrowther/Documents/Projects/pico/pico-sdk/lib/tinyusb/src/tusb.c.obj
                0x10008654                tusb_inited
 .text.tu_fifo_config
                0x10008660       0x78 CMakeFiles/Halloween-Laser.dir/home/aidancrowther/Documents/Projects/pico/pico-sdk/lib/tinyusb/src/common/tusb_fifo.c.obj
                0x10008660                tu_fifo_config
 .text.tu_fifo_count
                0x100086d8       0x18 CMakeFiles/Halloween-Laser.dir/home/aidancrowther/Documents/Projects/pico/pico-sdk/lib/tinyusb/src/common/tusb_fifo.c.obj
                0x100086d8                tu_fifo_count
 .text.tu_fifo_remaining
                0x100086f0       0x1c CMakeFiles/Halloween-Laser.dir/home/aidancrowther/Documents/Projects/pico/pico-sdk/lib/tinyusb/src/common/tusb_fifo.c.obj
                0x100086f0                tu_fifo_remaining
 .text.tu_fifo_read
                0x1000870c       0xa8 CMakeFiles/Halloween-Laser.dir/home/aidancrowther/Documents/Projects/pico/pico-sdk/lib/tinyusb/src/common/tusb_fifo.c.obj
                0x1000870c                tu_fifo_read
 .text.tu_fifo_read_n
                0x100087b4       0xe8 CMakeFiles/Halloween-Laser.dir/home/aidancrowther/Documents/Projects/pico/pico-sdk/lib/tinyusb/src/common/tusb_fifo.c.obj
                0x100087b4                tu_fifo_read_n
 .text.tu_fifo_write
                0x1000889c       0x84 CMakeFiles/Halloween-Laser.dir/home/aidancrowther/Documents/Projects/pico/pico-sdk/lib/tinyusb/src/common/tusb_fifo.c.obj
                0x1000889c                tu_fifo_write
 .text.tu_fifo_write_n
                0x10008920      0x100 CMakeFiles/Halloween-Laser.dir/home/aidancrowther/Documents/Projects/pico/pico-sdk/lib/tinyusb/src/common/tusb_fifo.c.obj
                0x10008920                tu_fifo_write_n
 .text.tu_fifo_clear
                0x10008a20       0x2c CMakeFiles/Halloween-Laser.dir/home/aidancrowther/Documents/Projects/pico/pico-sdk/lib/tinyusb/src/common/tusb_fifo.c.obj
                0x10008a20                tu_fifo_clear
 .text.pio_claim_unused_sm
                0x10008a4c       0x3c CMakeFiles/Halloween-Laser.dir/home/aidancrowther/Documents/Projects/pico/pico-sdk/src/rp2_common/hardware_pio/pio.c.obj
                0x10008a4c                pio_claim_unused_sm
 .text.pio_add_program
                0x10008a88       0xec CMakeFiles/Halloween-Laser.dir/home/aidancrowther/Documents/Projects/pico/pico-sdk/src/rp2_common/hardware_pio/pio.c.obj
                0x10008a88                pio_add_program
 .text.pio_sm_set_consecutive_pindirs
                0x10008b74       0x84 CMakeFiles/Halloween-Laser.dir/home/aidancrowther/Documents/Projects/pico/pico-sdk/src/rp2_common/hardware_pio/pio.c.obj
                0x10008b74                pio_sm_set_consecutive_pindirs
 .text.pio_sm_init
                0x10008bf8       0x9c CMakeFiles/Halloween-Laser.dir/home/aidancrowther/Documents/Projects/pico/pico-sdk/src/rp2_common/hardware_pio/pio.c.obj
                0x10008bf8                pio_sm_init
 .text.dma_claim_unused_channel
                0x10008c94       0x24 CMakeFiles/Halloween-Laser.dir/home/aidancrowther/Documents/Projects/pico/pico-sdk/src/rp2_common/hardware_dma/dma.c.obj
                0x10008c94                dma_claim_unused_channel
 .text.core1_trampoline
                0x10008cb8        0x4 CMakeFiles/Halloween-Laser.dir/home/aidancrowther/Documents/Projects/pico/pico-sdk/src/rp2_common/pico_multicore/multicore.c.obj
 .text.core1_wrapper
                0x10008cbc        0xc CMakeFiles/Halloween-Laser.dir/home/aidancrowther/Documents/Projects/pico/pico-sdk/src/rp2_common/pico_multicore/multicore.c.obj
                0x10008cbc                core1_wrapper
 .text.multicore_launch_core1
                0x10008cc8       0xb0 CMakeFiles/Halloween-Laser.dir/home/aidancrowther/Documents/Projects/pico/pico-sdk/src/rp2_common/pico_multicore/multicore.c.obj
                0x10008cc8                multicore_launch_core1
 .text.atexit   0x10008d78       0x10 /usr/lib/gcc/arm-none-eabi/14.1.0/../../../../arm-none-eabi/lib/thumb/v6-m/nofp/libc.a(libc_a-atexit.o)
                0x10008d78                atexit
 .text.malloc   0x10008d88       0x14 /usr/lib/gcc/arm-none-eabi/14.1.0/../../../../arm-none-eabi/lib/thumb/v6-m/nofp/libc.a(libc_a-malloc.o)
                0x10008d88                malloc
 .text.free     0x10008d9c       0x14 /usr/lib/gcc/arm-none-eabi/14.1.0/../../../../arm-none-eabi/lib/thumb/v6-m/nofp/libc.a(libc_a-malloc.o)
                0x10008d9c                free
 .text._malloc_r
                0x10008db0      0x5c4 /usr/lib/gcc/arm-none-eabi/14.1.0/../../../../arm-none-eabi/lib/thumb/v6-m/nofp/libc.a(libc_a-mallocr.o)
                0x10008db0                _malloc_r
 .text.__malloc_lock
                0x10009374       0x10 /usr/lib/gcc/arm-none-eabi/14.1.0/../../../../arm-none-eabi/lib/thumb/v6-m/nofp/libc.a(libc_a-mlock.o)
                0x10009374                __malloc_lock
 .text.__malloc_unlock
                0x10009384       0x10 /usr/lib/gcc/arm-none-eabi/14.1.0/../../../../arm-none-eabi/lib/thumb/v6-m/nofp/libc.a(libc_a-mlock.o)
                0x10009384                __malloc_unlock
 .text._sbrk_r  0x10009394       0x24 /usr/lib/gcc/arm-none-eabi/14.1.0/../../../../arm-none-eabi/lib/thumb/v6-m/nofp/libc.a(libc_a-sbrkr.o)
                0x10009394                _sbrk_r
 .text.__errno  0x100093b8        0xc /usr/lib/gcc/arm-none-eabi/14.1.0/../../../../arm-none-eabi/lib/thumb/v6-m/nofp/libc.a(libc_a-errno.o)
                0x100093b8                __errno
 .text.__libc_fini_array
                0x100093c4       0x28 /usr/lib/gcc/arm-none-eabi/14.1.0/../../../../arm-none-eabi/lib/thumb/v6-m/nofp/libc.a(libc_a-fini.o)
                0x100093c4                __libc_fini_array
 .text.__retarget_lock_acquire_recursive
                0x100093ec        0x4 /usr/lib/gcc/arm-none-eabi/14.1.0/../../../../arm-none-eabi/lib/thumb/v6-m/nofp/libc.a(libc_a-lock.o)
                0x100093ec                __retarget_lock_acquire_recursive
 .text.__retarget_lock_release_recursive
                0x100093f0        0x4 /usr/lib/gcc/arm-none-eabi/14.1.0/../../../../arm-none-eabi/lib/thumb/v6-m/nofp/libc.a(libc_a-lock.o)
                0x100093f0                __retarget_lock_release_recursive
 .text.sysconf  0x100093f4       0x1c /usr/lib/gcc/arm-none-eabi/14.1.0/../../../../arm-none-eabi/lib/thumb/v6-m/nofp/libc.a(libc_a-sysconf.o)
                0x100093f4                sysconf
 .text.strlen   0x10009410       0x5c /usr/lib/gcc/arm-none-eabi/14.1.0/../../../../arm-none-eabi/lib/thumb/v6-m/nofp/libc.a(libc_a-strlen-stub.o)
                0x10009410                strlen
 .text.__register_exitproc
                0x1000946c       0xa8 /usr/lib/gcc/arm-none-eabi/14.1.0/../../../../arm-none-eabi/lib/thumb/v6-m/nofp/libc.a(libc_a-__atexit.o)
                0x1000946c                __register_exitproc
 .text.startup.register_fini
                0x10009514       0x18 /usr/lib/gcc/arm-none-eabi/14.1.0/../../../../arm-none-eabi/lib/thumb/v6-m/nofp/libc.a(libc_a-__call_atexit.o)
 .text._malloc_trim_r
                0x1000952c       0xb4 /usr/lib/gcc/arm-none-eabi/14.1.0/../../../../arm-none-eabi/lib/thumb/v6-m/nofp/libc.a(libc_a-freer.o)
                0x1000952c                _malloc_trim_r
 .text._free_r  0x100095e0      0x1d4 /usr/lib/gcc/arm-none-eabi/14.1.0/../../../../arm-none-eabi/lib/thumb/v6-m/nofp/libc.a(libc_a-freer.o)
                0x100095e0                _free_r
 *(.fini)
 .fini          0x100097b4        0x4 /usr/lib/gcc/arm-none-eabi/14.1.0/thumb/v6-m/nofp/crti.o
                0x100097b4                _fini
 .fini.__stub   0x100097b8       0x60 linker stubs
 *crtbegin.o(.ctors)
 *crtbegin?.o(.ctors)
 *(EXCLUDE_FILE(*crtend.o *crtend?.o) .ctors)
 *(SORT_BY_NAME(.ctors.*))
 *(.ctors)
 *crtbegin.o(.dtors)
 *crtbegin?.o(.dtors)
 *(EXCLUDE_FILE(*crtend.o *crtend?.o) .dtors)
 *(SORT_BY_NAME(.dtors.*))
 *(.dtors)
 *(.eh_frame*)
 .eh_frame      0x10009818        0x0 /usr/lib/gcc/arm-none-eabi/14.1.0/thumb/v6-m/nofp/crtbegin.o
                0x10009818                        . = ALIGN (0x4)

.glue_7         0x10009818        0x0
 .glue_7        0x10009818        0x0 linker stubs

.glue_7t        0x10009818        0x0
 .glue_7t       0x10009818        0x0 linker stubs

.vfp11_veneer   0x10009818        0x0
 .vfp11_veneer  0x10009818        0x0 linker stubs

.v4_bx          0x10009818        0x0
 .v4_bx         0x10009818        0x0 linker stubs

.iplt           0x10009818        0x0
 .iplt          0x10009818        0x0 /usr/lib/gcc/arm-none-eabi/14.1.0/thumb/v6-m/nofp/crtbegin.o

.rodata         0x10009818      0x7e4
 *(EXCLUDE_FILE(*libm.a: *libc.a:*lib_a-mem*.o *libgcc.a:) .rodata*)
 .rodata.serialReceiver.str1.4
                0x10009818      0x402 CMakeFiles/Halloween-Laser.dir/Halloween-Laser.c.obj
                                 0xc5 (size before relaxing)
 .rodata.init_config.str1.4
                0x10009c1a       0x12 CMakeFiles/Halloween-Laser.dir/Halloween-Laser.c.obj
 .rodata.init_gpio.str1.4
                0x10009c1a        0xf CMakeFiles/Halloween-Laser.dir/Halloween-Laser.c.obj
 .rodata.main.str1.4
                0x10009c1a       0xc3 CMakeFiles/Halloween-Laser.dir/Halloween-Laser.c.obj
 *fill*         0x10009c1a        0x2 
 .rodata.speed_profiles
                0x10009c1c        0xe CMakeFiles/Halloween-Laser.dir/Halloween-Laser.c.obj
 *fill*         0x10009c2a        0x2 
 .rodata.uart_rx_mini_program
                0x10009c2c        0x6 CMakeFiles/Halloween-Laser.dir/Halloween-Laser.c.obj
 *fill*         0x10009c32        0x2 
 .rodata.uart_rx_mini_program_instructions
                0x10009c34        0x8 CMakeFiles/Halloween-Laser.dir/Halloween-Laser.c.obj
 .rodata.picostepper_two_wire_reversed_program
                0x10009c3c        0x6 CMakeFiles/Halloween-Laser.dir/home/aidancrowther/Documents/Projects/pico/PicoStepper/src/picostepper/picostepper.c.obj
 *fill*         0x10009c42        0x2 
 .rodata.picostepper_two_wire_reversed_program_instructions
                0x10009c44       0x1c CMakeFiles/Halloween-Laser.dir/home/aidancrowther/Documents/Projects/pico/PicoStepper/src/picostepper/picostepper.c.obj
 .rodata.picostepper_two_wire_program
                0x10009c60        0x6 CMakeFiles/Halloween-Laser.dir/home/aidancrowther/Documents/Projects/pico/PicoStepper/src/picostepper/picostepper.c.obj
 *fill*         0x10009c66        0x2 
 .rodata.picostepper_two_wire_program_instructions
                0x10009c68       0x1c CMakeFiles/Halloween-Laser.dir/home/aidancrowther/Documents/Projects/pico/PicoStepper/src/picostepper/picostepper.c.obj
 .rodata.spin_lock_claim_unused.str1.4
                0x10009c84       0x1b CMakeFiles/Halloween-Laser.dir/home/aidancrowther/Documents/Projects/pico/pico-sdk/src/rp2_common/hardware_sync/sync.c.obj
 .rodata.hardware_alarm_claim.str1.4
                0x10009c84       0x22 CMakeFiles/Halloween-Laser.dir/home/aidancrowther/Documents/Projects/pico/pico-sdk/src/rp2_common/hardware_timer/timer.c.obj
 .rodata.panic.str1.4
                0x10009c84       0x12 CMakeFiles/Halloween-Laser.dir/home/aidancrowther/Documents/Projects/pico/pico-sdk/src/rp2_common/pico_runtime/runtime.c.obj
 .rodata.hard_assertion_failure.str1.4
                0x10009c84        0xc CMakeFiles/Halloween-Laser.dir/home/aidancrowther/Documents/Projects/pico/pico-sdk/src/rp2_common/pico_runtime/runtime.c.obj
 .rodata._ftoa.str1.4
                0x10009c84       0x15 CMakeFiles/Halloween-Laser.dir/home/aidancrowther/Documents/Projects/pico/pico-sdk/src/rp2_common/pico_printf/printf.c.obj
 .rodata._vsnprintf
                0x10009c84      0x19c CMakeFiles/Halloween-Laser.dir/home/aidancrowther/Documents/Projects/pico/pico-sdk/src/rp2_common/pico_printf/printf.c.obj
 .rodata.pow10.0
                0x10009e20       0x50 CMakeFiles/Halloween-Laser.dir/home/aidancrowther/Documents/Projects/pico/pico-sdk/src/rp2_common/pico_printf/printf.c.obj
 .rodata.__wrap_malloc.str1.4
                0x10009e70        0xe CMakeFiles/Halloween-Laser.dir/home/aidancrowther/Documents/Projects/pico/pico-sdk/src/rp2_common/pico_malloc/pico_malloc.c.obj
 .rodata.str1.4
                0x10009e70       0x44 CMakeFiles/Halloween-Laser.dir/home/aidancrowther/Documents/Projects/pico/pico-sdk/src/rp2_common/pico_standard_link/binary_info.c.obj
 .rodata.__bi_81
                0x10009e70        0xc CMakeFiles/Halloween-Laser.dir/home/aidancrowther/Documents/Projects/pico/pico-sdk/src/rp2_common/pico_standard_link/binary_info.c.obj
 .rodata.__bi_75
                0x10009e7c        0xc CMakeFiles/Halloween-Laser.dir/home/aidancrowther/Documents/Projects/pico/pico-sdk/src/rp2_common/pico_standard_link/binary_info.c.obj
 .rodata.__bi_44
                0x10009e88        0xc CMakeFiles/Halloween-Laser.dir/home/aidancrowther/Documents/Projects/pico/pico-sdk/src/rp2_common/pico_standard_link/binary_info.c.obj
 .rodata.crlf_str.0
                0x10009e94        0x2 CMakeFiles/Halloween-Laser.dir/home/aidancrowther/Documents/Projects/pico/pico-sdk/src/rp2_common/pico_stdio/stdio.c.obj
 .rodata.str1.4
                0x10009e96       0x2c CMakeFiles/Halloween-Laser.dir/home/aidancrowther/Documents/Projects/pico/pico-sdk/src/rp2_common/pico_stdio_uart/stdio_uart.c.obj
 *fill*         0x10009e96        0x2 
 .rodata.__bi_28.4
                0x10009e98        0xc CMakeFiles/Halloween-Laser.dir/home/aidancrowther/Documents/Projects/pico/pico-sdk/src/rp2_common/pico_stdio_uart/stdio_uart.c.obj
 .rodata.__bi_29.5
                0x10009ea4        0x8 CMakeFiles/Halloween-Laser.dir/home/aidancrowther/Documents/Projects/pico/pico-sdk/src/rp2_common/pico_stdio_uart/stdio_uart.c.obj
 .rodata._resetd_driver
                0x10009eac       0x1c CMakeFiles/Halloween-Laser.dir/home/aidancrowther/Documents/Projects/pico/pico-sdk/src/rp2_common/pico_stdio_usb/reset_interface.c.obj
 .rodata.str1.4
                0x10009ec8       0x13 CMakeFiles/Halloween-Laser.dir/home/aidancrowther/Documents/Projects/pico/pico-sdk/src/rp2_common/pico_stdio_usb/stdio_usb.c.obj
 .rodata.__bi_93.0
                0x10009ec8        0xc CMakeFiles/Halloween-Laser.dir/home/aidancrowther/Documents/Projects/pico/pico-sdk/src/rp2_common/pico_stdio_usb/stdio_usb.c.obj
 .rodata.str1.4
                0x10009ed4       0x3a CMakeFiles/Halloween-Laser.dir/home/aidancrowther/Documents/Projects/pico/pico-sdk/src/rp2_common/pico_stdio_usb/stdio_usb_descriptors.c.obj
 .rodata.usbd_desc_str
                0x10009ed4       0x18 CMakeFiles/Halloween-Laser.dir/home/aidancrowther/Documents/Projects/pico/pico-sdk/src/rp2_common/pico_stdio_usb/stdio_usb_descriptors.c.obj
 .rodata.usbd_desc_cfg
                0x10009eec       0x54 CMakeFiles/Halloween-Laser.dir/home/aidancrowther/Documents/Projects/pico/pico-sdk/src/rp2_common/pico_stdio_usb/stdio_usb_descriptors.c.obj
 .rodata.usbd_desc_device
                0x10009f40       0x12 CMakeFiles/Halloween-Laser.dir/home/aidancrowther/Documents/Projects/pico/pico-sdk/src/rp2_common/pico_stdio_usb/stdio_usb_descriptors.c.obj
 .rodata.dcd_rp2040_irq.str1.4
                0x10009f52       0x14 CMakeFiles/Halloween-Laser.dir/home/aidancrowther/Documents/Projects/pico/pico-sdk/lib/tinyusb/src/portable/raspberrypi/rp2040/dcd_rp2040.c.obj
 .rodata.dcd_edpt_open.str1.4
                0x10009f52       0x28 CMakeFiles/Halloween-Laser.dir/home/aidancrowther/Documents/Projects/pico/pico-sdk/lib/tinyusb/src/portable/raspberrypi/rp2040/dcd_rp2040.c.obj
 .rodata._hw_endpoint_buffer_control_update32.part.0.isra.0.str1.4
                0x10009f52       0x1f CMakeFiles/Halloween-Laser.dir/home/aidancrowther/Documents/Projects/pico/pico-sdk/lib/tinyusb/src/portable/raspberrypi/rp2040/rp2040_usb.c.obj
 .rodata._hw_endpoint_xfer_continue.str1.4
                0x10009f52       0x50 CMakeFiles/Halloween-Laser.dir/home/aidancrowther/Documents/Projects/pico/pico-sdk/lib/tinyusb/src/portable/raspberrypi/rp2040/rp2040_usb.c.obj
 .rodata.str1.4
                0x10009f52        0x7 CMakeFiles/Halloween-Laser.dir/home/aidancrowther/Documents/Projects/pico/pico-sdk/lib/tinyusb/src/portable/raspberrypi/rp2040/rp2040_usb.c.obj
 *fill*         0x10009f52        0x2 
 .rodata.tud_task
                0x10009f54       0x8c CMakeFiles/Halloween-Laser.dir/home/aidancrowther/Documents/Projects/pico/pico-sdk/lib/tinyusb/src/device/usbd.c.obj
 .rodata._usbd_driver
                0x10009fe0       0x1c CMakeFiles/Halloween-Laser.dir/home/aidancrowther/Documents/Projects/pico/pico-sdk/lib/tinyusb/src/device/usbd.c.obj
 .rodata.pio_claim_unused_sm.str1.4
                0x10009ffc       0x24 CMakeFiles/Halloween-Laser.dir/home/aidancrowther/Documents/Projects/pico/pico-sdk/src/rp2_common/hardware_pio/pio.c.obj
 .rodata.pio_add_program.str1.4
                0x10009ffc       0x11 CMakeFiles/Halloween-Laser.dir/home/aidancrowther/Documents/Projects/pico/pico-sdk/src/rp2_common/hardware_pio/pio.c.obj
 .rodata.dma_claim_unused_channel.str1.4
                0x10009ffc       0x1e CMakeFiles/Halloween-Laser.dir/home/aidancrowther/Documents/Projects/pico/pico-sdk/src/rp2_common/hardware_dma/dma.c.obj
                0x1000a020                        . = ALIGN (0x4)
 *(SORT_BY_ALIGNMENT(SORT_BY_NAME(.flashdata*)))
                0x1000a020                        . = ALIGN (0x4)

.rel.dyn        0x10009ffc        0x0
 .rel.iplt      0x10009ffc        0x0 /usr/lib/gcc/arm-none-eabi/14.1.0/thumb/v6-m/nofp/crtbegin.o

.ARM.extab
 *(.ARM.extab* .gnu.linkonce.armextab.*)
                0x10009ffc                        __exidx_start = .

.ARM.exidx
 *(.ARM.exidx* .gnu.linkonce.armexidx.*)
                0x10009ffc                        __exidx_end = .
                0x10009ffc                        . = ALIGN (0x4)
                0x10009ffc                        __binary_info_start = .

.binary_info    0x10009ffc       0x28
 *(.binary_info.keep.*)
 .binary_info.keep.__bi_ptr81
                0x10009ffc        0x4 CMakeFiles/Halloween-Laser.dir/home/aidancrowther/Documents/Projects/pico/pico-sdk/src/rp2_common/pico_standard_link/binary_info.c.obj
 .binary_info.keep.__bi_ptr75
                0x1000a000        0x4 CMakeFiles/Halloween-Laser.dir/home/aidancrowther/Documents/Projects/pico/pico-sdk/src/rp2_common/pico_standard_link/binary_info.c.obj
 .binary_info.keep.__bi_ptr50
                0x1000a004        0x4 CMakeFiles/Halloween-Laser.dir/home/aidancrowther/Documents/Projects/pico/pico-sdk/src/rp2_common/pico_standard_link/binary_info.c.obj
 .binary_info.keep.__bi_ptr44
                0x1000a008        0x4 CMakeFiles/Halloween-Laser.dir/home/aidancrowther/Documents/Projects/pico/pico-sdk/src/rp2_common/pico_standard_link/binary_info.c.obj
 .binary_info.keep.__bi_ptr38
                0x1000a00c        0x4 CMakeFiles/Halloween-Laser.dir/home/aidancrowther/Documents/Projects/pico/pico-sdk/src/rp2_common/pico_standard_link/binary_info.c.obj
 .binary_info.keep.__bi_ptr30
                0x1000a010        0x4 CMakeFiles/Halloween-Laser.dir/home/aidancrowther/Documents/Projects/pico/pico-sdk/src/rp2_common/pico_standard_link/binary_info.c.obj
 .binary_info.keep.__bi_ptr22
                0x1000a014        0x4 CMakeFiles/Halloween-Laser.dir/home/aidancrowther/Documents/Projects/pico/pico-sdk/src/rp2_common/pico_standard_link/binary_info.c.obj
 *(.binary_info.*)
 .binary_info.__bi_ptr29
                0x1000a018        0x4 CMakeFiles/Halloween-Laser.dir/home/aidancrowther/Documents/Projects/pico/pico-sdk/src/rp2_common/pico_stdio_uart/stdio_uart.c.obj
 .binary_info.__bi_ptr28
                0x1000a01c        0x4 CMakeFiles/Halloween-Laser.dir/home/aidancrowther/Documents/Projects/pico/pico-sdk/src/rp2_common/pico_stdio_uart/stdio_uart.c.obj
 .binary_info.__bi_ptr93
                0x1000a020        0x4 CMakeFiles/Halloween-Laser.dir/home/aidancrowther/Documents/Projects/pico/pico-sdk/src/rp2_common/pico_stdio_usb/stdio_usb.c.obj
                0x1000a024                        __binary_info_end = .
                0x1000a024                        . = ALIGN (0x4)
                0x1000a024                        __etext = .

.ram_vector_table
                0x20000000       0xc0
 *(.ram_vector_table)
 .ram_vector_table
                0x20000000       0xc0 CMakeFiles/Halloween-Laser.dir/home/aidancrowther/Documents/Projects/pico/pico-sdk/src/rp2_common/pico_runtime/runtime.c.obj
                0x20000000                ram_vector_table

.data           0x200000c0      0x7c4 load address 0x1000a024
                0x200000c0                        __data_start__ = .
 *(vtable)
 *(.time_critical*)
 .time_critical.mutex_enter_blocking
                0x200000c0       0x4c CMakeFiles/Halloween-Laser.dir/home/aidancrowther/Documents/Projects/pico/pico-sdk/src/common/pico_sync/mutex.c.obj
                0x200000c0                mutex_enter_blocking
 .time_critical.mutex_try_enter
                0x2000010c       0x40 CMakeFiles/Halloween-Laser.dir/home/aidancrowther/Documents/Projects/pico/pico-sdk/src/common/pico_sync/mutex.c.obj
                0x2000010c                mutex_try_enter
 .time_critical.mutex_enter_timeout_ms
                0x2000014c       0x90 CMakeFiles/Halloween-Laser.dir/home/aidancrowther/Documents/Projects/pico/pico-sdk/src/common/pico_sync/mutex.c.obj
                0x2000014c                mutex_enter_timeout_ms
 .time_critical.mutex_exit
                0x200001dc       0x28 CMakeFiles/Halloween-Laser.dir/home/aidancrowther/Documents/Projects/pico/pico-sdk/src/common/pico_sync/mutex.c.obj
                0x200001dc                mutex_exit
 *(.text*)
 .text          0x20000204        0x4 /usr/lib/gcc/arm-none-eabi/14.1.0/thumb/v6-m/nofp/libgcc.a(_dvmd_tls.o)
                0x20000204                __aeabi_ldiv0
                0x20000204                __aeabi_idiv0
 .text.__stub   0x20000208       0x30 linker stubs
                0x20000238                        . = ALIGN (0x4)
 *(.rodata*)
                0x20000238                        . = ALIGN (0x4)
 *(.data*)
 .data.striped_spin_lock_num
                0x20000238        0x1 CMakeFiles/Halloween-Laser.dir/home/aidancrowther/Documents/Projects/pico/pico-sdk/src/rp2_common/hardware_sync/sync.c.obj
 *fill*         0x20000239        0x3 
 .data.default_alarm_pool
                0x2000023c       0x18 CMakeFiles/Halloween-Laser.dir/home/aidancrowther/Documents/Projects/pico/pico-sdk/src/common/pico_time/time.c.obj
 .data.default_alarm_pool_heap
                0x20000254       0x10 CMakeFiles/Halloween-Laser.dir/home/aidancrowther/Documents/Projects/pico/pico-sdk/src/common/pico_time/time.c.obj
 .data          0x20000264       0x48 CMakeFiles/Halloween-Laser.dir/home/aidancrowther/Documents/Projects/pico/pico-sdk/src/rp2_common/hardware_irq/irq_handler_chain.S.obj
                0x20000264                irq_handler_chain_slots
                0x20000294                irq_handler_chain_first_slot
                0x2000029e                irq_handler_chain_remove_tail
 *fill*         0x200002ac        0x4 
 .data.aeabi_bits_funcs
                0x200002b0       0x10 CMakeFiles/Halloween-Laser.dir/home/aidancrowther/Documents/Projects/pico/pico-sdk/src/rp2_common/pico_bit_ops/bit_ops_aeabi.S.obj
                0x200002b0                aeabi_bits_funcs
                0x200002c0                aeabi_bits_funcs_end
 .data.aeabi_mem_funcs
                0x200002c0       0x10 CMakeFiles/Halloween-Laser.dir/home/aidancrowther/Documents/Projects/pico/pico-sdk/src/rp2_common/pico_mem_ops/mem_ops_aeabi.S.obj
                0x200002c0                aeabi_mem_funcs
                0x200002d0                aeabi_mem_funcs_end
 .data.stdio_uart
                0x200002d0       0x14 CMakeFiles/Halloween-Laser.dir/home/aidancrowther/Documents/Projects/pico/pico-sdk/src/rp2_common/pico_stdio_uart/stdio_uart.c.obj
                0x200002d0                stdio_uart
 .data.stdio_usb
                0x200002e4       0x14 CMakeFiles/Halloween-Laser.dir/home/aidancrowther/Documents/Projects/pico/pico-sdk/src/rp2_common/pico_stdio_usb/stdio_usb.c.obj
                0x200002e4                stdio_usb
 .data.ep_dir_string
                0x200002f8        0x8 CMakeFiles/Halloween-Laser.dir/home/aidancrowther/Documents/Projects/pico/pico-sdk/lib/tinyusb/src/portable/raspberrypi/rp2040/rp2040_usb.c.obj
                0x200002f8                ep_dir_string
 .data._usbd_qdef
                0x20000300       0x20 CMakeFiles/Halloween-Laser.dir/home/aidancrowther/Documents/Projects/pico/pico-sdk/lib/tinyusb/src/device/usbd.c.obj
                0x20000300                _usbd_qdef
 .data.__malloc_sbrk_base
                0x20000320        0x4 /usr/lib/gcc/arm-none-eabi/14.1.0/../../../../arm-none-eabi/lib/thumb/v6-m/nofp/libc.a(libc_a-mallocr.o)
                0x20000320                __malloc_sbrk_base
 .data.__malloc_trim_threshold
                0x20000324        0x4 /usr/lib/gcc/arm-none-eabi/14.1.0/../../../../arm-none-eabi/lib/thumb/v6-m/nofp/libc.a(libc_a-mallocr.o)
                0x20000324                __malloc_trim_threshold
 .data.__malloc_av_
                0x20000328      0x408 /usr/lib/gcc/arm-none-eabi/14.1.0/../../../../arm-none-eabi/lib/thumb/v6-m/nofp/libc.a(libc_a-mallocr.o)
                0x20000328                __malloc_av_
 .data._impure_ptr
                0x20000730        0x4 /usr/lib/gcc/arm-none-eabi/14.1.0/../../../../arm-none-eabi/lib/thumb/v6-m/nofp/libc.a(libc_a-impure.o)
                0x20000730                _impure_ptr
 *fill*         0x20000734        0x4 
 .data._impure_data
                0x20000738      0x120 /usr/lib/gcc/arm-none-eabi/14.1.0/../../../../arm-none-eabi/lib/thumb/v6-m/nofp/libc.a(libc_a-impure.o)
                0x20000738                _impure_data
 .data.__atexit_recursive_mutex
                0x20000858        0x4 /usr/lib/gcc/arm-none-eabi/14.1.0/../../../../arm-none-eabi/lib/thumb/v6-m/nofp/libc.a(libc_a-__call_atexit.o)
                0x20000858                __atexit_recursive_mutex
                0x2000085c                        . = ALIGN (0x4)
 *(.after_data.*)
                0x2000085c                        . = ALIGN (0x4)
                0x2000085c                        PROVIDE (__mutex_array_start = .)
 *(SORT_BY_NAME(.mutex_array.*))
 *(.mutex_array)
 .mutex_array   0x2000085c        0x8 CMakeFiles/Halloween-Laser.dir/home/aidancrowther/Documents/Projects/pico/pico-sdk/src/rp2_common/pico_malloc/pico_malloc.c.obj
 .mutex_array   0x20000864        0x8 CMakeFiles/Halloween-Laser.dir/home/aidancrowther/Documents/Projects/pico/pico-sdk/src/rp2_common/pico_stdio/stdio.c.obj
                0x2000086c                        PROVIDE (__mutex_array_end = .)
                0x2000086c                        . = ALIGN (0x4)
                0x2000086c                        PROVIDE (__preinit_array_start = .)
 *(SORT_BY_NAME(.preinit_array.*))
 .preinit_array.00001
                0x2000086c        0x4 CMakeFiles/Halloween-Laser.dir/home/aidancrowther/Documents/Projects/pico/pico-sdk/src/rp2_common/pico_mem_ops/mem_ops_aeabi.S.obj
 .preinit_array.00010
                0x20000870        0x4 CMakeFiles/Halloween-Laser.dir/home/aidancrowther/Documents/Projects/pico/pico-sdk/src/rp2_common/pico_bit_ops/bit_ops_aeabi.S.obj
 .preinit_array.00020
                0x20000874        0x4 CMakeFiles/Halloween-Laser.dir/home/aidancrowther/Documents/Projects/pico/pico-sdk/src/rp2_common/pico_double/double_aeabi.S.obj
 .preinit_array.00020
                0x20000878        0x4 CMakeFiles/Halloween-Laser.dir/home/aidancrowther/Documents/Projects/pico/pico-sdk/src/rp2_common/pico_float/float_aeabi.S.obj
 *(.preinit_array)
                0x2000087c                        PROVIDE (__preinit_array_end = .)
                0x2000087c                        . = ALIGN (0x4)
                0x2000087c                        PROVIDE (__init_array_start = .)
 *(SORT_BY_NAME(.init_array.*))
 .init_array.00000
                0x2000087c        0x4 /usr/lib/gcc/arm-none-eabi/14.1.0/../../../../arm-none-eabi/lib/thumb/v6-m/nofp/libc.a(libc_a-__call_atexit.o)
 *(.init_array)
 .init_array    0x20000880        0x4 /usr/lib/gcc/arm-none-eabi/14.1.0/thumb/v6-m/nofp/crtbegin.o
                0x20000884                        PROVIDE (__init_array_end = .)
                0x20000884                        . = ALIGN (0x4)
                0x20000884                        PROVIDE (__fini_array_start = .)
 *(SORT_BY_NAME(.fini_array.*))
 *(.fini_array)
                0x20000884                        PROVIDE (__fini_array_end = .)
 *(.jcr)
                0x20000884                        . = ALIGN (0x4)
                0x20000884                        __data_end__ = .

.igot.plt       0x20000884        0x0 load address 0x1000a7e8
 .igot.plt      0x20000884        0x0 /usr/lib/gcc/arm-none-eabi/14.1.0/thumb/v6-m/nofp/crtbegin.o

.uninitialized_data
                0x20000884        0x0 load address 0x1000a7e8
                0x20000884                        . = ALIGN (0x4)
 *(.uninitialized_data*)

.scratch_x      0x20040000        0x0 load address 0x1000a7e8
                0x20040000                        __scratch_x_start__ = .
 *(.scratch_x.*)
                0x20040000                        . = ALIGN (0x4)
                0x20040000                        __scratch_x_end__ = .
                0x1000a7e8                        __scratch_x_source__ = LOADADDR (.scratch_x)

.scratch_y      0x20041000        0x0 load address 0x1000a7e8
                0x20041000                        __scratch_y_start__ = .
 *(.scratch_y.*)
                0x20041000                        . = ALIGN (0x4)
                0x20041000                        __scratch_y_end__ = .
                0x1000a7e8                        __scratch_y_source__ = LOADADDR (.scratch_y)

.bss            0x20000888     0x15d8
                0x20000888                        . = ALIGN (0x4)
                0x20000888                        __bss_start__ = .
 *(SORT_BY_ALIGNMENT(SORT_BY_NAME(.bss*)))
 .bss.config_buffer
                0x20000888      0x100 CMakeFiles/Halloween-Laser.dir/Halloween-Laser.c.obj
                0x20000888                config_buffer
 .bss.configured_freq
                0x20000988       0x28 CMakeFiles/Halloween-Laser.dir/home/aidancrowther/Documents/Projects/pico/pico-sdk/src/rp2_common/hardware_clocks/clocks.c.obj
 .bss.default_alarm_pool_entries
                0x200009b0      0x100 CMakeFiles/Halloween-Laser.dir/home/aidancrowther/Documents/Projects/pico/pico-sdk/src/common/pico_time/time.c.obj
 .bss.devices   0x20000ab0        0x8 CMakeFiles/Halloween-Laser.dir/Halloween-Laser.c.obj
                0x20000ab0                devices
 .bss.last_avail_time.1
                0x20000ab8        0x8 CMakeFiles/Halloween-Laser.dir/home/aidancrowther/Documents/Projects/pico/pico-sdk/src/rp2_common/pico_stdio_usb/stdio_usb.c.obj
 .bss.positions
                0x20000ac0        0x8 CMakeFiles/Halloween-Laser.dir/Halloween-Laser.c.obj
                0x20000ac0                positions
 .bss.sd_table  0x20000ac8      0x100 CMakeFiles/Halloween-Laser.dir/home/aidancrowther/Documents/Projects/pico/pico-sdk/src/rp2_common/pico_double/double_init_rom.c.obj
                0x20000ac8                sd_table
 .bss.sf_table  0x20000bc8      0x100 CMakeFiles/Halloween-Laser.dir/home/aidancrowther/Documents/Projects/pico/pico-sdk/src/rp2_common/pico_float/float_init_rom.c.obj
                0x20000bc8                sf_table
 .bss.XAxis     0x20000cc8        0x4 CMakeFiles/Halloween-Laser.dir/Halloween-Laser.c.obj
                0x20000cc8                XAxis
 .bss.YAxis     0x20000ccc        0x4 CMakeFiles/Halloween-Laser.dir/Halloween-Laser.c.obj
                0x20000ccc                YAxis
 .bss.__atexit  0x20000cd0        0x4 /usr/lib/gcc/arm-none-eabi/14.1.0/../../../../arm-none-eabi/lib/thumb/v6-m/nofp/libc.a(libc_a-__call_atexit.o)
                0x20000cd0                __atexit
 .bss.__atexit0
                0x20000cd4      0x190 /usr/lib/gcc/arm-none-eabi/14.1.0/../../../../arm-none-eabi/lib/thumb/v6-m/nofp/libc.a(libc_a-__atexit.o)
                0x20000cd4                __atexit0
 .bss.__lock___atexit_recursive_mutex
                0x20000e64        0x1 /usr/lib/gcc/arm-none-eabi/14.1.0/../../../../arm-none-eabi/lib/thumb/v6-m/nofp/libc.a(libc_a-lock.o)
                0x20000e64                __lock___atexit_recursive_mutex
 *fill*         0x20000e65        0x3 
 .bss.__lock___malloc_recursive_mutex
                0x20000e68        0x1 /usr/lib/gcc/arm-none-eabi/14.1.0/../../../../arm-none-eabi/lib/thumb/v6-m/nofp/libc.a(libc_a-lock.o)
                0x20000e68                __lock___malloc_recursive_mutex
 *fill*         0x20000e69        0x3 
 .bss.__malloc_current_mallinfo
                0x20000e6c       0x28 /usr/lib/gcc/arm-none-eabi/14.1.0/../../../../arm-none-eabi/lib/thumb/v6-m/nofp/libc.a(libc_a-mallocr.o)
                0x20000e6c                __malloc_current_mallinfo
 .bss.__malloc_max_sbrked_mem
                0x20000e94        0x4 /usr/lib/gcc/arm-none-eabi/14.1.0/../../../../arm-none-eabi/lib/thumb/v6-m/nofp/libc.a(libc_a-mallocr.o)
                0x20000e94                __malloc_max_sbrked_mem
 .bss.__malloc_max_total_mem
                0x20000e98        0x4 /usr/lib/gcc/arm-none-eabi/14.1.0/../../../../arm-none-eabi/lib/thumb/v6-m/nofp/libc.a(libc_a-mallocr.o)
                0x20000e98                __malloc_max_total_mem
 .bss.__malloc_top_pad
                0x20000e9c        0x4 /usr/lib/gcc/arm-none-eabi/14.1.0/../../../../arm-none-eabi/lib/thumb/v6-m/nofp/libc.a(libc_a-mallocr.o)
                0x20000e9c                __malloc_top_pad
 .bss.__sf      0x20000ea0      0x138 /usr/lib/gcc/arm-none-eabi/14.1.0/../../../../arm-none-eabi/lib/thumb/v6-m/nofp/libc.a(libc_a-findfp.o)
                0x20000ea0                __sf
 .bss._app_driver
                0x20000fd8        0x4 CMakeFiles/Halloween-Laser.dir/home/aidancrowther/Documents/Projects/pico/pico-sdk/lib/tinyusb/src/device/usbd.c.obj
 .bss._cdcd_itf
                0x20000fdc      0x2d0 CMakeFiles/Halloween-Laser.dir/home/aidancrowther/Documents/Projects/pico/pico-sdk/lib/tinyusb/src/class/cdc/cdc_device.c.obj
 .bss._ctrl_xfer
                0x200012ac       0x14 CMakeFiles/Halloween-Laser.dir/home/aidancrowther/Documents/Projects/pico/pico-sdk/lib/tinyusb/src/device/usbd_control.c.obj
 .bss._ubsd_mutexdef
                0x200012c0        0x8 CMakeFiles/Halloween-Laser.dir/home/aidancrowther/Documents/Projects/pico/pico-sdk/lib/tinyusb/src/device/usbd.c.obj
 .bss._usbd_ctrl_buf
                0x200012c8       0x40 CMakeFiles/Halloween-Laser.dir/home/aidancrowther/Documents/Projects/pico/pico-sdk/lib/tinyusb/src/device/usbd_control.c.obj
 .bss._usbd_dev
                0x20001308       0x37 CMakeFiles/Halloween-Laser.dir/home/aidancrowther/Documents/Projects/pico/pico-sdk/lib/tinyusb/src/device/usbd.c.obj
 *fill*         0x2000133f        0x1 
 .bss._usbd_mutex
                0x20001340        0x4 CMakeFiles/Halloween-Laser.dir/home/aidancrowther/Documents/Projects/pico/pico-sdk/lib/tinyusb/src/device/usbd.c.obj
 .bss._usbd_q   0x20001344        0x4 CMakeFiles/Halloween-Laser.dir/home/aidancrowther/Documents/Projects/pico/pico-sdk/lib/tinyusb/src/device/usbd.c.obj
 .bss._usbd_qdef_buf
                0x20001348       0xc0 CMakeFiles/Halloween-Laser.dir/home/aidancrowther/Documents/Projects/pico/pico-sdk/lib/tinyusb/src/device/usbd.c.obj
                0x20001348                _usbd_qdef_buf
 .bss._used_instruction_space
                0x20001408        0x8 CMakeFiles/Halloween-Laser.dir/home/aidancrowther/Documents/Projects/pico/pico-sdk/src/rp2_common/hardware_pio/pio.c.obj
 .bss.alarm_callbacks
                0x20001410       0x10 CMakeFiles/Halloween-Laser.dir/home/aidancrowther/Documents/Projects/pico/pico-sdk/src/rp2_common/hardware_timer/timer.c.obj
 .bss.buffer_one
                0x20001420        0x4 CMakeFiles/Halloween-Laser.dir/Halloween-Laser.c.obj
                0x20001420                buffer_one
 .bss.buffer_two
                0x20001424        0x4 CMakeFiles/Halloween-Laser.dir/Halloween-Laser.c.obj
                0x20001424                buffer_two
 .bss.claimed   0x20001428        0x4 CMakeFiles/Halloween-Laser.dir/home/aidancrowther/Documents/Projects/pico/pico-sdk/src/rp2_common/hardware_sync/sync.c.obj
 .bss.default_alarm_pool_entry_ids_high
                0x2000142c       0x10 CMakeFiles/Halloween-Laser.dir/home/aidancrowther/Documents/Projects/pico/pico-sdk/src/common/pico_time/time.c.obj
 .bss.default_alarm_pool_heap_nodes
                0x2000143c       0x30 CMakeFiles/Halloween-Laser.dir/home/aidancrowther/Documents/Projects/pico/pico-sdk/src/common/pico_time/time.c.obj
 .bss.desc_str.0